Component: ARM Compiler 5.05 update 1 (build 106) Tool: armlink [4d0efa]

==============================================================================

Section Cross References

    startup_stm32f10x_md.o(STACK) refers (Special) to heapauxi.o(.text) for __use_two_region_memory
    startup_stm32f10x_md.o(HEAP) refers (Special) to heapauxi.o(.text) for __use_two_region_memory
    startup_stm32f10x_md.o(RESET) refers (Special) to heapauxi.o(.text) for __use_two_region_memory
    startup_stm32f10x_md.o(RESET) refers to startup_stm32f10x_md.o(STACK) for __initial_sp
    startup_stm32f10x_md.o(RESET) refers to startup_stm32f10x_md.o(.text) for Reset_Handler
    startup_stm32f10x_md.o(RESET) refers to stm32f10x_it.o(i.NMI_Handler) for NMI_Handler
    startup_stm32f10x_md.o(RESET) refers to stm32f10x_it.o(i.HardFault_Handler) for HardFault_Handler
    startup_stm32f10x_md.o(RESET) refers to stm32f10x_it.o(i.MemManage_Handler) for MemManage_Handler
    startup_stm32f10x_md.o(RESET) refers to stm32f10x_it.o(i.BusFault_Handler) for BusFault_Handler
    startup_stm32f10x_md.o(RESET) refers to stm32f10x_it.o(i.UsageFault_Handler) for UsageFault_Handler
    startup_stm32f10x_md.o(RESET) refers to stm32f10x_it.o(i.SVC_Handler) for SVC_Handler
    startup_stm32f10x_md.o(RESET) refers to stm32f10x_it.o(i.DebugMon_Handler) for DebugMon_Handler
    startup_stm32f10x_md.o(RESET) refers to stm32f10x_it.o(i.PendSV_Handler) for PendSV_Handler
    startup_stm32f10x_md.o(RESET) refers to stm32f10x_it.o(i.SysTick_Handler) for SysTick_Handler
    startup_stm32f10x_md.o(RESET) refers to main.o(i.TIM2_IRQHandler) for TIM2_IRQHandler
    startup_stm32f10x_md.o(.text) refers (Special) to heapauxi.o(.text) for __use_two_region_memory
    startup_stm32f10x_md.o(.text) refers to system_stm32f10x.o(i.SystemInit) for SystemInit
    startup_stm32f10x_md.o(.text) refers to __main.o(!!!main) for __main
    startup_stm32f10x_md.o(.text) refers to startup_stm32f10x_md.o(HEAP) for Heap_Mem
    startup_stm32f10x_md.o(.text) refers to startup_stm32f10x_md.o(STACK) for Stack_Mem
    system_stm32f10x.o(i.SetSysClock) refers to system_stm32f10x.o(i.SetSysClockTo72) for SetSysClockTo72
    system_stm32f10x.o(i.SystemCoreClockUpdate) refers to system_stm32f10x.o(.data) for SystemCoreClock
    system_stm32f10x.o(i.SystemInit) refers to system_stm32f10x.o(i.SetSysClock) for SetSysClock
    stm32f10x_adc.o(i.ADC_DeInit) refers to stm32f10x_rcc.o(i.RCC_APB2PeriphResetCmd) for RCC_APB2PeriphResetCmd
    stm32f10x_bkp.o(i.BKP_DeInit) refers to stm32f10x_rcc.o(i.RCC_BackupResetCmd) for RCC_BackupResetCmd
    stm32f10x_can.o(i.CAN_DeInit) refers to stm32f10x_rcc.o(i.RCC_APB1PeriphResetCmd) for RCC_APB1PeriphResetCmd
    stm32f10x_can.o(i.CAN_GetITStatus) refers to stm32f10x_can.o(i.CheckITStatus) for CheckITStatus
    stm32f10x_cec.o(i.CEC_DeInit) refers to stm32f10x_rcc.o(i.RCC_APB1PeriphResetCmd) for RCC_APB1PeriphResetCmd
    stm32f10x_dac.o(i.DAC_DeInit) refers to stm32f10x_rcc.o(i.RCC_APB1PeriphResetCmd) for RCC_APB1PeriphResetCmd
    stm32f10x_flash.o(i.FLASH_EnableWriteProtection) refers to stm32f10x_flash.o(i.FLASH_WaitForLastOperation) for FLASH_WaitForLastOperation
    stm32f10x_flash.o(i.FLASH_EraseAllBank1Pages) refers to stm32f10x_flash.o(i.FLASH_WaitForLastBank1Operation) for FLASH_WaitForLastBank1Operation
    stm32f10x_flash.o(i.FLASH_EraseAllPages) refers to stm32f10x_flash.o(i.FLASH_WaitForLastOperation) for FLASH_WaitForLastOperation
    stm32f10x_flash.o(i.FLASH_EraseOptionBytes) refers to stm32f10x_flash.o(i.FLASH_GetReadOutProtectionStatus) for FLASH_GetReadOutProtectionStatus
    stm32f10x_flash.o(i.FLASH_EraseOptionBytes) refers to stm32f10x_flash.o(i.FLASH_WaitForLastOperation) for FLASH_WaitForLastOperation
    stm32f10x_flash.o(i.FLASH_ErasePage) refers to stm32f10x_flash.o(i.FLASH_WaitForLastOperation) for FLASH_WaitForLastOperation
    stm32f10x_flash.o(i.FLASH_ProgramHalfWord) refers to stm32f10x_flash.o(i.FLASH_WaitForLastOperation) for FLASH_WaitForLastOperation
    stm32f10x_flash.o(i.FLASH_ProgramOptionByteData) refers to stm32f10x_flash.o(i.FLASH_WaitForLastOperation) for FLASH_WaitForLastOperation
    stm32f10x_flash.o(i.FLASH_ProgramWord) refers to stm32f10x_flash.o(i.FLASH_WaitForLastOperation) for FLASH_WaitForLastOperation
    stm32f10x_flash.o(i.FLASH_ReadOutProtection) refers to stm32f10x_flash.o(i.FLASH_WaitForLastOperation) for FLASH_WaitForLastOperation
    stm32f10x_flash.o(i.FLASH_UserOptionByteConfig) refers to stm32f10x_flash.o(i.FLASH_WaitForLastOperation) for FLASH_WaitForLastOperation
    stm32f10x_flash.o(i.FLASH_WaitForLastBank1Operation) refers to stm32f10x_flash.o(i.FLASH_GetBank1Status) for FLASH_GetBank1Status
    stm32f10x_flash.o(i.FLASH_WaitForLastOperation) refers to stm32f10x_flash.o(i.FLASH_GetBank1Status) for FLASH_GetBank1Status
    stm32f10x_gpio.o(i.GPIO_AFIODeInit) refers to stm32f10x_rcc.o(i.RCC_APB2PeriphResetCmd) for RCC_APB2PeriphResetCmd
[...]
    __scatterload_copy                       0x08000129   Thumb Code    26  __scatter_copy.o(!!handler_copy)
    __scatterload_zeroinit                   0x08000145   Thumb Code    28  __scatter_zi.o(!!handler_zi)
    _printf_n                                0x08000161   Thumb Code     0  _printf_n.o(.ARM.Collect$$_printf_percent$$00000001)
    _printf_percent                          0x08000161   Thumb Code     0  _printf_percent.o(.ARM.Collect$$_printf_percent$$00000000)
    _printf_p                                0x08000167   Thumb Code     0  _printf_p.o(.ARM.Collect$$_printf_percent$$00000002)
    _printf_f                                0x0800016d   Thumb Code     0  _printf_f.o(.ARM.Collect$$_printf_percent$$00000003)
    _printf_e                                0x08000173   Thumb Code     0  _printf_e.o(.ARM.Collect$$_printf_percent$$00000004)
    _printf_g                                0x08000179   Thumb Code     0  _printf_g.o(.ARM.Collect$$_printf_percent$$00000005)
    _printf_a                                0x0800017f   Thumb Code     0  _printf_a.o(.ARM.Collect$$_printf_percent$$00000006)
    _printf_ll                               0x08000185   Thumb Code     0  _printf_ll.o(.ARM.Collect$$_printf_percent$$00000007)
    _printf_i                                0x0800018f   Thumb Code     0  _printf_i.o(.ARM.Collect$$_printf_percent$$00000008)
    _printf_d                                0x08000195   Thumb Code     0  _printf_d.o(.ARM.Collect$$_printf_percent$$00000009)
    _printf_u                                0x0800019b   Thumb Code     0  _printf_u.o(.ARM.Collect$$_printf_percent$$0000000A)
    _printf_o                                0x080001a1   Thumb Code     0  _printf_o.o(.ARM.Collect$$_printf_percent$$0000000B)
    _printf_x                                0x080001a7   Thumb Code     0  _printf_x.o(.ARM.Collect$$_printf_percent$$0000000C)
    _printf_lli                              0x080001ad   Thumb Code     0  _printf_lli.o(.ARM.Collect$$_printf_percent$$0000000D)
    _printf_lld                              0x080001b3   Thumb Code     0  _printf_lld.o(.ARM.Collect$$_printf_percent$$0000000E)
    _printf_llu                              0x080001b9   Thumb Code     0  _printf_llu.o(.ARM.Collect$$_printf_percent$$0000000F)
    _printf_llo                              0x080001bf   Thumb Code     0  _printf_llo.o(.ARM.Collect$$_printf_percent$$00000010)
    _printf_llx                              0x080001c5   Thumb Code     0  _printf_llx.o(.ARM.Collect$$_printf_percent$$00000011)
    _printf_l                                0x080001cb   Thumb Code     0  _printf_l.o(.ARM.Collect$$_printf_percent$$00000012)
    _printf_c                                0x080001d5   Thumb Code     0  _printf_c.o(.ARM.Collect$$_printf_percent$$00000013)
    _printf_s                                0x080001db   Thumb Code     0  _printf_s.o(.ARM.Collect$$_printf_percent$$00000014)
    _printf_lc                               0x080001e1   Thumb Code     0  _printf_lc.o(.ARM.Collect$$_printf_percent$$00000015)
    _printf_ls                               0x080001e7   Thumb Code     0  _printf_ls.o(.ARM.Collect$$_printf_percent$$00000016)
    _printf_percent_end                      0x080001ed   Thumb Code     0  _printf_percent_end.o(.ARM.Collect$$_printf_percent$$00000017)
    __rt_lib_init                            0x080001f1   Thumb Code     0  libinit.o(.ARM.Collect$$libinit$$00000000)
    __rt_lib_init_fp_1                       0x080001f3   Thumb Code     0  libinit2.o(.ARM.Collect$$libinit$$00000002)
    __rt_lib_init_heap_1                     0x080001f3   Thumb Code     0  libinit2.o(.ARM.Collect$$libinit$$0000000A)
    __rt_lib_init_preinit_1                  0x080001f3   Thumb Code     0  libinit2.o(.ARM.Collect$$libinit$$00000004)
    __rt_lib_init_rand_2                     0x080001f3   Thumb Code     0  libinit2.o(.ARM.Collect$$libinit$$0000000D)
    __rt_lib_init_user_alloc_1               0x080001f3   Thumb Code     0  libinit2.o(.ARM.Collect$$libinit$$0000000C)
    __rt_lib_init_lc_common                  0x080001f7   Thumb Code     0  libinit2.o(.ARM.Collect$$libinit$$0000000F)
    __rt_lib_init_rand_1                     0x080001f7   Thumb Code     0  libinit2.o(.ARM.Collect$$libinit$$0000000E)
    __rt_lib_init_lc_collate_1               0x080001fd   Thumb Code     0  libinit2.o(.ARM.Collect$$libinit$$00000011)
    __rt_lib_init_lc_ctype_2                 0x080001fd   Thumb Code     0  libinit2.o(.ARM.Collect$$libinit$$00000012)
    __rt_lib_init_lc_ctype_1                 0x08000209   Thumb Code     0  libinit2.o(.ARM.Collect$$libinit$$00000013)
    __rt_lib_init_lc_monetary_1              0x08000209   Thumb Code     0  libinit2.o(.ARM.Collect$$libinit$$00000015)
    __rt_lib_init_lc_numeric_2               0x08000209   Thumb Code     0  libinit2.o(.ARM.Collect$$libinit$$00000016)
    __rt_lib_init_alloca_1                   0x08000213   Thumb Code     0  libinit2.o(.ARM.Collect$$libinit$$0000002E)
    __rt_lib_init_argv_1                     0x08000213   Thumb Code     0  libinit2.o(.ARM.Collect$$libinit$$0000002C)
    __rt_lib_init_atexit_1                   0x08000213   Thumb Code     0  libinit2.o(.ARM.Collect$$libinit$$0000001B)
    __rt_lib_init_clock_1                    0x08000213   Thumb Code     0  libinit2.o(.ARM.Collect$$libinit$$00000021)
    __rt_lib_init_cpp_1                      0x08000213   Thumb Code     0  libinit2.o(.ARM.Collect$$libinit$$00000032)
    __rt_lib_init_exceptions_1               0x08000213   Thumb Code     0  libinit2.o(.ARM.Collect$$libinit$$00000030)
    __rt_lib_init_fp_trap_1                  0x08000213   Thumb Code     0  libinit2.o(.ARM.Collect$$libinit$$0000001F)
    __rt_lib_init_getenv_1                   0x08000213   Thumb Code     0  libinit2.o(.ARM.Collect$$libinit$$00000023)
    __rt_lib_init_lc_numeric_1               0x08000213   Thumb Code     0  libinit2.o(.ARM.Collect$$libinit$$00000017)
    __rt_lib_init_lc_time_1                  0x08000213   Thumb Code     0  libinit2.o(.ARM.Collect$$libinit$$00000019)
    __rt_lib_init_return                     0x08000213   Thumb Code     0  libinit2.o(.ARM.Collect$$libinit$$00000033)
    __rt_lib_init_signal_1                   0x08000213   Thumb Code     0  libinit2.o(.ARM.Collect$$libinit$$0000001D)
    __rt_lib_init_stdio_1                    0x08000213   Thumb Code     0  libinit2.o(.ARM.Collect$$libinit$$00000025)
    __rt_lib_shutdown                        0x08000215   Thumb Code     0  libshutdown.o(.ARM.Collect$$libshutdown$$00000000)
    __rt_lib_shutdown_fp_trap_1              0x08000217   Thumb Code     0  libshutdown2.o(.ARM.Collect$$libshutdown$$00000006)
    __rt_lib_shutdown_heap_1                 0x08000217   Thumb Code     0  libshutdown2.o(.ARM.Collect$$libshutdown$$0000000E)
    __rt_lib_shutdown_return                 0x08000217   Thumb Code     0  libshutdown2.o(.ARM.Collect$$libshutdown$$0000000F)
    __rt_lib_shutdown_signal_1               0x08000217   Thumb Code     0  libshutdown2.o(.ARM.Collect$$libshutdown$$00000009)
    __rt_lib_shutdown_stdio_1                0x08000217   Thumb Code     0  libshutdown2.o(.ARM.Collect$$libshutdown$$00000003)
    __rt_lib_shutdown_user_alloc_1           0x08000217   Thumb Code     0  libshutdown2.o(.ARM.Collect$$libshutdown$$0000000B)
    __rt_entry                               0x08000219   Thumb Code     0  __rtentry.o(.ARM.Collect$$rtentry$$00000000)
    __rt_entry_presh_1                       0x08000219   Thumb Code     0  __rtentry2.o(.ARM.Collect$$rtentry$$00000002)
    __rt_entry_sh                            0x08000219   Thumb Code     0  __rtentry4.o(.ARM.Collect$$rtentry$$00000004)
    __rt_entry_li                            0x0800021f   Thumb Code     0  __rtentry2.o(.ARM.Collect$$rtentry$$0000000A)
    __rt_entry_postsh_1                      0x0800021f   Thumb Code     0  __rtentry2.o(.ARM.Collect$$rtentry$$00000009)
    __rt_entry_main                          0x08000223   Thumb Code     0  __rtentry2.o(.ARM.Collect$$rtentry$$0000000D)
    __rt_entry_postli_1                      0x08000223   Thumb Code     0  __rtentry2.o(.ARM.Collect$$rtentry$$0000000C)
    __rt_exit                                0x0800022b   Thumb Code     0  rtexit.o(.ARM.Collect$$rtexit$$00000000)
    __rt_exit_ls                             0x0800022d   Thumb Code     0  rtexit2.o(.ARM.Collect$$rtexit$$00000003)
    __rt_exit_prels_1                        0x0800022d   Thumb Code     0  rtexit2.o(.ARM.Collect$$rtexit$$00000002)
    __rt_exit_exit                           0x08000231   Thumb Code     0  rtexit2.o(.ARM.Collect$$rtexit$$00000004)
    rand                                     0x08000239   Thumb Code    48  rand.o(.emb_text)
    Reset_Handler                            0x0800026d   Thumb Code     8  startup_stm32f10x_md.o(.text)
    ADC1_2_IRQHandler                        0x08000287   Thumb Code     0  startup_stm32f10x_md.o(.text)
    CAN1_RX1_IRQHandler                      0x08000287   Thumb Code     0  startup_stm32f10x_md.o(.text)
    CAN1_SCE_IRQHandler                      0x08000287   Thumb Code     0  startup_stm32f10x_md.o(.text)
    DMA1_Channel1_IRQHandler                 0x08000287   Thumb Code     0  startup_stm32f10x_md.o(.text)
    DMA1_Channel2_IRQHandler                 0x08000287   Thumb Code     0  startup_stm32f10x_md.o(.text)
    DMA1_Channel3_IRQHandler                 0x08000287   Thumb Code     0  startup_stm32f10x_md.o(.text)
    DMA1_Channel4_IRQHandler                 0x08000287   Thumb Code     0  startup_stm32f10x_md.o(.text)
    DMA1_Channel5_IRQHandler                 0x08000287   Thumb Code     0  startup_stm32f10x_md.o(.text)
    DMA1_Channel6_IRQHandler                 0x08000287   Thumb Code     0  startup_stm32f10x_md.o(.text)
    DMA1_Channel7_IRQHandler                 0x08000287   Thumb Code     0  startup_stm32f10x_md.o(.text)
    EXTI0_IRQHandler                         0x08000287   Thumb Code     0  startup_stm32f10x_md.o(.text)
    EXTI15_10_IRQHandler                     0x08000287   Thumb Code     0  startup_stm32f10x_md.o(.text)
    EXTI1_IRQHandler                         0x08000287   Thumb Code     0  startup_stm32f10x_md.o(.text)
    EXTI2_IRQHandler                         0x08000287   Thumb Code     0  startup_stm32f10x_md.o(.text)
    EXTI3_IRQHandler                         0x08000287   Thumb Code     0  startup_stm32f10x_md.o(.text)
    EXTI4_IRQHandler                         0x08000287   Thumb Code     0  startup_stm32f10x_md.o(.text)
    EXTI9_5_IRQHandler                       0x08000287   Thumb Code     0  startup_stm32f10x_md.o(.text)
    FLASH_IRQHandler                         0x08000287   Thumb Code     0  startup_stm32f10x_md.o(.text)
    I2C1_ER_IRQHandler                       0x08000287   Thumb Code     0  startup_stm32f10x_md.o(.text)
    I2C1_EV_IRQHandler                       0x08000287   Thumb Code     0  startup_stm32f10x_md.o(.text)
    I2C2_ER_IRQHandler                       0x08000287   Thumb Code     0  startup_stm32f10x_md.o(.text)
    I2C2_EV_IRQHandler                       0x08000287   Thumb Code     0  startup_stm32f10x_md.o(.text)
    PVD_IRQHandler                           0x08000287   Thumb Code     0  startup_stm32f10x_md.o(.text)
    RCC_IRQHandler                           0x08000287   Thumb Code     0  startup_stm32f10x_md.o(.text)
    RTCAlarm_IRQHandler                      0x08000287   Thumb Code     0  startup_stm32f10x_md.o(.text)
    RTC_IRQHandler                           0x08000287   Thumb Code     0  startup_stm32f10x_md.o(.text)
    SPI1_IRQHandler                          0x08000287   Thumb Code     0  startup_stm32f10x_md.o(.text)
    SPI2_IRQHandler                          0x08000287   Thumb Code     0  startup_stm32f10x_md.o(.text)
    TAMPER_IRQHandler                        0x08000287   Thumb Code     0  startup_stm32f10x_md.o(.text)
    TIM1_BRK_IRQHandler                      0x08000287   Thumb Code     0  startup_stm32f10x_md.o(.text)
    TIM1_CC_IRQHandler                       0x08000287   Thumb Code     0  startup_stm32f10x_md.o(.text)
    TIM1_TRG_COM_IRQHandler                  0x08000287   Thumb Code     0  startup_stm32f10x_md.o(.text)
    TIM1_UP_IRQHandler                       0x08000287   Thumb Code     0  startup_stm32f10x_md.o(.text)
    TIM3_IRQHandler                          0x08000287   Thumb Code     0  startup_stm32f10x_md.o(.text)
    TIM4_IRQHandler                          0x08000287   Thumb Code     0  startup_stm32f10x_md.o(.text)
    USART1_IRQHandler                        0x08000287   Thumb Code     0  startup_stm32f10x_md.o(.text)
    USART2_IRQHandler                        0x08000287   Thumb Code     0  startup_stm32f10x_md.o(.text)
    USART3_IRQHandler                        0x08000287   Thumb Code     0  startup_stm32f10x_md.o(.text)
    USBWakeUp_IRQHandler                     0x08000287   Thumb Code     0  startup_stm32f10x_md.o(.text)
    USB_HP_CAN1_TX_IRQHandler                0x08000287   Thumb Code     0  startup_stm32f10x_md.o(.text)
    USB_LP_CAN1_RX0_IRQHandler               0x08000287   Thumb Code     0  startup_stm32f10x_md.o(.text)
    WWDG_IRQHandler                          0x08000287   Thumb Code     0  startup_stm32f10x_md.o(.text)
    __user_initial_stackheap                 0x08000289   Thumb Code     0  startup_stm32f10x_md.o(.text)
    vsprintf                                 0x080002ad   Thumb Code    32  vsprintf.o(.text)
    srand                                    0x080002d1   Thumb Code    42  rand.o(.text)
    _rand_init                               0x080002fb   Thumb Code     4  rand.o(.text)
    __aeabi_memcpy4                          0x0800030d   Thumb Code     0  rt_memcpy_w.o(.text)
    __aeabi_memcpy8                          0x0800030d   Thumb Code     0  rt_memcpy_w.o(.text)
    __rt_memcpy_w                            0x0800030d   Thumb Code   100  rt_memcpy_w.o(.text)
    _memcpy_lastbytes_aligned                0x08000355   Thumb Code     0  rt_memcpy_w.o(.text)
    strcmp                                   0x08000371   Thumb Code   128  strcmpv7m.o(.text)
    localtime                                0x080003f1   Thumb Code     6  localtime.o(.text)
    mktime                                   0x0800043b   Thumb Code   352  mktime.o(.text)
    __use_two_region_memory                  0x080005a5   Thumb Code     2  heapauxi.o(.text)
    __rt_heap_escrow$2region                 0x080005a7   Thumb Code     2  heapauxi.o(.text)
    __rt_heap_expand$2region                 0x080005a9   Thumb Code     2  heapauxi.o(.text)
    __read_errno                             0x080005ab   Thumb Code    10  _rserrno.o(.text)
    __set_errno                              0x080005b5   Thumb Code    12  _rserrno.o(.text)
    _printf_pre_padding                      0x080005c1   Thumb Code    44  _printf_pad.o(.text)
    _printf_post_padding                     0x080005ed   Thumb Code    34  _printf_pad.o(.text)
    _printf_truncate_signed                  0x0800060f   Thumb Code    18  _printf_truncate.o(.text)
    _printf_truncate_unsigned                0x08000621   Thumb Code    18  _printf_truncate.o(.text)
    _printf_str                              0x08000633   Thumb Code    82  _printf_str.o(.text)
    _printf_int_dec                          0x08000685   Thumb Code   104  _printf_dec.o(.text)
    _printf_charcount                        0x080006fd   Thumb Code    40  _printf_charcount.o(.text)
    _printf_char_common                      0x0800072f   Thumb Code    32  _printf_char_common.o(.text)
    _sputc                                   0x08000755   Thumb Code    10  _sputc.o(.text)
    _printf_wctomb                           0x08000761   Thumb Code   182  _printf_wctomb.o(.text)
    _printf_longlong_dec                     0x0800081d   Thumb Code   108  _printf_longlong_dec.o(.text)
    _printf_longlong_oct                     0x08000899   Thumb Code    68  _printf_oct_int_ll.o(.text)
    _printf_int_oct                          0x080008dd   Thumb Code    24  _printf_oct_int_ll.o(.text)
    _printf_ll_oct                           0x080008f5   Thumb Code    12  _printf_oct_int_ll.o(.text)
    _printf_longlong_hex                     0x08000909   Thumb Code    86  _printf_hex_int_ll_ptr.o(.text)
    _printf_int_hex                          0x0800095f   Thumb Code    28  _printf_hex_int_ll_ptr.o(.text)
    _printf_ll_hex                           0x0800097b   Thumb Code    12  _printf_hex_int_ll_ptr.o(.text)
    _printf_hex_ptr                          0x08000987   Thumb Code    18  _printf_hex_int_ll_ptr.o(.text)
    __printf                                 0x0800099d   Thumb Code   388  __printf_flags_ss_wp.o(.text)
    _localtime_r                             0x08000b25   Thumb Code   178  localtime_internal.o(.text)
    _n$localtime_r                           0x08000b25   Thumb Code     0  localtime_internal.o(.text)
    __aeabi_errno_addr                       0x08000bdd   Thumb Code     8  rt_errno_addr_intlibspace.o(.text)
    __errno$intlibspace                      0x08000bdd   Thumb Code     0  rt_errno_addr_intlibspace.o(.text)
    __rt_errno_addr$intlibspace              0x08000bdd   Thumb Code     0  rt_errno_addr_intlibspace.o(.text)
    _ll_udiv10                               0x08000be5   Thumb Code   138  lludiv10.o(.text)
    _printf_int_common                       0x08000c6f   Thumb Code   178  _printf_intcommon.o(.text)
    __lib_sel_fp_printf                      0x08000d21   Thumb Code     2  _printf_fp_dec.o(.text)
    _printf_fp_dec_real                      0x08000ecf   Thumb Code   620  _printf_fp_dec.o(.text)
    _printf_fp_hex_real                      0x0800113d   Thumb Code   754  _printf_fp_hex.o(.text)
    _printf_cs_common                        0x08001439   Thumb Code    20  _printf_char.o(.text)
    _printf_char                             0x0800144d   Thumb Code    16  _printf_char.o(.text)
    _printf_string                           0x0800145d   Thumb Code     8  _printf_char.o(.text)
    _printf_lcs_common                       0x08001465   Thumb Code    20  _printf_wchar.o(.text)
    _printf_wchar                            0x08001479   Thumb Code    16  _printf_wchar.o(.text)
    _printf_wstring                          0x08001489   Thumb Code     8  _printf_wchar.o(.text)
    _wcrtomb                                 0x08001491   Thumb Code    64  _wcrtomb.o(.text)
    __aeabi_memclr4                          0x080014d1   Thumb Code     0  rt_memclr_w.o(.text)
    __aeabi_memclr8                          0x080014d1   Thumb Code     0  rt_memclr_w.o(.text)
    __rt_memclr_w                            0x080014d1   Thumb Code    78  rt_memclr_w.o(.text)
    _memset_w                                0x080014d5   Thumb Code     0  rt_memclr_w.o(.text)
    __user_libspace                          0x08001521   Thumb Code     8  libspace.o(.text)
    __user_perproc_libspace                  0x08001521   Thumb Code     0  libspace.o(.text)
    __user_perthread_libspace                0x08001521   Thumb Code     0  libspace.o(.text)
    __user_setup_stackheap                   0x08001529   Thumb Code    74  sys_stackheap_outer.o(.text)
    __rt_ctype_table                         0x08001575   Thumb Code    16  rt_ctype_table.o(.text)
    __rt_locale                              0x08001585   Thumb Code     8  rt_locale_intlibspace.o(.text)
    _printf_fp_infnan                        0x0800158d   Thumb Code   112  _printf_fp_infnan.o(.text)
    _btod_etento                             0x0800160d   Thumb Code   216  bigflt0.o(.text)
    exit                                     0x080016e9   Thumb Code    12  exit.o(.text)
    __I$use$semihosting                      0x080016f5   Thumb Code     0  use_no_semi.o(.text)
    __use_no_semihosting_swi                 0x080016f5   Thumb Code     2  use_no_semi.o(.text)
    __semihosting_library_function           0x080016f7   Thumb Code     0  indicate_semi.o(.text)
    _sys_exit                                0x080016f9   Thumb Code     8  sys_exit.o(.text)
    _btod_d2e                                0x08001705   Thumb Code    62  btod.o(CL$$btod_d2e)
    _d2e_denorm_low                          0x08001743   Thumb Code    70  btod.o(CL$$btod_d2e_denorm_low)
    _d2e_norm_op1                            0x08001789   Thumb Code    96  btod.o(CL$$btod_d2e_norm_op1)
    __btod_div_common                        0x080017e9   Thumb Code   696  btod.o(CL$$btod_div_common)
    _e2e                                     0x08001b21   Thumb Code   198  btod.o(CL$$btod_e2e)
    _btod_ediv                               0x08001be7   Thumb Code    40  btod.o(CL$$btod_ediv)
    _btod_emul                               0x08001c0f   Thumb Code    40  btod.o(CL$$btod_emul)
    __btod_mult_common                       0x08001c37   Thumb Code   580  btod.o(CL$$btod_mult_common)
    BKP_ReadBackupRegister                   0x08001e7d   Thumb Code    24  stm32f10x_bkp.o(i.BKP_ReadBackupRegister)
    BKP_WriteBackupRegister                  0x08001e99   Thumb Code    22  stm32f10x_bkp.o(i.BKP_WriteBackupRegister)
    BusFault_Handler                         0x08001eb5   Thumb Code     4  stm32f10x_it.o(i.BusFault_Handler)
    Change_RTC_Time                          0x08001eb9   Thumb Code    50  settime.o(i.Change_RTC_Time)
    DebugMon_Handler                         0x08001ef1   Thumb Code     2  stm32f10x_it.o(i.DebugMon_Handler)
    Delay_ms                                 0x08001ef3   Thumb Code    24  delay.o(i.Delay_ms)
    Delay_s                                  0x08001f0b   Thumb Code    24  delay.o(i.Delay_s)
    Delay_us                                 0x08001f23   Thumb Code    46  delay.o(i.Delay_us)
    DinoGame_Animation                       0x08001f51   Thumb Code    54  dino.o(i.DinoGame_Animation)
    DinoGame_Pos_Init                        0x08001f91   Thumb Code    24  dino.o(i.DinoGame_Pos_Init)
    Dino_Tick                                0x08001fbd   Thumb Code   190  dino.o(i.Dino_Tick)
    Emoji                                    0x080020a1   Thumb Code    38  menu.o(i.Emoji)
    First_Page_Clock                         0x080020cd   Thumb Code   160  menu.o(i.First_Page_Clock)
    GPIO_Init                                0x08002175   Thumb Code   278  stm32f10x_gpio.o(i.GPIO_Init)
    GPIO_ReadInputDataBit                    0x0800228b   Thumb Code    18  stm32f10x_gpio.o(i.GPIO_ReadInputDataBit)
    GPIO_ResetBits                           0x0800229d   Thumb Code     4  stm32f10x_gpio.o(i.GPIO_ResetBits)
    GPIO_SetBits                             0x080022a1   Thumb Code     4  stm32f10x_gpio.o(i.GPIO_SetBits)
    GPIO_WriteBit                            0x080022a5   Thumb Code    10  stm32f10x_gpio.o(i.GPIO_WriteBit)
    Game                                     0x080022b1   Thumb Code   182  menu.o(i.Game)
    Gradienter                               0x08002371   Thumb Code    46  menu.o(i.Gradienter)
    HardFault_Handler                        0x080023a5   Thumb Code     4  stm32f10x_it.o(i.HardFault_Handler)
    Key_GetNum                               0x080023a9   Thumb Code    24  key.o(i.Key_GetNum)
    Key_GetState                             0x080023c5   Thumb Code    48  key.o(i.Key_GetState)
    Key_Init                                 0x080023fd   Thumb Code    60  key.o(i.Key_Init)
    Key_Tick                                 0x08002441   Thumb Code    62  key.o(i.Key_Tick)
    LED                                      0x08002491   Thumb Code   202  menu.o(i.LED)
    LED_Init                                 0x08002565   Thumb Code    48  led.o(i.LED_Init)
    LED_OFF                                  0x08002599   Thumb Code    14  led.o(i.LED_OFF)
    LED_ON                                   0x080025ad   Thumb Code    14  led.o(i.LED_ON)
    MPU6050                                  0x080025c1   Thumb Code    62  menu.o(i.MPU6050)
    MPU6050_Calculation                      0x08002605   Thumb Code   402  menu.o(i.MPU6050_Calculation)
    MPU6050_GetData                          0x080027e1   Thumb Code   172  mpu6050.o(i.MPU6050_GetData)
    MPU6050_Init                             0x0800288d   Thumb Code    56  mpu6050.o(i.MPU6050_Init)
    MPU6050_ReadReg                          0x080028c5   Thumb Code    62  mpu6050.o(i.MPU6050_ReadReg)
    MPU6050_WriteReg                         0x08002903   Thumb Code    46  mpu6050.o(i.MPU6050_WriteReg)
    MemManage_Handler                        0x08002931   Thumb Code     4  stm32f10x_it.o(i.MemManage_Handler)
    Menu                                     0x08002935   Thumb Code   310  menu.o(i.Menu)
    MenuToFunction                           0x08002a79   Thumb Code   132  menu.o(i.MenuToFunction)
    Menu_Animation                           0x08002b09   Thumb Code   304  menu.o(i.Menu_Animation)
    MyI2C_Init                               0x08002c55   Thumb Code    50  myi2c.o(i.MyI2C_Init)
    MyI2C_R_SDA                              0x08002c8d   Thumb Code    24  myi2c.o(i.MyI2C_R_SDA)
    MyI2C_ReceiveAck                         0x08002ca9   Thumb Code    30  myi2c.o(i.MyI2C_ReceiveAck)
    MyI2C_ReceiveByte                        0x08002cc7   Thumb Code    50  myi2c.o(i.MyI2C_ReceiveByte)
    MyI2C_SendAck                            0x08002cf9   Thumb Code    24  myi2c.o(i.MyI2C_SendAck)
    MyI2C_SendByte                           0x08002d11   Thumb Code    50  myi2c.o(i.MyI2C_SendByte)
    MyI2C_Start                              0x08002d43   Thumb Code    28  myi2c.o(i.MyI2C_Start)
    MyI2C_Stop                               0x08002d5f   Thumb Code    22  myi2c.o(i.MyI2C_Stop)
    MyI2C_W_SCL                              0x08002d75   Thumb Code    24  myi2c.o(i.MyI2C_W_SCL)
    MyI2C_W_SDA                              0x08002d91   Thumb Code    24  myi2c.o(i.MyI2C_W_SDA)
    MyRTC_Init                               0x08002dad   Thumb Code   114  myrtc.o(i.MyRTC_Init)
    MyRTC_ReadTime                           0x08002e21   Thumb Code    80  myrtc.o(i.MyRTC_ReadTime)
    MyRTC_SetTime                            0x08002e75   Thumb Code    82  myrtc.o(i.MyRTC_SetTime)
    NMI_Handler                              0x08002ecd   Thumb Code     2  stm32f10x_it.o(i.NMI_Handler)
    NVIC_Init                                0x08002ed1   Thumb Code   100  misc.o(i.NVIC_Init)
    NVIC_PriorityGroupConfig                 0x08002f41   Thumb Code    10  misc.o(i.NVIC_PriorityGroupConfig)
    OLED_Clear                               0x08002f55   Thumb Code    36  oled.o(i.OLED_Clear)
    OLED_ClearArea                           0x08002f7d   Thumb Code   140  oled.o(i.OLED_ClearArea)
    OLED_DrawCircle                          0x0800300d   Thumb Code   352  oled.o(i.OLED_DrawCircle)
    OLED_DrawEllipse                         0x0800316d   Thumb Code   806  oled.o(i.OLED_DrawEllipse)
    OLED_DrawPoint                           0x08003499   Thumb Code    76  oled.o(i.OLED_DrawPoint)
    OLED_GPIO_Init                           0x080034e9   Thumb Code    92  oled.o(i.OLED_GPIO_Init)
    OLED_I2C_SendByte                        0x08003549   Thumb Code    62  oled.o(i.OLED_I2C_SendByte)
    OLED_I2C_Start                           0x08003587   Thumb Code    28  oled.o(i.OLED_I2C_Start)
    OLED_I2C_Stop                            0x080035a3   Thumb Code    22  oled.o(i.OLED_I2C_Stop)
    OLED_Init                                0x080035b9   Thumb Code   154  oled.o(i.OLED_Init)
    OLED_Pow                                 0x08003653   Thumb Code    20  oled.o(i.OLED_Pow)
    OLED_Printf                              0x08003667   Thumb Code    50  oled.o(i.OLED_Printf)
    OLED_ReverseArea                         0x08003699   Thumb Code   140  oled.o(i.OLED_ReverseArea)
    OLED_SetCursor                           0x08003729   Thumb Code    38  oled.o(i.OLED_SetCursor)
    OLED_ShowChar                            0x08003751   Thumb Code   108  oled.o(i.OLED_ShowChar)
    OLED_ShowImage                           0x080037c9   Thumb Code   248  oled.o(i.OLED_ShowImage)
    OLED_ShowNum                             0x080038c5   Thumb Code    76  oled.o(i.OLED_ShowNum)
    OLED_ShowString                          0x08003911   Thumb Code   262  oled.o(i.OLED_ShowString)
    OLED_Update                              0x08003a21   Thumb Code    36  oled.o(i.OLED_Update)
    OLED_W_SCL                               0x08003a49   Thumb Code    18  oled.o(i.OLED_W_SCL)
    OLED_W_SDA                               0x08003a61   Thumb Code    18  oled.o(i.OLED_W_SDA)
    OLED_WriteCommand                        0x08003a79   Thumb Code    32  oled.o(i.OLED_WriteCommand)
    OLED_WriteData                           0x08003a99   Thumb Code    46  oled.o(i.OLED_WriteData)
    PWR_BackupAccessCmd                      0x08003ac9   Thumb Code     6  stm32f10x_pwr.o(i.PWR_BackupAccessCmd)
    PendSV_Handler                           0x08003ad5   Thumb Code     2  stm32f10x_it.o(i.PendSV_Handler)
    Peripheral_Init                          0x08003ad7   Thumb Code    20  menu.o(i.Peripheral_Init)
    RCC_APB1PeriphClockCmd                   0x08003aed   Thumb Code    26  stm32f10x_rcc.o(i.RCC_APB1PeriphClockCmd)
    RCC_APB2PeriphClockCmd                   0x08003b0d   Thumb Code    26  stm32f10x_rcc.o(i.RCC_APB2PeriphClockCmd)
    RCC_GetFlagStatus                        0x08003b2d   Thumb Code    56  stm32f10x_rcc.o(i.RCC_GetFlagStatus)
    RCC_LSEConfig                            0x08003b69   Thumb Code    46  stm32f10x_rcc.o(i.RCC_LSEConfig)
    RCC_RTCCLKCmd                            0x08003b9d   Thumb Code     6  stm32f10x_rcc.o(i.RCC_RTCCLKCmd)
    RCC_RTCCLKConfig                         0x08003ba9   Thumb Code    12  stm32f10x_rcc.o(i.RCC_RTCCLKConfig)
    RTC_EnterConfigMode                      0x08003bb9   Thumb Code    14  stm32f10x_rtc.o(i.RTC_EnterConfigMode)
    RTC_ExitConfigMode                       0x08003bcd   Thumb Code    16  stm32f10x_rtc.o(i.RTC_ExitConfigMode)
    RTC_GetCounter                           0x08003be1   Thumb Code    16  stm32f10x_rtc.o(i.RTC_GetCounter)
    RTC_SetCounter                           0x08003bf5   Thumb Code    24  stm32f10x_rtc.o(i.RTC_SetCounter)
    RTC_SetPrescaler                         0x08003c11   Thumb Code    26  stm32f10x_rtc.o(i.RTC_SetPrescaler)
    RTC_WaitForLastTask                      0x08003c31   Thumb Code    16  stm32f10x_rtc.o(i.RTC_WaitForLastTask)
    RTC_WaitForSynchro                       0x08003c45   Thumb Code    30  stm32f10x_rtc.o(i.RTC_WaitForSynchro)
    SVC_Handler                              0x08003c69   Thumb Code     2  stm32f10x_it.o(i.SVC_Handler)
    SetDay                                   0x08003c6d   Thumb Code   120  settime.o(i.SetDay)
    SetHour                                  0x08003ced   Thumb Code   122  settime.o(i.SetHour)
    SetMin                                   0x08003d71   Thumb Code   122  settime.o(i.SetMin)
    SetMonth                                 0x08003df5   Thumb Code   122  settime.o(i.SetMonth)
    SetSec                                   0x08003e79   Thumb Code   122  settime.o(i.SetSec)
    SetTime                                  0x08003fe5   Thumb Code   354  settime.o(i.SetTime)
    SetYear                                  0x08004151   Thumb Code    82  settime.o(i.SetYear)
    Set_Selection                            0x080041a9   Thumb Code    26  menu.o(i.Set_Selection)
    SettingPage                              0x080041cd   Thumb Code   176  menu.o(i.SettingPage)
    Show_Barrier                             0x08004285   Thumb Code    94  dino.o(i.Show_Barrier)
    Show_Clock_UI                            0x080042f5   Thumb Code   104  menu.o(i.Show_Clock_UI)
    Show_Cloud                               0x0800438d   Thumb Code    26  dino.o(i.Show_Cloud)
    Show_Dino                                0x080043b1   Thumb Code   220  dino.o(i.Show_Dino)
    Show_Emoji_UI                            0x080044b5   Thumb Code   248  menu.o(i.Show_Emoji_UI)
    Show_Game_UI                             0x080045b5   Thumb Code    32  menu.o(i.Show_Game_UI)
    Show_Gradienter_UI                       0x080045e5   Thumb Code    72  menu.o(i.Show_Gradienter_UI)
    Show_Ground                              0x08004635   Thumb Code   110  dino.o(i.Show_Ground)
    Show_LED_UI                              0x080046b1   Thumb Code    44  menu.o(i.Show_LED_UI)
    Show_MPU6050_UI                          0x080046e9   Thumb Code    92  menu.o(i.Show_MPU6050_UI)
    Show_Score                               0x08004779   Thumb Code    22  dino.o(i.Show_Score)
    Show_SetTime_FirstUI                     0x08004795   Thumb Code    80  settime.o(i.Show_SetTime_FirstUI)
    Show_SetTime_SecondUI                    0x08004805   Thumb Code    64  settime.o(i.Show_SetTime_SecondUI)
    Show_SettingPage_UI                      0x08004861   Thumb Code    32  menu.o(i.Show_SettingPage_UI)
    Show_StopWatch_UI                        0x08004895   Thumb Code    86  menu.o(i.Show_StopWatch_UI)
    StopWatch                                0x08004925   Thumb Code   250  menu.o(i.StopWatch)
    StopWatch_Tick                           0x08004a39   Thumb Code   100  menu.o(i.StopWatch_Tick)
    SysTick_Handler                          0x08004ab1   Thumb Code     2  stm32f10x_it.o(i.SysTick_Handler)
    SystemInit                               0x08004ab5   Thumb Code    78  system_stm32f10x.o(i.SystemInit)
    TIM2_IRQHandler                          0x08004b15   Thumb Code    36  main.o(i.TIM2_IRQHandler)
    TIM_ClearFlag                            0x08004b39   Thumb Code     6  stm32f10x_tim.o(i.TIM_ClearFlag)
    TIM_ClearITPendingBit                    0x08004b3f   Thumb Code     6  stm32f10x_tim.o(i.TIM_ClearITPendingBit)
    TIM_Cmd                                  0x08004b45   Thumb Code    24  stm32f10x_tim.o(i.TIM_Cmd)
    TIM_GetITStatus                          0x08004b5d   Thumb Code    34  stm32f10x_tim.o(i.TIM_GetITStatus)
    TIM_ITConfig                             0x08004b7f   Thumb Code    18  stm32f10x_tim.o(i.TIM_ITConfig)
    TIM_InternalClockConfig                  0x08004b91   Thumb Code    12  stm32f10x_tim.o(i.TIM_InternalClockConfig)
    TIM_TimeBaseInit                         0x08004b9d   Thumb Code   122  stm32f10x_tim.o(i.TIM_TimeBaseInit)
    Timer_Init                               0x08004c41   Thumb Code   124  timer.o(i.Timer_Init)
    UsageFault_Handler                       0x08004cbd   Thumb Code     4  stm32f10x_it.o(i.UsageFault_Handler)
    __ARM_fpclassify                         0x08004cc1   Thumb Code    40  fpclassify.o(i.__ARM_fpclassify)
    __ieee754_rem_pio2                       0x08004ce9   Thumb Code   828  rred.o(i.__ieee754_rem_pio2)
    __kernel_cos                             0x08005071   Thumb Code   230  cos_i.o(i.__kernel_cos)
    __kernel_poly                            0x0800516d   Thumb Code   170  poly.o(i.__kernel_poly)
    __kernel_sin                             0x08005219   Thumb Code   224  sin_i.o(i.__kernel_sin)
    __mathlib_dbl_infnan                     0x08005305   Thumb Code     6  dunder.o(i.__mathlib_dbl_infnan)
    __mathlib_dbl_infnan2                    0x0800530b   Thumb Code     4  dunder.o(i.__mathlib_dbl_infnan2)
    __mathlib_dbl_invalid                    0x0800530f   Thumb Code    12  dunder.o(i.__mathlib_dbl_invalid)
    __mathlib_dbl_underflow                  0x0800531d   Thumb Code    10  dunder.o(i.__mathlib_dbl_underflow)
    _is_digit                                0x0800532d   Thumb Code    14  __printf_wp.o(i._is_digit)
    atan                                     0x0800533d   Thumb Code   474  atan.o(i.atan)
    atan2                                    0x0800555d   Thumb Code   346  atan2.o(i.atan2)
    isColliding                              0x080056dd   Thumb Code    80  dino.o(i.isColliding)
    main                                     0x08005739   Thumb Code    44  main.o(i.main)
    sin                                      0x08005765   Thumb Code   150  sin.o(i.sin)
    _get_lc_numeric                          0x08005805   Thumb Code    44  lc_numeric_c.o(locale$$code)
    _get_lc_ctype                            0x08005831   Thumb Code    44  lc_ctype_c.o(locale$$code)
    __aeabi_d2f                              0x0800585d   Thumb Code     0  d2f.o(x$fpl$d2f)
    _d2f                                     0x0800585d   Thumb Code    98  d2f.o(x$fpl$d2f)
    __aeabi_dadd                             0x080058c1   Thumb Code     0  daddsub_clz.o(x$fpl$dadd)
    _dadd                                    0x080058c1   Thumb Code   332  daddsub_clz.o(x$fpl$dadd)
    __fpl_dcheck_NaN1                        0x08005a11   Thumb Code    10  dcheck1.o(x$fpl$dcheck1)
    __fpl_dcmp_Inf                           0x08005a21   Thumb Code    24  dcmpi.o(x$fpl$dcmpinf)
    __aeabi_ddiv                             0x08005a39   Thumb Code     0  ddiv.o(x$fpl$ddiv)
    _ddiv                                    0x08005a39   Thumb Code   552  ddiv.o(x$fpl$ddiv)
    __aeabi_d2iz                             0x08005ce9   Thumb Code     0  dfix.o(x$fpl$dfix)
    _dfix                                    0x08005ce9   Thumb Code    94  dfix.o(x$fpl$dfix)
    __aeabi_d2uiz                            0x08005d49   Thumb Code     0  dfixu.o(x$fpl$dfixu)
    _dfixu                                   0x08005d49   Thumb Code    90  dfixu.o(x$fpl$dfixu)
    __aeabi_i2d                              0x08005da3   Thumb Code     0  dflt_clz.o(x$fpl$dflt)
    _dflt                                    0x08005da3   Thumb Code    46  dflt_clz.o(x$fpl$dflt)
    __aeabi_ui2d                             0x08005dd1   Thumb Code     0  dflt_clz.o(x$fpl$dfltu)
    _dfltu                                   0x08005dd1   Thumb Code    38  dflt_clz.o(x$fpl$dfltu)
    __aeabi_cdcmple                          0x08005df9   Thumb Code     0  dleqf.o(x$fpl$dleqf)
    _dcmple                                  0x08005df9   Thumb Code   120  dleqf.o(x$fpl$dleqf)
    __fpl_dcmple_InfNaN                      0x08005e5b   Thumb Code     0  dleqf.o(x$fpl$dleqf)
    __aeabi_dmul                             0x08005e71   Thumb Code     0  dmul.o(x$fpl$dmul)
    _dmul                                    0x08005e71   Thumb Code   332  dmul.o(x$fpl$dmul)
    __fpl_dnaninf                            0x08005fc5   Thumb Code   156  dnaninf.o(x$fpl$dnaninf)
    __fpl_dretinf                            0x08006061   Thumb Code    12  dretinf.o(x$fpl$dretinf)
    __aeabi_drsub                            0x0800606d   Thumb Code     0  daddsub_clz.o(x$fpl$drsb)
    _drsb                                    0x0800606d   Thumb Code    22  daddsub_clz.o(x$fpl$drsb)
    __aeabi_dsub                             0x08006085   Thumb Code     0  daddsub_clz.o(x$fpl$dsub)
    _dsub                                    0x08006085   Thumb Code   464  daddsub_clz.o(x$fpl$dsub)
    __aeabi_f2d                              0x08006259   Thumb Code     0  f2d.o(x$fpl$f2d)
    _f2d                                     0x08006259   Thumb Code    86  f2d.o(x$fpl$f2d)
    __aeabi_fadd                             0x080062b1   Thumb Code     0  faddsub_clz.o(x$fpl$fadd)
    _fadd                                    0x080062b1   Thumb Code   196  faddsub_clz.o(x$fpl$fadd)
    __fpl_fcmp_Inf                           0x08006375   Thumb Code    24  fcmpi.o(x$fpl$fcmpinf)
    __aeabi_f2iz                             0x0800638d   Thumb Code     0  ffix.o(x$fpl$ffix)
    _ffix                                    0x0800638d   Thumb Code    54  ffix.o(x$fpl$ffix)
    __aeabi_i2f                              0x080063c5   Thumb Code     0  fflt_clz.o(x$fpl$fflt)
    _fflt                                    0x080063c5   Thumb Code    48  fflt_clz.o(x$fpl$fflt)
    __aeabi_cfcmple                          0x080063f5   Thumb Code     0  fleqf.o(x$fpl$fleqf)
    _fcmple                                  0x080063f5   Thumb Code   104  fleqf.o(x$fpl$fleqf)
    __fpl_fcmple_InfNaN                      0x08006447   Thumb Code     0  fleqf.o(x$fpl$fleqf)
    __aeabi_fmul                             0x0800645d   Thumb Code     0  fmul.o(x$fpl$fmul)
    _fmul                                    0x0800645d   Thumb Code   258  fmul.o(x$fpl$fmul)
    __fpl_fnaninf                            0x0800655f   Thumb Code   140  fnaninf.o(x$fpl$fnaninf)
    __fpl_fretinf                            0x080065eb   Thumb Code    10  fretinf.o(x$fpl$fretinf)
    __aeabi_fsub                             0x080065f5   Thumb Code     0  faddsub_clz.o(x$fpl$fsub)
    _fsub                                    0x080065f5   Thumb Code   234  faddsub_clz.o(x$fpl$fsub)
    _printf_fp_dec                           0x080066df   Thumb Code     4  printf1.o(x$fpl$printf1)
    _printf_fp_hex                           0x080066e3   Thumb Code     4  printf2.o(x$fpl$printf2)
    __fpl_return_NaN                         0x080066e7   Thumb Code   100  retnan.o(x$fpl$retnan)
    __ARM_scalbn                             0x0800674b   Thumb Code    92  scalbn.o(x$fpl$scalbn)
    __fpl_cmpreturn                          0x080067a7   Thumb Code    48  trapv.o(x$fpl$trapveneer)
    OLED_F8x16                               0x080067d6   Data        1520  oled_data.o(.constdata)
    __I$use$fp                               0x080067d6   Number         0  usenofp.o(x$fpl$usenofp)
    OLED_F6x8                                0x08006dc6   Data         570  oled_data.o(.constdata)
    OLED_F12x24                              0x08007000   Data        3420  oled_data.o(.constdata)
    OLED_CF16x16                             0x08007d5c   Data        1085  oled_data.o(.constdata)
    Diode                                    0x08008199   Data          32  oled_data.o(.constdata)
    Return                                   0x080081b9   Data          32  oled_data.o(.constdata)
    Menu_Graph                               0x080081d9   Data        1024  oled_data.o(.constdata)
    Frame                                    0x080085d9   Data         264  oled_data.o(.constdata)
    Ground                                   0x080086e1   Data         256  oled_data.o(.constdata)
    Barrier                                  0x080087e1   Data         144  oled_data.o(.constdata)
    Cloud                                    0x08008871   Data          16  oled_data.o(.constdata)
    Dino                                     0x08008881   Data         144  oled_data.o(.constdata)
    Eyebrow                                  0x08008911   Data          64  oled_data.o(.constdata)
    Mouth                                    0x08008951   Data          60  oled_data.o(.constdata)
    _monlen                                  0x080089d1   Data          12  _monlen.o(.constdata)
    __mathlib_zero                           0x08008aa8   Data           8  qnan.o(.constdata)
    Region$$Table$$Base                      0x08008c5c   Number         0  anon$$obj.o(Region$$Table)
    Region$$Table$$Limit                     0x08008c7c   Number         0  anon$$obj.o(Region$$Table)
    __ctype                                  0x08008ca5   Data           0  lc_ctype_c.o(locale$$data)
    MyRTC_Time                               0x20000000   Data          12  myrtc.o(.data)
    KeyNum                                   0x20000010   Data           1  menu.o(.data)
    clkflag                                  0x20000014   Data           4  menu.o(.data)
    setflag                                  0x20000018   Data           4  menu.o(.data)
    pre_selection                            0x2000001c   Data           1  menu.o(.data)
    target_selection                         0x2000001d   Data           1  menu.o(.data)
    x_pre                                    0x2000001e   Data           1  menu.o(.data)
    Speed                                    0x2000001f   Data           1  menu.o(.data)
    move_flag                                0x20000020   Data           1  menu.o(.data)
    menu_flag                                0x20000021   Data           1  menu.o(.data)
    hour                                     0x20000022   Data           1  menu.o(.data)
    min                                      0x20000023   Data           1  menu.o(.data)
    sec                                      0x20000024   Data           1  menu.o(.data)
    start_timing_flag                        0x20000025   Data           1  menu.o(.data)
    stopwatch_flag                           0x20000026   Data           1  menu.o(.data)
    led_flag                                 0x20000027   Data           1  menu.o(.data)
    ax                                       0x20000028   Data           2  menu.o(.data)
    ay                                       0x2000002a   Data           2  menu.o(.data)
    az                                       0x2000002c   Data           2  menu.o(.data)
    gx                                       0x2000002e   Data           2  menu.o(.data)
    gy                                       0x20000030   Data           2  menu.o(.data)
    gz                                       0x20000032   Data           2  menu.o(.data)
    roll_g                                   0x20000034   Data           4  menu.o(.data)
    pitch_g                                  0x20000038   Data           4  menu.o(.data)
    yaw_g                                    0x2000003c   Data           4  menu.o(.data)
    roll_a                                   0x20000040   Data           4  menu.o(.data)
    pitch_a                                  0x20000044   Data           4  menu.o(.data)
    Roll                                     0x20000048   Data           4  menu.o(.data)
    Pitch                                    0x2000004c   Data           4  menu.o(.data)
    Yaw                                      0x20000050   Data           4  menu.o(.data)
    a                                        0x20000054   Data           4  menu.o(.data)
    Delta_t                                  0x20000058   Data           4  menu.o(.data)
    pi                                       0x20000060   Data           8  menu.o(.data)
    game_flag                                0x20000068   Data           1  menu.o(.data)
    Key_Num                                  0x2000006c   Data           1  key.o(.data)
    set_time_flag                            0x20000070   Data           4  settime.o(.data)
    Score                                    0x20000074   Data           4  dino.o(.data)
    Ground_Pos                               0x20000078   Data           2  dino.o(.data)
    barrier_flag                             0x2000007a   Data           1  dino.o(.data)
    Barrier_Pos                              0x2000007b   Data           1  dino.o(.data)
    barrier                                  0x2000007c   Data           4  dino.o(.data)
    Cloud_Pos                                0x20000080   Data           1  dino.o(.data)
    dino_jump_flag                           0x20000081   Data           1  dino.o(.data)
    jump_t                                   0x20000082   Data           2  dino.o(.data)
    Jump_Pos                                 0x20000084   Data           1  dino.o(.data)
    dino                                     0x20000085   Data           4  dino.o(.data)
    OLED_DisplayBuf                          0x2000008c   Data        1024  oled.o(.bss)
    _random_number_data                      0x2000048c   Data         228  rand.o(.bss)
    __libspace_start                         0x2000059c   Data          96  libspace.o(.bss)
    __temporary_stack_top$libspace           0x200005fc   Data           0  libspace.o(.bss)



==============================================================================

Memory Map of the image

  Image Entry point : 0x080000ed

  Load Region LR_IROM1 (Base: 0x08000000, Size: 0x00008e34, Max: 0x00010000, ABSOLUTE)

    Execution Region ER_IROM1 (Base: 0x08000000, Size: 0x00008da8, Max: 0x00010000, ABSOLUTE)

    Base Addr    Size         Type   Attr      Idx    E Section Name        Object

    0x08000000   0x000000ec   Data   RO            3    RESET               startup_stm32f10x_md.o
    0x080000ec   0x00000008   Code   RO         4119  * !!!main             c_w.l(__main.o)
    0x080000f4   0x00000034   Code   RO         4584    !!!scatter          c_w.l(__scatter.o)
    0x08000128   0x0000001a   Code   RO         4586    !!handler_copy      c_w.l(__scatter_copy.o)
    0x08000142   0x00000002   PAD
    0x08000144   0x0000001c   Code   RO         4588    !!handler_zi        c_w.l(__scatter_zi.o)
    0x08000160   0x00000000   Code   RO         4277    .ARM.Collect$$_printf_percent$$00000000  c_w.l(_printf_percent.o)
    0x08000160   0x00000006   Code   RO         4266    .ARM.Collect$$_printf_percent$$00000001  c_w.l(_printf_n.o)
    0x08000166   0x00000006   Code   RO         4268    .ARM.Collect$$_printf_percent$$00000002  c_w.l(_printf_p.o)
    0x0800016c   0x00000006   Code   RO         4273    .ARM.Collect$$_printf_percent$$00000003  c_w.l(_printf_f.o)
    0x08000172   0x00000006   Code   RO         4274    .ARM.Collect$$_printf_percent$$00000004  c_w.l(_printf_e.o)
    0x08000178   0x00000006   Code   RO         4275    .ARM.Collect$$_printf_percent$$00000005  c_w.l(_printf_g.o)
    0x0800017e   0x00000006   Code   RO         4276    .ARM.Collect$$_printf_percent$$00000006  c_w.l(_printf_a.o)
    0x08000184   0x0000000a   Code   RO         4281    .ARM.Collect$$_printf_percent$$00000007  c_w.l(_printf_ll.o)
    0x0800018e   0x00000006   Code   RO         4270    .ARM.Collect$$_printf_percent$$00000008  c_w.l(_printf_i.o)
    0x08000194   0x00000006   Code   RO         4271    .ARM.Collect$$_printf_percent$$00000009  c_w.l(_printf_d.o)
    0x0800019a   0x00000006   Code   RO         4272    .ARM.Collect$$_printf_percent$$0000000A  c_w.l(_printf_u.o)
    0x080001a0   0x00000006   Code   RO         4269    .ARM.Collect$$_printf_percent$$0000000B  c_w.l(_printf_o.o)
    0x080001a6   0x00000006   Code   RO         4267    .ARM.Collect$$_printf_percent$$0000000C  c_w.l(_printf_x.o)
    0x080001ac   0x00000006   Code   RO         4278    .ARM.Collect$$_printf_percent$$0000000D  c_w.l(_printf_lli.o)
    0x080001b2   0x00000006   Code   RO         4279    .ARM.Collect$$_printf_percent$$0000000E  c_w.l(_printf_lld.o)
    0x080001b8   0x00000006   Code   RO         4280    .ARM.Collect$$_printf_percent$$0000000F  c_w.l(_printf_llu.o)
    0x080001be   0x00000006   Code   RO         4285    .ARM.Collect$$_printf_percent$$00000010  c_w.l(_printf_llo.o)
    0x080001c4   0x00000006   Code   RO         4286    .ARM.Collect$$_printf_percent$$00000011  c_w.l(_printf_llx.o)
    0x080001ca   0x0000000a   Code   RO         4282    .ARM.Collect$$_printf_percent$$00000012  c_w.l(_printf_l.o)
    0x080001d4   0x00000006   Code   RO         4264    .ARM.Collect$$_printf_percent$$00000013  c_w.l(_printf_c.o)
    0x080001da   0x00000006   Code   RO         4265    .ARM.Collect$$_printf_percent$$00000014  c_w.l(_printf_s.o)
    0x080001e0   0x00000006   Code   RO         4283    .ARM.Collect$$_printf_percent$$00000015  c_w.l(_printf_lc.o)
    0x080001e6   0x00000006   Code   RO         4284    .ARM.Collect$$_printf_percent$$00000016  c_w.l(_printf_ls.o)
    0x080001ec   0x00000004   Code   RO         4432    .ARM.Collect$$_printf_percent$$00000017  c_w.l(_printf_percent_end.o)
    0x080001f0   0x00000002   Code   RO         4500    .ARM.Collect$$libinit$$00000000  c_w.l(libinit.o)
    0x080001f2   0x00000000   Code   RO         4291    .ARM.Collect$$libinit$$00000002  c_w.l(libinit2.o)
    0x080001f2   0x00000000   Code   RO         4293    .ARM.Collect$$libinit$$00000004  c_w.l(libinit2.o)
    0x080001f2   0x00000000   Code   RO         4296    .ARM.Collect$$libinit$$0000000A  c_w.l(libinit2.o)
    0x080001f2   0x00000000   Code   RO         4298    .ARM.Collect$$libinit$$0000000C  c_w.l(libinit2.o)
    0x080001f2   0x00000004   Code   RO         4299    .ARM.Collect$$libinit$$0000000D  c_w.l(libinit2.o)
    0x080001f6   0x00000000   Code   RO         4300    .ARM.Collect$$libinit$$0000000E  c_w.l(libinit2.o)
    0x080001f6   0x00000006   Code   RO         4301    .ARM.Collect$$libinit$$0000000F  c_w.l(libinit2.o)
    0x080001fc   0x00000000   Code   RO         4303    .ARM.Collect$$libinit$$00000011  c_w.l(libinit2.o)
    0x080001fc   0x0000000c   Code   RO         4304    .ARM.Collect$$libinit$$00000012  c_w.l(libinit2.o)
    0x08000208   0x00000000   Code   RO         4305    .ARM.Collect$$libinit$$00000013  c_w.l(libinit2.o)
    0x08000208   0x00000000   Code   RO         4307    .ARM.Collect$$libinit$$00000015  c_w.l(libinit2.o)
    0x08000208   0x0000000a   Code   RO         4308    .ARM.Collect$$libinit$$00000016  c_w.l(libinit2.o)
    0x08000212   0x00000000   Code   RO         4309    .ARM.Collect$$libinit$$00000017  c_w.l(libinit2.o)
    0x08000212   0x00000000   Code   RO         4311    .ARM.Collect$$libinit$$00000019  c_w.l(libinit2.o)
    0x08000212   0x00000000   Code   RO         4313    .ARM.Collect$$libinit$$0000001B  c_w.l(libinit2.o)
    0x08000212   0x00000000   Code   RO         4315    .ARM.Collect$$libinit$$0000001D  c_w.l(libinit2.o)
    0x08000212   0x00000000   Code   RO         4317    .ARM.Collect$$libinit$$0000001F  c_w.l(libinit2.o)
    0x08000212   0x00000000   Code   RO         4319    .ARM.Collect$$libinit$$00000021  c_w.l(libinit2.o)
    0x08000212   0x00000000   Code   RO         4321    .ARM.Collect$$libinit$$00000023  c_w.l(libinit2.o)
    0x08000212   0x00000000   Code   RO         4323    .ARM.Collect$$libinit$$00000025  c_w.l(libinit2.o)
    0x08000212   0x00000000   Code   RO         4327    .ARM.Collect$$libinit$$0000002C  c_w.l(libinit2.o)
    0x08000212   0x00000000   Code   RO         4329    .ARM.Collect$$libinit$$0000002E  c_w.l(libinit2.o)
    0x08000212   0x00000000   Code   RO         4331    .ARM.Collect$$libinit$$00000030  c_w.l(libinit2.o)
    0x08000212   0x00000000   Code   RO         4333    .ARM.Collect$$libinit$$00000032  c_w.l(libinit2.o)
    0x08000212   0x00000002   Code   RO         4334    .ARM.Collect$$libinit$$00000033  c_w.l(libinit2.o)
    0x08000214   0x00000002   Code   RO         4546    .ARM.Collect$$libshutdown$$00000000  c_w.l(libshutdown.o)
    0x08000216   0x00000000   Code   RO         4553    .ARM.Collect$$libshutdown$$00000003  c_w.l(libshutdown2.o)
    0x08000216   0x00000000   Code   RO         4556    .ARM.Collect$$libshutdown$$00000006  c_w.l(libshutdown2.o)
    0x08000216   0x00000000   Code   RO         4559    .ARM.Collect$$libshutdown$$00000009  c_w.l(libshutdown2.o)
    0x08000216   0x00000000   Code   RO         4561    .ARM.Collect$$libshutdown$$0000000B  c_w.l(libshutdown2.o)
    0x08000216   0x00000000   Code   RO         4564    .ARM.Collect$$libshutdown$$0000000E  c_w.l(libshutdown2.o)
    0x08000216   0x00000002   Code   RO         4565    .ARM.Collect$$libshutdown$$0000000F  c_w.l(libshutdown2.o)
    0x08000218   0x00000000   Code   RO         4193    .ARM.Collect$$rtentry$$00000000  c_w.l(__rtentry.o)
    0x08000218   0x00000000   Code   RO         4398    .ARM.Collect$$rtentry$$00000002  c_w.l(__rtentry2.o)
    0x08000218   0x00000006   Code   RO         4410    .ARM.Collect$$rtentry$$00000004  c_w.l(__rtentry4.o)
    0x0800021e   0x00000000   Code   RO         4400    .ARM.Collect$$rtentry$$00000009  c_w.l(__rtentry2.o)
    0x0800021e   0x00000004   Code   RO         4401    .ARM.Collect$$rtentry$$0000000A  c_w.l(__rtentry2.o)
    0x08000222   0x00000000   Code   RO         4403    .ARM.Collect$$rtentry$$0000000C  c_w.l(__rtentry2.o)
    0x08000222   0x00000008   Code   RO         4404    .ARM.Collect$$rtentry$$0000000D  c_w.l(__rtentry2.o)
    0x0800022a   0x00000002   Code   RO         4507    .ARM.Collect$$rtexit$$00000000  c_w.l(rtexit.o)
    0x0800022c   0x00000000   Code   RO         4524    .ARM.Collect$$rtexit$$00000002  c_w.l(rtexit2.o)
    0x0800022c   0x00000004   Code   RO         4525    .ARM.Collect$$rtexit$$00000003  c_w.l(rtexit2.o)
    0x08000230   0x00000006   Code   RO         4526    .ARM.Collect$$rtexit$$00000004  c_w.l(rtexit2.o)
    0x08000236   0x00000002   PAD
    0x08000238   0x00000034   Code   RO         4103    .emb_text           c_w.l(rand.o)
    0x0800026c   0x00000040   Code   RO            4    .text               startup_stm32f10x_md.o
    0x080002ac   0x00000024   Code   RO         4101    .text               c_w.l(vsprintf.o)
    0x080002d0   0x0000003c   Code   RO         4104    .text               c_w.l(rand.o)
    0x0800030c   0x00000064   Code   RO         4108    .text               c_w.l(rt_memcpy_w.o)
    0x08000370   0x00000080   Code   RO         4110    .text               c_w.l(strcmpv7m.o)
    0x080003f0   0x0000000c   Code   RO         4112    .text               c_w.l(localtime.o)
    0x080003fc   0x000001a8   Code   RO         4115    .text               c_w.l(mktime.o)
    0x080005a4   0x00000006   Code   RO         4117    .text               c_w.l(heapauxi.o)
    0x080005aa   0x00000016   Code   RO         4194    .text               c_w.l(_rserrno.o)
    0x080005c0   0x0000004e   Code   RO         4198    .text               c_w.l(_printf_pad.o)
    0x0800060e   0x00000024   Code   RO         4200    .text               c_w.l(_printf_truncate.o)
    0x08000632   0x00000052   Code   RO         4202    .text               c_w.l(_printf_str.o)
    0x08000684   0x00000078   Code   RO         4204    .text               c_w.l(_printf_dec.o)
    0x080006fc   0x00000028   Code   RO         4206    .text               c_w.l(_printf_charcount.o)
    0x08000724   0x00000030   Code   RO         4208    .text               c_w.l(_printf_char_common.o)
    0x08000754   0x0000000a   Code   RO         4210    .text               c_w.l(_sputc.o)
    0x0800075e   0x00000002   PAD
    0x08000760   0x000000bc   Code   RO         4212    .text               c_w.l(_printf_wctomb.o)
    0x0800081c   0x0000007c   Code   RO         4215    .text               c_w.l(_printf_longlong_dec.o)
    0x08000898   0x00000070   Code   RO         4221    .text               c_w.l(_printf_oct_int_ll.o)
    0x08000908   0x00000094   Code   RO         4241    .text               c_w.l(_printf_hex_int_ll_ptr.o)
    0x0800099c   0x00000188   Code   RO         4261    .text               c_w.l(__printf_flags_ss_wp.o)
    0x08000b24   0x000000b8   Code   RO         4288    .text               c_w.l(localtime_internal.o)
    0x08000bdc   0x00000008   Code   RO         4415    .text               c_w.l(rt_errno_addr_intlibspace.o)
    0x08000be4   0x0000008a   Code   RO         4417    .text               c_w.l(lludiv10.o)
    0x08000c6e   0x000000b2   Code   RO         4419    .text               c_w.l(_printf_intcommon.o)
    0x08000d20   0x0000041a   Code   RO         4421    .text               c_w.l(_printf_fp_dec.o)
    0x0800113a   0x00000002   PAD
    0x0800113c   0x000002fc   Code   RO         4423    .text               c_w.l(_printf_fp_hex.o)
    0x08001438   0x0000002c   Code   RO         4428    .text               c_w.l(_printf_char.o)
    0x08001464   0x0000002c   Code   RO         4430    .text               c_w.l(_printf_wchar.o)
    0x08001490   0x00000040   Code   RO         4433    .text               c_w.l(_wcrtomb.o)
    0x080014d0   0x0000004e   Code   RO         4435    .text               c_w.l(rt_memclr_w.o)
    0x0800151e   0x00000002   PAD
    0x08001520   0x00000008   Code   RO         4447    .text               c_w.l(libspace.o)
    0x08001528   0x0000004a   Code   RO         4450    .text               c_w.l(sys_stackheap_outer.o)
    0x08001572   0x00000002   PAD
    0x08001574   0x00000010   Code   RO         4452    .text               c_w.l(rt_ctype_table.o)
    0x08001584   0x00000008   Code   RO         4457    .text               c_w.l(rt_locale_intlibspace.o)
    0x0800158c   0x00000080   Code   RO         4459    .text               c_w.l(_printf_fp_infnan.o)
    0x0800160c   0x000000dc   Code   RO         4461    .text               c_w.l(bigflt0.o)
    0x080016e8   0x0000000c   Code   RO         4489    .text               c_w.l(exit.o)
    0x080016f4   0x00000002   Code   RO         4520    .text               c_w.l(use_no_semi.o)
    0x080016f6   0x00000000   Code   RO         4522    .text               c_w.l(indicate_semi.o)
    0x080016f6   0x00000002   PAD
    0x080016f8   0x0000000c   Code   RO         4538    .text               c_w.l(sys_exit.o)
    0x08001704   0x0000003e   Code   RO         4464    CL$$btod_d2e        c_w.l(btod.o)
    0x08001742   0x00000046   Code   RO         4466    CL$$btod_d2e_denorm_low  c_w.l(btod.o)
    0x08001788   0x00000060   Code   RO         4465    CL$$btod_d2e_norm_op1  c_w.l(btod.o)
    0x080017e8   0x00000338   Code   RO         4474    CL$$btod_div_common  c_w.l(btod.o)
    0x08001b20   0x000000c6   Code   RO         4471    CL$$btod_e2e        c_w.l(btod.o)
    0x08001be6   0x00000028   Code   RO         4468    CL$$btod_ediv       c_w.l(btod.o)
    0x08001c0e   0x00000028   Code   RO         4467    CL$$btod_emul       c_w.l(btod.o)
    0x08001c36   0x00000244   Code   RO         4473    CL$$btod_mult_common  c_w.l(btod.o)
    0x08001e7a   0x00000002   PAD
    0x08001e7c   0x0000001c   Code   RO          431    i.BKP_ReadBackupRegister  stm32f10x_bkp.o
    0x08001e98   0x0000001c   Code   RO          435    i.BKP_WriteBackupRegister  stm32f10x_bkp.o
    0x08001eb4   0x00000004   Code   RO         4036    i.BusFault_Handler  stm32f10x_it.o
    0x08001eb8   0x00000038   Code   RO         3753    i.Change_RTC_Time   settime.o
    0x08001ef0   0x00000002   Code   RO         4037    i.DebugMon_Handler  stm32f10x_it.o
    0x08001ef2   0x00000018   Code   RO         3196    i.Delay_ms          delay.o
    0x08001f0a   0x00000018   Code   RO         3197    i.Delay_s           delay.o
    0x08001f22   0x0000002e   Code   RO         3198    i.Delay_us          delay.o
    0x08001f50   0x00000040   Code   RO         3931    i.DinoGame_Animation  dino.o
    0x08001f90   0x0000002c   Code   RO         3932    i.DinoGame_Pos_Init  dino.o
    0x08001fbc   0x000000e4   Code   RO         3933    i.Dino_Tick         dino.o
    0x080020a0   0x0000002c   Code   RO         3520    i.Emoji             menu.o
    0x080020cc   0x000000a8   Code   RO         3521    i.First_Page_Clock  menu.o
    0x08002174   0x00000116   Code   RO         1347    i.GPIO_Init         stm32f10x_gpio.o
    0x0800228a   0x00000012   Code   RO         1351    i.GPIO_ReadInputDataBit  stm32f10x_gpio.o
    0x0800229c   0x00000004   Code   RO         1354    i.GPIO_ResetBits    stm32f10x_gpio.o
    0x080022a0   0x00000004   Code   RO         1355    i.GPIO_SetBits      stm32f10x_gpio.o
    0x080022a4   0x0000000a   Code   RO         1358    i.GPIO_WriteBit     stm32f10x_gpio.o
    0x080022ae   0x00000002   PAD
    0x080022b0   0x000000c0   Code   RO         3522    i.Game              menu.o
    0x08002370   0x00000034   Code   RO         3523    i.Gradienter        menu.o
    0x080023a4   0x00000004   Code   RO         4038    i.HardFault_Handler  stm32f10x_it.o
    0x080023a8   0x0000001c   Code   RO         3696    i.Key_GetNum        key.o
    0x080023c4   0x00000038   Code   RO         3697    i.Key_GetState      key.o
    0x080023fc   0x00000044   Code   RO         3698    i.Key_Init          key.o
    0x08002440   0x00000050   Code   RO         3699    i.Key_Tick          key.o
    0x08002490   0x000000d4   Code   RO         3524    i.LED               menu.o
    0x08002564   0x00000034   Code   RO         3729    i.LED_Init          led.o
    0x08002598   0x00000014   Code   RO         3730    i.LED_OFF           led.o
    0x080025ac   0x00000014   Code   RO         3731    i.LED_ON            led.o
    0x080025c0   0x00000044   Code   RO         3525    i.MPU6050           menu.o
    0x08002604   0x000001dc   Code   RO         3526    i.MPU6050_Calculation  menu.o
    0x080027e0   0x000000ac   Code   RO         3823    i.MPU6050_GetData   mpu6050.o
    0x0800288c   0x00000038   Code   RO         3825    i.MPU6050_Init      mpu6050.o
    0x080028c4   0x0000003e   Code   RO         3826    i.MPU6050_ReadReg   mpu6050.o
    0x08002902   0x0000002e   Code   RO         3827    i.MPU6050_WriteReg  mpu6050.o
    0x08002930   0x00000004   Code   RO         4039    i.MemManage_Handler  stm32f10x_it.o
    0x08002934   0x00000144   Code   RO         3527    i.Menu              menu.o
    0x08002a78   0x00000090   Code   RO         3528    i.MenuToFunction    menu.o
    0x08002b08   0x0000014c   Code   RO         3529    i.Menu_Animation    menu.o
    0x08002c54   0x00000038   Code   RO         3865    i.MyI2C_Init        myi2c.o
    0x08002c8c   0x0000001c   Code   RO         3866    i.MyI2C_R_SDA       myi2c.o
    0x08002ca8   0x0000001e   Code   RO         3867    i.MyI2C_ReceiveAck  myi2c.o
    0x08002cc6   0x00000032   Code   RO         3868    i.MyI2C_ReceiveByte  myi2c.o
    0x08002cf8   0x00000018   Code   RO         3869    i.MyI2C_SendAck     myi2c.o
    0x08002d10   0x00000032   Code   RO         3870    i.MyI2C_SendByte    myi2c.o
    0x08002d42   0x0000001c   Code   RO         3871    i.MyI2C_Start       myi2c.o
    0x08002d5e   0x00000016   Code   RO         3872    i.MyI2C_Stop        myi2c.o
    0x08002d74   0x0000001c   Code   RO         3873    i.MyI2C_W_SCL       myi2c.o
    0x08002d90   0x0000001c   Code   RO         3874    i.MyI2C_W_SDA       myi2c.o
    0x08002dac   0x00000072   Code   RO         3220    i.MyRTC_Init        myrtc.o
    0x08002e1e   0x00000002   PAD
    0x08002e20   0x00000054   Code   RO         3221    i.MyRTC_ReadTime    myrtc.o
    0x08002e74   0x00000058   Code   RO         3222    i.MyRTC_SetTime     myrtc.o
    0x08002ecc   0x00000002   Code   RO         4040    i.NMI_Handler       stm32f10x_it.o
    0x08002ece   0x00000002   PAD
    0x08002ed0   0x00000070   Code   RO          137    i.NVIC_Init         misc.o
    0x08002f40   0x00000014   Code   RO          138    i.NVIC_PriorityGroupConfig  misc.o
    0x08002f54   0x00000028   Code   RO         3262    i.OLED_Clear        oled.o
    0x08002f7c   0x00000090   Code   RO         3263    i.OLED_ClearArea    oled.o
    0x0800300c   0x00000160   Code   RO         3265    i.OLED_DrawCircle   oled.o
    0x0800316c   0x0000032c   Code   RO         3266    i.OLED_DrawEllipse  oled.o
    0x08003498   0x00000050   Code   RO         3268    i.OLED_DrawPoint    oled.o
    0x080034e8   0x00000060   Code   RO         3271    i.OLED_GPIO_Init    oled.o
    0x08003548   0x0000003e   Code   RO         3273    i.OLED_I2C_SendByte  oled.o
    0x08003586   0x0000001c   Code   RO         3274    i.OLED_I2C_Start    oled.o
    0x080035a2   0x00000016   Code   RO         3275    i.OLED_I2C_Stop     oled.o
    0x080035b8   0x0000009a   Code   RO         3276    i.OLED_Init         oled.o
    0x08003652   0x00000014   Code   RO         3278    i.OLED_Pow          oled.o
    0x08003666   0x00000032   Code   RO         3279    i.OLED_Printf       oled.o
    0x08003698   0x00000090   Code   RO         3281    i.OLED_ReverseArea  oled.o
    0x08003728   0x00000026   Code   RO         3282    i.OLED_SetCursor    oled.o
    0x0800374e   0x00000002   PAD
    0x08003750   0x00000078   Code   RO         3284    i.OLED_ShowChar     oled.o
    0x080037c8   0x000000fc   Code   RO         3287    i.OLED_ShowImage    oled.o
    0x080038c4   0x0000004c   Code   RO         3288    i.OLED_ShowNum      oled.o
    0x08003910   0x00000110   Code   RO         3290    i.OLED_ShowString   oled.o
    0x08003a20   0x00000028   Code   RO         3291    i.OLED_Update       oled.o
    0x08003a48   0x00000018   Code   RO         3293    i.OLED_W_SCL        oled.o
    0x08003a60   0x00000018   Code   RO         3294    i.OLED_W_SDA        oled.o
    0x08003a78   0x00000020   Code   RO         3295    i.OLED_WriteCommand  oled.o
    0x08003a98   0x0000002e   Code   RO         3296    i.OLED_WriteData    oled.o
    0x08003ac6   0x00000002   PAD
    0x08003ac8   0x0000000c   Code   RO         1710    i.PWR_BackupAccessCmd  stm32f10x_pwr.o
    0x08003ad4   0x00000002   Code   RO         4041    i.PendSV_Handler    stm32f10x_it.o
    0x08003ad6   0x00000014   Code   RO         3530    i.Peripheral_Init   menu.o
    0x08003aea   0x00000002   PAD
    0x08003aec   0x00000020   Code   RO         1775    i.RCC_APB1PeriphClockCmd  stm32f10x_rcc.o
    0x08003b0c   0x00000020   Code   RO         1777    i.RCC_APB2PeriphClockCmd  stm32f10x_rcc.o
    0x08003b2c   0x0000003c   Code   RO         1786    i.RCC_GetFlagStatus  stm32f10x_rcc.o
    0x08003b68   0x00000034   Code   RO         1793    i.RCC_LSEConfig     stm32f10x_rcc.o
    0x08003b9c   0x0000000c   Code   RO         1800    i.RCC_RTCCLKCmd     stm32f10x_rcc.o
    0x08003ba8   0x00000010   Code   RO         1801    i.RCC_RTCCLKConfig  stm32f10x_rcc.o
    0x08003bb8   0x00000014   Code   RO         1978    i.RTC_EnterConfigMode  stm32f10x_rtc.o
    0x08003bcc   0x00000014   Code   RO         1979    i.RTC_ExitConfigMode  stm32f10x_rtc.o
    0x08003be0   0x00000014   Code   RO         1980    i.RTC_GetCounter    stm32f10x_rtc.o
    0x08003bf4   0x0000001c   Code   RO         1986    i.RTC_SetCounter    stm32f10x_rtc.o
    0x08003c10   0x00000020   Code   RO         1987    i.RTC_SetPrescaler  stm32f10x_rtc.o
    0x08003c30   0x00000014   Code   RO         1988    i.RTC_WaitForLastTask  stm32f10x_rtc.o
    0x08003c44   0x00000024   Code   RO         1989    i.RTC_WaitForSynchro  stm32f10x_rtc.o
    0x08003c68   0x00000002   Code   RO         4042    i.SVC_Handler       stm32f10x_it.o
    0x08003c6a   0x00000002   PAD
    0x08003c6c   0x00000080   Code   RO         3754    i.SetDay            settime.o
    0x08003cec   0x00000084   Code   RO         3755    i.SetHour           settime.o
    0x08003d70   0x00000084   Code   RO         3756    i.SetMin            settime.o
    0x08003df4   0x00000084   Code   RO         3757    i.SetMonth          settime.o
    0x08003e78   0x00000084   Code   RO         3758    i.SetSec            settime.o
    0x08003efc   0x00000008   Code   RO           24    i.SetSysClock       system_stm32f10x.o
    0x08003f04   0x000000e0   Code   RO           25    i.SetSysClockTo72   system_stm32f10x.o
    0x08003fe4   0x0000016c   Code   RO         3759    i.SetTime           settime.o
    0x08004150   0x00000058   Code   RO         3760    i.SetYear           settime.o
    0x080041a8   0x00000024   Code   RO         3531    i.Set_Selection     menu.o
    0x080041cc   0x000000b8   Code   RO         3532    i.SettingPage       menu.o
    0x08004284   0x00000070   Code   RO         3934    i.Show_Barrier      dino.o
    0x080042f4   0x00000098   Code   RO         3533    i.Show_Clock_UI     menu.o
    0x0800438c   0x00000024   Code   RO         3935    i.Show_Cloud        dino.o
    0x080043b0   0x00000104   Code   RO         3936    i.Show_Dino         dino.o
    0x080044b4   0x00000100   Code   RO         3534    i.Show_Emoji_UI     menu.o
    0x080045b4   0x00000030   Code   RO         3535    i.Show_Game_UI      menu.o
    0x080045e4   0x00000050   Code   RO         3536    i.Show_Gradienter_UI  menu.o
    0x08004634   0x0000007c   Code   RO         3937    i.Show_Ground       dino.o
    0x080046b0   0x00000038   Code   RO         3537    i.Show_LED_UI       menu.o
    0x080046e8   0x00000090   Code   RO         3538    i.Show_MPU6050_UI   menu.o
    0x08004778   0x0000001c   Code   RO         3938    i.Show_Score        dino.o
    0x08004794   0x00000070   Code   RO         3761    i.Show_SetTime_FirstUI  settime.o
    0x08004804   0x0000005c   Code   RO         3762    i.Show_SetTime_SecondUI  settime.o
    0x08004860   0x00000034   Code   RO         3539    i.Show_SettingPage_UI  menu.o
    0x08004894   0x00000090   Code   RO         3540    i.Show_StopWatch_UI  menu.o
    0x08004924   0x00000114   Code   RO         3541    i.StopWatch         menu.o
    0x08004a38   0x00000078   Code   RO         3542    i.StopWatch_Tick    menu.o
    0x08004ab0   0x00000002   Code   RO         4043    i.SysTick_Handler   stm32f10x_it.o
    0x08004ab2   0x00000002   PAD
    0x08004ab4   0x00000060   Code   RO           27    i.SystemInit        system_stm32f10x.o
    0x08004b14   0x00000024   Code   RO         3998    i.TIM2_IRQHandler   main.o
    0x08004b38   0x00000006   Code   RO         2415    i.TIM_ClearFlag     stm32f10x_tim.o
    0x08004b3e   0x00000006   Code   RO         2416    i.TIM_ClearITPendingBit  stm32f10x_tim.o
    0x08004b44   0x00000018   Code   RO         2421    i.TIM_Cmd           stm32f10x_tim.o
    0x08004b5c   0x00000022   Code   RO         2442    i.TIM_GetITStatus   stm32f10x_tim.o
    0x08004b7e   0x00000012   Code   RO         2446    i.TIM_ITConfig      stm32f10x_tim.o
    0x08004b90   0x0000000c   Code   RO         2448    i.TIM_InternalClockConfig  stm32f10x_tim.o
    0x08004b9c   0x000000a4   Code   RO         2492    i.TIM_TimeBaseInit  stm32f10x_tim.o
    0x08004c40   0x0000007c   Code   RO         3250    i.Timer_Init        timer.o
    0x08004cbc   0x00000004   Code   RO         4044    i.UsageFault_Handler  stm32f10x_it.o
    0x08004cc0   0x00000028   Code   RO         4443    i.__ARM_fpclassify  m_ws.l(fpclassify.o)
    0x08004ce8   0x00000388   Code   RO         4386    i.__ieee754_rem_pio2  m_ws.l(rred.o)
    0x08005070   0x000000fc   Code   RO         4368    i.__kernel_cos      m_ws.l(cos_i.o)
    0x0800516c   0x000000aa   Code   RO         4445    i.__kernel_poly     m_ws.l(poly.o)
    0x08005216   0x00000002   PAD
    0x08005218   0x000000ec   Code   RO         4391    i.__kernel_sin      m_ws.l(sin_i.o)
    0x08005304   0x00000006   Code   RO         4372    i.__mathlib_dbl_infnan  m_ws.l(dunder.o)
    0x0800530a   0x00000004   Code   RO         4373    i.__mathlib_dbl_infnan2  m_ws.l(dunder.o)
    0x0800530e   0x0000000c   Code   RO         4374    i.__mathlib_dbl_invalid  m_ws.l(dunder.o)
    0x0800531a   0x00000002   PAD
    0x0800531c   0x00000010   Code   RO         4377    i.__mathlib_dbl_underflow  m_ws.l(dunder.o)
    0x0800532c   0x0000000e   Code   RO         4254    i._is_digit         c_w.l(__printf_wp.o)
    0x0800533a   0x00000002   PAD
    0x0800533c   0x00000220   Code   RO         4359    i.atan              m_ws.l(atan.o)
    0x0800555c   0x00000180   Code   RO         4176    i.atan2             m_ws.l(atan2.o)
    0x080056dc   0x0000005c   Code   RO         3939    i.isColliding       dino.o
    0x08005738   0x0000002c   Code   RO         3999    i.main              main.o
    0x08005764   0x000000a0   Code   RO         4186    i.sin               m_ws.l(sin.o)
    0x08005804   0x0000002c   Code   RO         4487    locale$$code        c_w.l(lc_numeric_c.o)
    0x08005830   0x0000002c   Code   RO         4512    locale$$code        c_w.l(lc_ctype_c.o)
    0x0800585c   0x00000062   Code   RO         4121    x$fpl$d2f           fz_ws.l(d2f.o)
    0x080058be   0x00000002   PAD
    0x080058c0   0x00000150   Code   RO         4123    x$fpl$dadd          fz_ws.l(daddsub_clz.o)
    0x08005a10   0x00000010   Code   RO         4501    x$fpl$dcheck1       fz_ws.l(dcheck1.o)
    0x08005a20   0x00000018   Code   RO         4335    x$fpl$dcmpinf       fz_ws.l(dcmpi.o)
    0x08005a38   0x000002b0   Code   RO         4130    x$fpl$ddiv          fz_ws.l(ddiv.o)
    0x08005ce8   0x0000005e   Code   RO         4133    x$fpl$dfix          fz_ws.l(dfix.o)
    0x08005d46   0x00000002   PAD
    0x08005d48   0x0000005a   Code   RO         4137    x$fpl$dfixu         fz_ws.l(dfixu.o)
    0x08005da2   0x0000002e   Code   RO         4142    x$fpl$dflt          fz_ws.l(dflt_clz.o)
    0x08005dd0   0x00000026   Code   RO         4141    x$fpl$dfltu         fz_ws.l(dflt_clz.o)
    0x08005df6   0x00000002   PAD
    0x08005df8   0x00000078   Code   RO         4147    x$fpl$dleqf         fz_ws.l(dleqf.o)
    0x08005e70   0x00000154   Code   RO         4149    x$fpl$dmul          fz_ws.l(dmul.o)
    0x08005fc4   0x0000009c   Code   RO         4337    x$fpl$dnaninf       fz_ws.l(dnaninf.o)
    0x08006060   0x0000000c   Code   RO         4339    x$fpl$dretinf       fz_ws.l(dretinf.o)
    0x0800606c   0x00000016   Code   RO         4124    x$fpl$drsb          fz_ws.l(daddsub_clz.o)
    0x08006082   0x00000002   PAD
    0x08006084   0x000001d4   Code   RO         4125    x$fpl$dsub          fz_ws.l(daddsub_clz.o)
    0x08006258   0x00000056   Code   RO         4153    x$fpl$f2d           fz_ws.l(f2d.o)
    0x080062ae   0x00000002   PAD
    0x080062b0   0x000000c4   Code   RO         4155    x$fpl$fadd          fz_ws.l(faddsub_clz.o)
    0x08006374   0x00000018   Code   RO         4343    x$fpl$fcmpinf       fz_ws.l(fcmpi.o)
    0x0800638c   0x00000036   Code   RO         4161    x$fpl$ffix          fz_ws.l(ffix.o)
    0x080063c2   0x00000002   PAD
    0x080063c4   0x00000030   Code   RO         4166    x$fpl$fflt          fz_ws.l(fflt_clz.o)
    0x080063f4   0x00000068   Code   RO         4171    x$fpl$fleqf         fz_ws.l(fleqf.o)
    0x0800645c   0x00000102   Code   RO         4173    x$fpl$fmul          fz_ws.l(fmul.o)
    0x0800655e   0x0000008c   Code   RO         4345    x$fpl$fnaninf       fz_ws.l(fnaninf.o)
    0x080065ea   0x0000000a   Code   RO         4347    x$fpl$fretinf       fz_ws.l(fretinf.o)
    0x080065f4   0x000000ea   Code   RO         4157    x$fpl$fsub          fz_ws.l(faddsub_clz.o)
    0x080066de   0x00000004   Code   RO         4349    x$fpl$printf1       fz_ws.l(printf1.o)
    0x080066e2   0x00000004   Code   RO         4351    x$fpl$printf2       fz_ws.l(printf2.o)
    0x080066e6   0x00000064   Code   RO         4518    x$fpl$retnan        fz_ws.l(retnan.o)
    0x0800674a   0x0000005c   Code   RO         4441    x$fpl$scalbn        fz_ws.l(scalbn.o)
    0x080067a6   0x00000030   Code   RO         4536    x$fpl$trapveneer    fz_ws.l(trapv.o)
    0x080067d6   0x00000000   Code   RO         4357    x$fpl$usenofp       fz_ws.l(usenofp.o)
    0x080067d6   0x000021b7   Data   RO         3508    .constdata          oled_data.o
    0x0800898d   0x00000003   PAD
    0x08008990   0x00000008   Data   RO         4213    .constdata          c_w.l(_printf_wctomb.o)
    0x08008998   0x00000028   Data   RO         4242    .constdata          c_w.l(_printf_hex_int_ll_ptr.o)
    0x080089c0   0x00000011   Data   RO         4262    .constdata          c_w.l(__printf_flags_ss_wp.o)
    0x080089d1   0x0000000c   Data   RO         4287    .constdata          c_w.l(_monlen.o)
    0x080089dd   0x00000003   PAD
    0x080089e0   0x00000098   Data   RO         4360    .constdata          m_ws.l(atan.o)
    0x08008a78   0x00000030   Data   RO         4369    .constdata          m_ws.l(cos_i.o)
    0x08008aa8   0x00000008   Data   RO         4385    .constdata          m_ws.l(qnan.o)
    0x08008ab0   0x000000c8   Data   RO         4388    .constdata          m_ws.l(rred.o)
    0x08008b78   0x00000028   Data   RO         4392    .constdata          m_ws.l(sin_i.o)
    0x08008ba0   0x00000026   Data   RO         4424    .constdata          c_w.l(_printf_fp_hex.o)
    0x08008bc6   0x00000002   PAD
    0x08008bc8   0x00000094   Data   RO         4462    .constdata          c_w.l(bigflt0.o)
    0x08008c5c   0x00000020   Data   RO         4582    Region$$Table       anon$$obj.o
    0x08008c7c   0x0000001c   Data   RO         4486    locale$$data        c_w.l(lc_numeric_c.o)
    0x08008c98   0x00000110   Data   RO         4511    locale$$data        c_w.l(lc_ctype_c.o)


    Execution Region RW_IRAM1 (Base: 0x20000000, Size: 0x00000c00, Max: 0x00005000, ABSOLUTE)

    Base Addr    Size         Type   Attr      Idx    E Section Name        Object

    0x20000000   0x0000000c   Data   RW         3223    .data               myrtc.o
    0x2000000c   0x00000004   PAD
    0x20000010   0x0000005c   Data   RW         3543    .data               menu.o
    0x2000006c   0x00000004   Data   RW         3700    .data               key.o
    0x20000070   0x00000004   Data   RW         3763    .data               settime.o
    0x20000074   0x00000018   Data   RW         3940    .data               dino.o
    0x2000008c   0x00000400   Zero   RW         3298    .bss                oled.o
    0x2000048c   0x000000e4   Zero   RW         4105    .bss                c_w.l(rand.o)
    0x20000570   0x0000002c   Zero   RW         4113    .bss                c_w.l(localtime.o)
    0x2000059c   0x00000060   Zero   RW         4448    .bss                c_w.l(libspace.o)
    0x200005fc   0x00000004   PAD
    0x20000600   0x00000200   Zero   RW            2    HEAP                startup_stm32f10x_md.o
    0x20000800   0x00000400   Zero   RW            1    STACK               startup_stm32f10x_md.o


==============================================================================

Image component sizes


      Code (inc. data)   RO Data    RW Data    ZI Data      Debug   Object Name

         0          0          0          0          0       4496   core_cm3.o
        94          0          0          0          0       1332   delay.o
       988        168          0         24          0       5564   dino.o
       232         38          0          4          0       2128   key.o
        92         16          0          0          0       1250   led.o
        80          0          0          0          0        905   main.o
      3580        460          0         92          0      13208   menu.o
       132         22          0          0          0     204671   misc.o
       336          0          0          0          0       2610   mpu6050.o
       344         18          0          0          0       4650   myi2c.o
       286         10          0         12          0       2939   myrtc.o
      2928         68          0          0       1024      14676   oled.o
         0          0       8631          0          0       1502   oled_data.o
      1368        138          0          4          0       5645   settime.o
        64         26        236          0       1536        804   startup_stm32f10x_md.o
         0          0          0          0          0       1644   stm32f10x_adc.o
        56         10          0          0          0       2031   stm32f10x_bkp.o
       314          0          0          0          0      12204   stm32f10x_gpio.o
        26          0          0          0          0       3602   stm32f10x_it.o
        12          6          0          0          0        462   stm32f10x_pwr.o
       204         32          0          0          0       3037   stm32f10x_rcc.o
       176         34          0          0          0       3147   stm32f10x_rtc.o
       264         42          0          0          0      24476   stm32f10x_tim.o
       328         28          0          0          0      30393   system_stm32f10x.o
       124          0          0          0          0        529   timer.o

    ----------------------------------------------------------------------
     12044       1116       8902        140       2560     347905   Object Totals
         0          0         32          0          0          0   (incl. Generated)
        16          0          3          4          0          0   (incl. Padding)

    ----------------------------------------------------------------------

      Code (inc. data)   RO Data    RW Data    ZI Data      Debug   Library Member Name

         8          0          0          0          0         68   __main.o
       392          4         17          0          0         92   __printf_flags_ss_wp.o
        14          0          0          0          0         68   __printf_wp.o
         0          0          0          0          0          0   __rtentry.o
        12          0          0          0          0          0   __rtentry2.o
         6          0          0          0          0          0   __rtentry4.o
        52          8          0          0          0          0   __scatter.o
        26          0          0          0          0          0   __scatter_copy.o
        28          0          0          0          0          0   __scatter_zi.o
         0          0         12          0          0          0   _monlen.o
         6          0          0          0          0          0   _printf_a.o
         6          0          0          0          0          0   _printf_c.o
        44          0          0          0          0        108   _printf_char.o
        48          6          0          0          0         96   _printf_char_common.o
        40          0          0          0          0         68   _printf_charcount.o
         6          0          0          0          0          0   _printf_d.o
       120         16          0          0          0         92   _printf_dec.o
         6          0          0          0          0          0   _printf_e.o
         6          0          0          0          0          0   _printf_f.o
      1050          0          0          0          0        216   _printf_fp_dec.o
       764         10         38          0          0        100   _printf_fp_hex.o
       128         16          0          0          0         84   _printf_fp_infnan.o
         6          0          0          0          0          0   _printf_g.o
       148          4         40          0          0        160   _printf_hex_int_ll_ptr.o
         6          0          0          0          0          0   _printf_i.o
       178          0          0          0          0         88   _printf_intcommon.o
        10          0          0          0          0          0   _printf_l.o
         6          0          0          0          0          0   _printf_lc.o
        10          0          0          0          0          0   _printf_ll.o
         6          0          0          0          0          0   _printf_lld.o
         6          0          0          0          0          0   _printf_lli.o
         6          0          0          0          0          0   _printf_llo.o
         6          0          0          0          0          0   _printf_llu.o
         6          0          0          0          0          0   _printf_llx.o
       124         16          0          0          0         92   _printf_longlong_dec.o
         6          0          0          0          0          0   _printf_ls.o
         6          0          0          0          0          0   _printf_n.o
         6          0          0          0          0          0   _printf_o.o
       112          8          0          0          0        124   _printf_oct_int_ll.o
         6          0          0          0          0          0   _printf_p.o
        78          0          0          0          0        108   _printf_pad.o
         0          0          0          0          0          0   _printf_percent.o
         4          0          0          0          0          0   _printf_percent_end.o
         6          0          0          0          0          0   _printf_s.o
        82          0          0          0          0         80   _printf_str.o
        36          0          0          0          0         84   _printf_truncate.o
         6          0          0          0          0          0   _printf_u.o
        44          0          0          0          0        108   _printf_wchar.o
       188          6          8          0          0         92   _printf_wctomb.o
         6          0          0          0          0          0   _printf_x.o
        22          0          0          0          0        100   _rserrno.o
        10          0          0          0          0         68   _sputc.o
        64          0          0          0          0         92   _wcrtomb.o
       220          4        148          0          0         96   bigflt0.o
      1910        128          0          0          0        672   btod.o
        12          0          0          0          0         72   exit.o
         6          0          0          0          0        152   heapauxi.o
         0          0          0          0          0          0   indicate_semi.o
        44         10        272          0          0         76   lc_ctype_c.o
        44         10         28          0          0         76   lc_numeric_c.o
         2          0          0          0          0          0   libinit.o
        34          0          0          0          0          0   libinit2.o
         2          0          0          0          0          0   libshutdown.o
         2          0          0          0          0          0   libshutdown2.o
         8          4          0          0         96         68   libspace.o
       138          0          0          0          0         80   lludiv10.o
        12          6          0          0         44         68   localtime.o
       184          6          0          0          0         80   localtime_internal.o
       424         10          0          0          0        124   mktime.o
       112         18          0          0        228        160   rand.o
        16          4          0          0          0         76   rt_ctype_table.o
         8          4          0          0          0         68   rt_errno_addr_intlibspace.o
         8          4          0          0          0         68   rt_locale_intlibspace.o
        78          0          0          0          0         80   rt_memclr_w.o
       100          0          0          0          0         80   rt_memcpy_w.o
         2          0          0          0          0          0   rtexit.o
        10          0          0          0          0          0   rtexit2.o
       128          0          0          0          0         68   strcmpv7m.o
        12          4          0          0          0         68   sys_exit.o
        74          0          0          0          0         80   sys_stackheap_outer.o
         2          0          0          0          0         68   use_no_semi.o
        36          4          0          0          0         76   vsprintf.o
        98          4          0          0          0         92   d2f.o
       826         16          0          0          0        348   daddsub_clz.o
        16          4          0          0          0         68   dcheck1.o
        24          0          0          0          0         68   dcmpi.o
       688        140          0          0          0        208   ddiv.o
        94          4          0          0          0         92   dfix.o
        90          4          0          0          0         92   dfixu.o
        84          0          0          0          0        136   dflt_clz.o
       120          4          0          0          0         92   dleqf.o
       340         12          0          0          0        104   dmul.o
       156          4          0          0          0         92   dnaninf.o
        12          0          0          0          0         68   dretinf.o
        86          4          0          0          0         84   f2d.o
       430          8          0          0          0        168   faddsub_clz.o
        24          0          0          0          0         68   fcmpi.o
        54          4          0          0          0         84   ffix.o
        48          0          0          0          0         68   fflt_clz.o
       104          4          0          0          0         84   fleqf.o
       258          4          0          0          0         84   fmul.o
       140          4          0          0          0         84   fnaninf.o
        10          0          0          0          0         68   fretinf.o
         4          0          0          0          0         68   printf1.o
         4          0          0          0          0         68   printf2.o
       100          0          0          0          0         68   retnan.o
        92          0          0          0          0         68   scalbn.o
        48          0          0          0          0         68   trapv.o
         0          0          0          0          0          0   usenofp.o
       544         70        152          0          0        124   atan.o
       384         38          0          0          0        144   atan2.o
       252         22         48          0          0        124   cos_i.o
        38          6          0          0          0        272   dunder.o
        40          0          0          0          0         68   fpclassify.o
       170          0          0          0          0         96   poly.o
         0          0          8          0          0          0   qnan.o
       904         76        200          0          0        140   rred.o
       160         10          0          0          0        108   sin.o
       236         12         40          0          0        128   sin_i.o

    ----------------------------------------------------------------------
     14302        764       1016          0        372       8440   Library Totals
        34          0          5          0          4          0   (incl. Padding)

    ----------------------------------------------------------------------

      Code (inc. data)   RO Data    RW Data    ZI Data      Debug   Library Name

      7590        310        563          0        368       4644   c_w.l
      3950        220          0          0          0       2592   fz_ws.l
      2728        234        448          0          0       1204   m_ws.l

    ----------------------------------------------------------------------
     14302        764       1016          0        372       8440   Library Totals

    ----------------------------------------------------------------------

==============================================================================


      Code (inc. data)   RO Data    RW Data    ZI Data      Debug   

     26346       1880       9918        140       2932     344797   Grand Totals
     26346       1880       9918        140       2932     344797   ELF Image Totals
     26346       1880       9918        140          0          0   ROM Totals

==============================================================================

    Total RO  Size (Code + RO Data)                36264 (  35.41kB)
    Total RW  Size (RW Data + ZI Data)              3072 (   3.00kB)
    Total ROM Size (Code + RO Data + RW Data)      36404 (  35.55kB)

==============================================================================

