Component: ARM Compiler 5.05 update 1 (build 106) Tool: armlink [4d0efa]

==============================================================================

Section Cross References

    startup_stm32f10x_md.o(STACK) refers (Special) to heapauxi.o(.text) for __use_two_region_memory
    startup_stm32f10x_md.o(HEAP) refers (Special) to heapauxi.o(.text) for __use_two_region_memory
    startup_stm32f10x_md.o(RESET) refers (Special) to heapauxi.o(.text) for __use_two_region_memory
    startup_stm32f10x_md.o(RESET) refers to startup_stm32f10x_md.o(STACK) for __initial_sp
    startup_stm32f10x_md.o(RESET) refers to startup_stm32f10x_md.o(.text) for Reset_Handler
    startup_stm32f10x_md.o(RESET) refers to stm32f10x_it.o(i.NMI_Handler) for NMI_Handler
    startup_stm32f10x_md.o(RESET) refers to stm32f10x_it.o(i.HardFault_Handler) for HardFault_Handler
    startup_stm32f10x_md.o(RESET) refers to stm32f10x_it.o(i.MemManage_Handler) for MemManage_Handler
    startup_stm32f10x_md.o(RESET) refers to stm32f10x_it.o(i.BusFault_Handler) for BusFault_Handler
    startup_stm32f10x_md.o(RESET) refers to stm32f10x_it.o(i.UsageFault_Handler) for UsageFault_Handler
    startup_stm32f10x_md.o(RESET) refers to stm32f10x_it.o(i.SVC_Handler) for SVC_Handler
    startup_stm32f10x_md.o(RESET) refers to stm32f10x_it.o(i.DebugMon_Handler) for DebugMon_Handler
    startup_stm32f10x_md.o(RESET) refers to stm32f10x_it.o(i.PendSV_Handler) for PendSV_Handler
    startup_stm32f10x_md.o(RESET) refers to stm32f10x_it.o(i.SysTick_Handler) for SysTick_Handler
    startup_stm32f10x_md.o(RESET) refers to main.o(i.TIM2_IRQHandler) for TIM2_IRQHandler
    startup_stm32f10x_md.o(.text) refers (Special) to heapauxi.o(.text) for __use_two_region_memory
    startup_stm32f10x_md.o(.text) refers to system_stm32f10x.o(i.SystemInit) for SystemInit
    startup_stm32f10x_md.o(.text) refers to __main.o(!!!main) for __main
    startup_stm32f10x_md.o(.text) refers to startup_stm32f10x_md.o(HEAP) for Heap_Mem
    startup_stm32f10x_md.o(.text) refers to startup_stm32f10x_md.o(STACK) for Stack_Mem
    system_stm32f10x.o(i.SetSysClock) refers to system_stm32f10x.o(i.SetSysClockTo72) for SetSysClockTo72
    system_stm32f10x.o(i.SystemCoreClockUpdate) refers to system_stm32f10x.o(.data) for SystemCoreClock
    system_stm32f10x.o(i.SystemInit) refers to system_stm32f10x.o(i.SetSysClock) for SetSysClock
    stm32f10x_adc.o(i.ADC_DeInit) refers to stm32f10x_rcc.o(i.RCC_APB2PeriphResetCmd) for RCC_APB2PeriphResetCmd
    stm32f10x_bkp.o(i.BKP_DeInit) refers to stm32f10x_rcc.o(i.RCC_BackupResetCmd) for RCC_BackupResetCmd
    stm32f10x_can.o(i.CAN_DeInit) refers to stm32f10x_rcc.o(i.RCC_APB1PeriphResetCmd) for RCC_APB1PeriphResetCmd
    stm32f10x_can.o(i.CAN_GetITStatus) refers to stm32f10x_can.o(i.CheckITStatus) for CheckITStatus
    stm32f10x_cec.o(i.CEC_DeInit) refers to stm32f10x_rcc.o(i.RCC_APB1PeriphResetCmd) for RCC_APB1PeriphResetCmd
    stm32f10x_dac.o(i.DAC_DeInit) refers to stm32f10x_rcc.o(i.RCC_APB1PeriphResetCmd) for RCC_APB1PeriphResetCmd
    stm32f10x_flash.o(i.FLASH_EnableWriteProtection) refers to stm32f10x_flash.o(i.FLASH_WaitForLastOperation) for FLASH_WaitForLastOperation
    stm32f10x_flash.o(i.FLASH_EraseAllBank1Pages) refers to stm32f10x_flash.o(i.FLASH_WaitForLastBank1Operation) for FLASH_WaitForLastBank1Operation
    stm32f10x_flash.o(i.FLASH_EraseAllPages) refers to stm32f10x_flash.o(i.FLASH_WaitForLastOperation) for FLASH_WaitForLastOperation
    stm32f10x_flash.o(i.FLASH_EraseOptionBytes) refers to stm32f10x_flash.o(i.FLASH_GetReadOutProtectionStatus) for FLASH_GetReadOutProtectionStatus
    stm32f10x_flash.o(i.FLASH_EraseOptionBytes) refers to stm32f10x_flash.o(i.FLASH_WaitForLastOperation) for FLASH_WaitForLastOperation
    stm32f10x_flash.o(i.FLASH_ErasePage) refers to stm32f10x_flash.o(i.FLASH_WaitForLastOperation) for FLASH_WaitForLastOperation
    stm32f10x_flash.o(i.FLASH_ProgramHalfWord) refers to stm32f10x_flash.o(i.FLASH_WaitForLastOperation) for FLASH_WaitForLastOperation
    stm32f10x_flash.o(i.FLASH_ProgramOptionByteData) refers to stm32f10x_flash.o(i.FLASH_WaitForLastOperation) for FLASH_WaitForLastOperation
    stm32f10x_flash.o(i.FLASH_ProgramWord) refers to stm32f10x_flash.o(i.FLASH_WaitForLastOperation) for FLASH_WaitForLastOperation
    stm32f10x_flash.o(i.FLASH_ReadOutProtection) refers to stm32f10x_flash.o(i.FLASH_WaitForLastOperation) for FLASH_WaitForLastOperation
    stm32f10x_flash.o(i.FLASH_UserOptionByteConfig) refers to stm32f10x_flash.o(i.FLASH_WaitForLastOperation) for FLASH_WaitForLastOperation
    stm32f10x_flash.o(i.FLASH_WaitForLastBank1Operation) refers to stm32f10x_flash.o(i.FLASH_GetBank1Status) for FLASH_GetBank1Status
    stm32f10x_flash.o(i.FLASH_WaitForLastOperation) refers to stm32f10x_flash.o(i.FLASH_GetBank1Status) for FLASH_GetBank1Status
    stm32f10x_gpio.o(i.GPIO_AFIODeInit) refers to stm32f10x_rcc.o(i.RCC_APB2PeriphResetCmd) for RCC_APB2PeriphResetCmd
[...]
    i.__mathlib_dbl_underflow                0x08004170   Section        0  dunder.o(i.__mathlib_dbl_underflow)
    i._is_digit                              0x08004180   Section        0  __printf_wp.o(i._is_digit)
    i.atan                                   0x08004190   Section        0  atan.o(i.atan)
    i.atan2                                  0x080043b0   Section        0  atan2.o(i.atan2)
    i.main                                   0x08004530   Section        0  main.o(i.main)
    locale$$code                             0x0800455c   Section       44  lc_numeric_c.o(locale$$code)
    locale$$code                             0x08004588   Section       44  lc_ctype_c.o(locale$$code)
    x$fpl$d2f                                0x080045b4   Section       98  d2f.o(x$fpl$d2f)
    x$fpl$dadd                               0x08004618   Section      336  daddsub_clz.o(x$fpl$dadd)
    _dadd1                                   0x08004629   Thumb Code     0  daddsub_clz.o(x$fpl$dadd)
    x$fpl$dcheck1                            0x08004768   Section       16  dcheck1.o(x$fpl$dcheck1)
    x$fpl$ddiv                               0x08004778   Section      688  ddiv.o(x$fpl$ddiv)
    ddiv_entry                               0x0800477f   Thumb Code     0  ddiv.o(x$fpl$ddiv)
    x$fpl$dflt                               0x08004a28   Section       46  dflt_clz.o(x$fpl$dflt)
    x$fpl$dmul                               0x08004a58   Section      340  dmul.o(x$fpl$dmul)
    x$fpl$dnaninf                            0x08004bac   Section      156  dnaninf.o(x$fpl$dnaninf)
    x$fpl$dretinf                            0x08004c48   Section       12  dretinf.o(x$fpl$dretinf)
    x$fpl$drsb                               0x08004c54   Section       22  daddsub_clz.o(x$fpl$drsb)
    x$fpl$dsub                               0x08004c6c   Section      468  daddsub_clz.o(x$fpl$dsub)
    _dsub1                                   0x08004c7d   Thumb Code     0  daddsub_clz.o(x$fpl$dsub)
    x$fpl$f2d                                0x08004e40   Section       86  f2d.o(x$fpl$f2d)
    x$fpl$fadd                               0x08004e98   Section      196  faddsub_clz.o(x$fpl$fadd)
    _fadd1                                   0x08004ea7   Thumb Code     0  faddsub_clz.o(x$fpl$fadd)
    x$fpl$fflt                               0x08004f5c   Section       48  fflt_clz.o(x$fpl$fflt)
    x$fpl$fmul                               0x08004f8c   Section      258  fmul.o(x$fpl$fmul)
    x$fpl$fnaninf                            0x0800508e   Section      140  fnaninf.o(x$fpl$fnaninf)
    x$fpl$fretinf                            0x0800511a   Section       10  fretinf.o(x$fpl$fretinf)
    x$fpl$fsub                               0x08005124   Section      234  faddsub_clz.o(x$fpl$fsub)
    _fsub1                                   0x08005133   Thumb Code     0  faddsub_clz.o(x$fpl$fsub)
    x$fpl$printf1                            0x0800520e   Section        4  printf1.o(x$fpl$printf1)
    x$fpl$printf2                            0x08005212   Section        4  printf2.o(x$fpl$printf2)
    x$fpl$retnan                             0x08005216   Section      100  retnan.o(x$fpl$retnan)
    x$fpl$scalbn                             0x0800527a   Section       92  scalbn.o(x$fpl$scalbn)
    x$fpl$trapveneer                         0x080052d6   Section       48  trapv.o(x$fpl$trapveneer)
    .constdata                               0x08005306   Section     7772  oled_data.o(.constdata)
    x$fpl$usenofp                            0x08005306   Section        0  usenofp.o(x$fpl$usenofp)
    .constdata                               0x08007164   Section        8  _printf_wctomb.o(.constdata)
    initial_mbstate                          0x08007164   Data           8  _printf_wctomb.o(.constdata)
    .constdata                               0x0800716c   Section       40  _printf_hex_int_ll_ptr.o(.constdata)
    uc_hextab                                0x0800716c   Data          20  _printf_hex_int_ll_ptr.o(.constdata)
    lc_hextab                                0x08007180   Data          20  _printf_hex_int_ll_ptr.o(.constdata)
    .constdata                               0x08007194   Section       17  __printf_flags_ss_wp.o(.constdata)
    maptable                                 0x08007194   Data          17  __printf_flags_ss_wp.o(.constdata)
    .constdata                               0x080071a5   Section       12  _monlen.o(.constdata)
    .constdata                               0x080071b8   Section      152  atan.o(.constdata)
    atanhi                                   0x080071b8   Data          32  atan.o(.constdata)
    atanlo                                   0x080071d8   Data          32  atan.o(.constdata)
    aTodd                                    0x080071f8   Data          40  atan.o(.constdata)
    aTeven                                   0x08007220   Data          48  atan.o(.constdata)
    .constdata                               0x08007250   Section        8  qnan.o(.constdata)
    .constdata                               0x08007258   Section       38  _printf_fp_hex.o(.constdata)
    lc_hextab                                0x08007258   Data          19  _printf_fp_hex.o(.constdata)
    uc_hextab                                0x0800726b   Data          19  _printf_fp_hex.o(.constdata)
    .constdata                               0x08007280   Section      148  bigflt0.o(.constdata)
    tenpwrs_x                                0x08007280   Data          60  bigflt0.o(.constdata)
    tenpwrs_i                                0x080072bc   Data          64  bigflt0.o(.constdata)
    locale$$data                             0x08007334   Section       28  lc_numeric_c.o(locale$$data)
    __lcnum_c_name                           0x08007338   Data           2  lc_numeric_c.o(locale$$data)
    __lcnum_c_start                          0x08007340   Data           0  lc_numeric_c.o(locale$$data)
    __lcnum_c_point                          0x0800734c   Data           0  lc_numeric_c.o(locale$$data)
    __lcnum_c_thousands                      0x0800734e   Data           0  lc_numeric_c.o(locale$$data)
    __lcnum_c_grouping                       0x0800734f   Data           0  lc_numeric_c.o(locale$$data)
    locale$$data                             0x08007350   Section      272  lc_ctype_c.o(locale$$data)
    __lcnum_c_end                            0x08007350   Data           0  lc_numeric_c.o(locale$$data)
    __lcctype_c_name                         0x08007354   Data           2  lc_ctype_c.o(locale$$data)
    __lcctype_c_start                        0x0800735c   Data           0  lc_ctype_c.o(locale$$data)
    __lcctype_c_end                          0x08007460   Data           0  lc_ctype_c.o(locale$$data)
    .data                                    0x20000000   Section       12  myrtc.o(.data)
    .data                                    0x20000010   Section       90  menu.o(.data)
    Count                                    0x20000068   Data           2  menu.o(.data)
    .data                                    0x2000006a   Section        4  key.o(.data)
    Count                                    0x2000006b   Data           1  key.o(.data)
    CurrentState                             0x2000006c   Data           1  key.o(.data)
    PreState                                 0x2000006d   Data           1  key.o(.data)
    .data                                    0x20000070   Section        4  settime.o(.data)
    .bss                                     0x20000074   Section     1024  oled.o(.bss)
    .bss                                     0x20000474   Section       44  localtime.o(.bss)
    _tms                                     0x20000474   Data          44  localtime.o(.bss)
    .bss                                     0x200004a0   Section       96  libspace.o(.bss)
    HEAP                                     0x20000500   Section      512  startup_stm32f10x_md.o(HEAP)
    Heap_Mem                                 0x20000500   Data         512  startup_stm32f10x_md.o(HEAP)
    STACK                                    0x20000700   Section     1024  startup_stm32f10x_md.o(STACK)
    Stack_Mem                                0x20000700   Data        1024  startup_stm32f10x_md.o(STACK)
    __initial_sp                             0x20000b00   Data           0  startup_stm32f10x_md.o(STACK)

    Global Symbols

    Symbol Name                              Value     Ov Type        Size  Object(Section)

    BuildAttributes$$THM_ISAv4$P$D$K$B$S$PE$A:L22UL41UL21$X:L11$S22US41US21$IEEE1$IW$USESV6$~STKCKD$USESV7$~SHL$OTIME$ROPI$IEEEX$EBA8$UX$STANDARDLIB$REQ8$PRES8$EABIv2 0x00000000   Number         0  anon$$obj.o ABSOLUTE
    __ARM_use_no_argv                        0x00000000   Number         0  main.o ABSOLUTE
    _printf_flags                            0x00000000   Number         0  printf_stubs.o ABSOLUTE
    _printf_return_value                     0x00000000   Number         0  printf_stubs.o ABSOLUTE
    _printf_sizespec                         0x00000000   Number         0  printf_stubs.o ABSOLUTE
    _printf_widthprec                        0x00000000   Number         0  printf_stubs.o ABSOLUTE
    __ARM_exceptions_init                     - Undefined Weak Reference
    __alloca_initialize                       - Undefined Weak Reference
    __arm_preinit_                            - Undefined Weak Reference
    __cpp_initialize__aeabi_                  - Undefined Weak Reference
    __cxa_finalize                            - Undefined Weak Reference
    __sigvec_lookup                           - Undefined Weak Reference
    _atexit_init                              - Undefined Weak Reference
    _call_atexit_fns                          - Undefined Weak Reference
    _clock_init                               - Undefined Weak Reference
    _fp_trap_init                             - Undefined Weak Reference
    _fp_trap_shutdown                         - Undefined Weak Reference
    _get_lc_collate                           - Undefined Weak Reference
    _get_lc_monetary                          - Undefined Weak Reference
    _get_lc_time                              - Undefined Weak Reference
    _getenv_init                              - Undefined Weak Reference
    _handle_redirection                       - Undefined Weak Reference
    _init_alloc                               - Undefined Weak Reference
    _init_user_alloc                          - Undefined Weak Reference
    _initio                                   - Undefined Weak Reference
    _printf_mbtowc                            - Undefined Weak Reference
    _printf_wc                                - Undefined Weak Reference
    _rand_init                                - Undefined Weak Reference
    _signal_finish                            - Undefined Weak Reference
    _signal_init                              - Undefined Weak Reference
    _terminate_alloc                          - Undefined Weak Reference
    _terminate_user_alloc                     - Undefined Weak Reference
    _terminateio                              - Undefined Weak Reference
    __Vectors_Size                           0x000000ec   Number         0  startup_stm32f10x_md.o ABSOLUTE
    __Vectors                                0x08000000   Data           4  startup_stm32f10x_md.o(RESET)
    __Vectors_End                            0x080000ec   Data           0  startup_stm32f10x_md.o(RESET)
    __main                                   0x080000ed   Thumb Code     8  __main.o(!!!main)
    __scatterload                            0x080000f5   Thumb Code     0  __scatter.o(!!!scatter)
    __scatterload_rt2                        0x080000f5   Thumb Code    44  __scatter.o(!!!scatter)
    __scatterload_rt2_thumb_only             0x080000f5   Thumb Code     0  __scatter.o(!!!scatter)
    __scatterload_null                       0x08000103   Thumb Code     0  __scatter.o(!!!scatter)
    __scatterload_copy                       0x08000129   Thumb Code    26  __scatter_copy.o(!!handler_copy)
    __scatterload_zeroinit                   0x08000145   Thumb Code    28  __scatter_zi.o(!!handler_zi)
    _printf_n                                0x08000161   Thumb Code     0  _printf_n.o(.ARM.Collect$$_printf_percent$$00000001)
    _printf_percent                          0x08000161   Thumb Code     0  _printf_percent.o(.ARM.Collect$$_printf_percent$$00000000)
    _printf_p                                0x08000167   Thumb Code     0  _printf_p.o(.ARM.Collect$$_printf_percent$$00000002)
    _printf_f                                0x0800016d   Thumb Code     0  _printf_f.o(.ARM.Collect$$_printf_percent$$00000003)
    _printf_e                                0x08000173   Thumb Code     0  _printf_e.o(.ARM.Collect$$_printf_percent$$00000004)
    _printf_g                                0x08000179   Thumb Code     0  _printf_g.o(.ARM.Collect$$_printf_percent$$00000005)
    _printf_a                                0x0800017f   Thumb Code     0  _printf_a.o(.ARM.Collect$$_printf_percent$$00000006)
    _printf_ll                               0x08000185   Thumb Code     0  _printf_ll.o(.ARM.Collect$$_printf_percent$$00000007)
    _printf_i                                0x0800018f   Thumb Code     0  _printf_i.o(.ARM.Collect$$_printf_percent$$00000008)
    _printf_d                                0x08000195   Thumb Code     0  _printf_d.o(.ARM.Collect$$_printf_percent$$00000009)
    _printf_u                                0x0800019b   Thumb Code     0  _printf_u.o(.ARM.Collect$$_printf_percent$$0000000A)
    _printf_o                                0x080001a1   Thumb Code     0  _printf_o.o(.ARM.Collect$$_printf_percent$$0000000B)
    _printf_x                                0x080001a7   Thumb Code     0  _printf_x.o(.ARM.Collect$$_printf_percent$$0000000C)
    _printf_lli                              0x080001ad   Thumb Code     0  _printf_lli.o(.ARM.Collect$$_printf_percent$$0000000D)
    _printf_lld                              0x080001b3   Thumb Code     0  _printf_lld.o(.ARM.Collect$$_printf_percent$$0000000E)
    _printf_llu                              0x080001b9   Thumb Code     0  _printf_llu.o(.ARM.Collect$$_printf_percent$$0000000F)
    _printf_llo                              0x080001bf   Thumb Code     0  _printf_llo.o(.ARM.Collect$$_printf_percent$$00000010)
    _printf_llx                              0x080001c5   Thumb Code     0  _printf_llx.o(.ARM.Collect$$_printf_percent$$00000011)
    _printf_l                                0x080001cb   Thumb Code     0  _printf_l.o(.ARM.Collect$$_printf_percent$$00000012)
    _printf_c                                0x080001d5   Thumb Code     0  _printf_c.o(.ARM.Collect$$_printf_percent$$00000013)
    _printf_s                                0x080001db   Thumb Code     0  _printf_s.o(.ARM.Collect$$_printf_percent$$00000014)
    _printf_lc                               0x080001e1   Thumb Code     0  _printf_lc.o(.ARM.Collect$$_printf_percent$$00000015)
    _printf_ls                               0x080001e7   Thumb Code     0  _printf_ls.o(.ARM.Collect$$_printf_percent$$00000016)
    _printf_percent_end                      0x080001ed   Thumb Code     0  _printf_percent_end.o(.ARM.Collect$$_printf_percent$$00000017)
    __rt_lib_init                            0x080001f1   Thumb Code     0  libinit.o(.ARM.Collect$$libinit$$00000000)
    __rt_lib_init_fp_1                       0x080001f3   Thumb Code     0  libinit2.o(.ARM.Collect$$libinit$$00000002)
    __rt_lib_init_heap_1                     0x080001f3   Thumb Code     0  libinit2.o(.ARM.Collect$$libinit$$0000000A)
    __rt_lib_init_lc_common                  0x080001f3   Thumb Code     0  libinit2.o(.ARM.Collect$$libinit$$0000000F)
    __rt_lib_init_preinit_1                  0x080001f3   Thumb Code     0  libinit2.o(.ARM.Collect$$libinit$$00000004)
    __rt_lib_init_rand_1                     0x080001f3   Thumb Code     0  libinit2.o(.ARM.Collect$$libinit$$0000000E)
    __rt_lib_init_user_alloc_1               0x080001f3   Thumb Code     0  libinit2.o(.ARM.Collect$$libinit$$0000000C)
    __rt_lib_init_lc_collate_1               0x080001f9   Thumb Code     0  libinit2.o(.ARM.Collect$$libinit$$00000011)
    __rt_lib_init_lc_ctype_2                 0x080001f9   Thumb Code     0  libinit2.o(.ARM.Collect$$libinit$$00000012)
    __rt_lib_init_lc_ctype_1                 0x08000205   Thumb Code     0  libinit2.o(.ARM.Collect$$libinit$$00000013)
    __rt_lib_init_lc_monetary_1              0x08000205   Thumb Code     0  libinit2.o(.ARM.Collect$$libinit$$00000015)
    __rt_lib_init_lc_numeric_2               0x08000205   Thumb Code     0  libinit2.o(.ARM.Collect$$libinit$$00000016)
    __rt_lib_init_alloca_1                   0x0800020f   Thumb Code     0  libinit2.o(.ARM.Collect$$libinit$$0000002E)
    __rt_lib_init_argv_1                     0x0800020f   Thumb Code     0  libinit2.o(.ARM.Collect$$libinit$$0000002C)
    __rt_lib_init_atexit_1                   0x0800020f   Thumb Code     0  libinit2.o(.ARM.Collect$$libinit$$0000001B)
    __rt_lib_init_clock_1                    0x0800020f   Thumb Code     0  libinit2.o(.ARM.Collect$$libinit$$00000021)
    __rt_lib_init_cpp_1                      0x0800020f   Thumb Code     0  libinit2.o(.ARM.Collect$$libinit$$00000032)
    __rt_lib_init_exceptions_1               0x0800020f   Thumb Code     0  libinit2.o(.ARM.Collect$$libinit$$00000030)
    __rt_lib_init_fp_trap_1                  0x0800020f   Thumb Code     0  libinit2.o(.ARM.Collect$$libinit$$0000001F)
    __rt_lib_init_getenv_1                   0x0800020f   Thumb Code     0  libinit2.o(.ARM.Collect$$libinit$$00000023)
    __rt_lib_init_lc_numeric_1               0x0800020f   Thumb Code     0  libinit2.o(.ARM.Collect$$libinit$$00000017)
    __rt_lib_init_lc_time_1                  0x0800020f   Thumb Code     0  libinit2.o(.ARM.Collect$$libinit$$00000019)
    __rt_lib_init_return                     0x0800020f   Thumb Code     0  libinit2.o(.ARM.Collect$$libinit$$00000033)
    __rt_lib_init_signal_1                   0x0800020f   Thumb Code     0  libinit2.o(.ARM.Collect$$libinit$$0000001D)
    __rt_lib_init_stdio_1                    0x0800020f   Thumb Code     0  libinit2.o(.ARM.Collect$$libinit$$00000025)
    __rt_lib_shutdown                        0x08000211   Thumb Code     0  libshutdown.o(.ARM.Collect$$libshutdown$$00000000)
    __rt_lib_shutdown_fp_trap_1              0x08000213   Thumb Code     0  libshutdown2.o(.ARM.Collect$$libshutdown$$00000006)
    __rt_lib_shutdown_heap_1                 0x08000213   Thumb Code     0  libshutdown2.o(.ARM.Collect$$libshutdown$$0000000E)
    __rt_lib_shutdown_return                 0x08000213   Thumb Code     0  libshutdown2.o(.ARM.Collect$$libshutdown$$0000000F)
    __rt_lib_shutdown_signal_1               0x08000213   Thumb Code     0  libshutdown2.o(.ARM.Collect$$libshutdown$$00000009)
    __rt_lib_shutdown_stdio_1                0x08000213   Thumb Code     0  libshutdown2.o(.ARM.Collect$$libshutdown$$00000003)
    __rt_lib_shutdown_user_alloc_1           0x08000213   Thumb Code     0  libshutdown2.o(.ARM.Collect$$libshutdown$$0000000B)
    __rt_entry                               0x08000215   Thumb Code     0  __rtentry.o(.ARM.Collect$$rtentry$$00000000)
    __rt_entry_presh_1                       0x08000215   Thumb Code     0  __rtentry2.o(.ARM.Collect$$rtentry$$00000002)
    __rt_entry_sh                            0x08000215   Thumb Code     0  __rtentry4.o(.ARM.Collect$$rtentry$$00000004)
    __rt_entry_li                            0x0800021b   Thumb Code     0  __rtentry2.o(.ARM.Collect$$rtentry$$0000000A)
    __rt_entry_postsh_1                      0x0800021b   Thumb Code     0  __rtentry2.o(.ARM.Collect$$rtentry$$00000009)
    __rt_entry_main                          0x0800021f   Thumb Code     0  __rtentry2.o(.ARM.Collect$$rtentry$$0000000D)
    __rt_entry_postli_1                      0x0800021f   Thumb Code     0  __rtentry2.o(.ARM.Collect$$rtentry$$0000000C)
    __rt_exit                                0x08000227   Thumb Code     0  rtexit.o(.ARM.Collect$$rtexit$$00000000)
    __rt_exit_ls                             0x08000229   Thumb Code     0  rtexit2.o(.ARM.Collect$$rtexit$$00000003)
    __rt_exit_prels_1                        0x08000229   Thumb Code     0  rtexit2.o(.ARM.Collect$$rtexit$$00000002)
    __rt_exit_exit                           0x0800022d   Thumb Code     0  rtexit2.o(.ARM.Collect$$rtexit$$00000004)
    Reset_Handler                            0x08000235   Thumb Code     8  startup_stm32f10x_md.o(.text)
    ADC1_2_IRQHandler                        0x0800024f   Thumb Code     0  startup_stm32f10x_md.o(.text)
    CAN1_RX1_IRQHandler                      0x0800024f   Thumb Code     0  startup_stm32f10x_md.o(.text)
    CAN1_SCE_IRQHandler                      0x0800024f   Thumb Code     0  startup_stm32f10x_md.o(.text)
    DMA1_Channel1_IRQHandler                 0x0800024f   Thumb Code     0  startup_stm32f10x_md.o(.text)
    DMA1_Channel2_IRQHandler                 0x0800024f   Thumb Code     0  startup_stm32f10x_md.o(.text)
    DMA1_Channel3_IRQHandler                 0x0800024f   Thumb Code     0  startup_stm32f10x_md.o(.text)
    DMA1_Channel4_IRQHandler                 0x0800024f   Thumb Code     0  startup_stm32f10x_md.o(.text)
    DMA1_Channel5_IRQHandler                 0x0800024f   Thumb Code     0  startup_stm32f10x_md.o(.text)
    DMA1_Channel6_IRQHandler                 0x0800024f   Thumb Code     0  startup_stm32f10x_md.o(.text)
    DMA1_Channel7_IRQHandler                 0x0800024f   Thumb Code     0  startup_stm32f10x_md.o(.text)
    EXTI0_IRQHandler                         0x0800024f   Thumb Code     0  startup_stm32f10x_md.o(.text)
    EXTI15_10_IRQHandler                     0x0800024f   Thumb Code     0  startup_stm32f10x_md.o(.text)
    EXTI1_IRQHandler                         0x0800024f   Thumb Code     0  startup_stm32f10x_md.o(.text)
    EXTI2_IRQHandler                         0x0800024f   Thumb Code     0  startup_stm32f10x_md.o(.text)
    EXTI3_IRQHandler                         0x0800024f   Thumb Code     0  startup_stm32f10x_md.o(.text)
    EXTI4_IRQHandler                         0x0800024f   Thumb Code     0  startup_stm32f10x_md.o(.text)
    EXTI9_5_IRQHandler                       0x0800024f   Thumb Code     0  startup_stm32f10x_md.o(.text)
    FLASH_IRQHandler                         0x0800024f   Thumb Code     0  startup_stm32f10x_md.o(.text)
    I2C1_ER_IRQHandler                       0x0800024f   Thumb Code     0  startup_stm32f10x_md.o(.text)
    I2C1_EV_IRQHandler                       0x0800024f   Thumb Code     0  startup_stm32f10x_md.o(.text)
    I2C2_ER_IRQHandler                       0x0800024f   Thumb Code     0  startup_stm32f10x_md.o(.text)
    I2C2_EV_IRQHandler                       0x0800024f   Thumb Code     0  startup_stm32f10x_md.o(.text)
    PVD_IRQHandler                           0x0800024f   Thumb Code     0  startup_stm32f10x_md.o(.text)
    RCC_IRQHandler                           0x0800024f   Thumb Code     0  startup_stm32f10x_md.o(.text)
    RTCAlarm_IRQHandler                      0x0800024f   Thumb Code     0  startup_stm32f10x_md.o(.text)
    RTC_IRQHandler                           0x0800024f   Thumb Code     0  startup_stm32f10x_md.o(.text)
    SPI1_IRQHandler                          0x0800024f   Thumb Code     0  startup_stm32f10x_md.o(.text)
    SPI2_IRQHandler                          0x0800024f   Thumb Code     0  startup_stm32f10x_md.o(.text)
    TAMPER_IRQHandler                        0x0800024f   Thumb Code     0  startup_stm32f10x_md.o(.text)
    TIM1_BRK_IRQHandler                      0x0800024f   Thumb Code     0  startup_stm32f10x_md.o(.text)
    TIM1_CC_IRQHandler                       0x0800024f   Thumb Code     0  startup_stm32f10x_md.o(.text)
    TIM1_TRG_COM_IRQHandler                  0x0800024f   Thumb Code     0  startup_stm32f10x_md.o(.text)
    TIM1_UP_IRQHandler                       0x0800024f   Thumb Code     0  startup_stm32f10x_md.o(.text)
    TIM3_IRQHandler                          0x0800024f   Thumb Code     0  startup_stm32f10x_md.o(.text)
    TIM4_IRQHandler                          0x0800024f   Thumb Code     0  startup_stm32f10x_md.o(.text)
    USART1_IRQHandler                        0x0800024f   Thumb Code     0  startup_stm32f10x_md.o(.text)
    USART2_IRQHandler                        0x0800024f   Thumb Code     0  startup_stm32f10x_md.o(.text)
    USART3_IRQHandler                        0x0800024f   Thumb Code     0  startup_stm32f10x_md.o(.text)
    USBWakeUp_IRQHandler                     0x0800024f   Thumb Code     0  startup_stm32f10x_md.o(.text)
    USB_HP_CAN1_TX_IRQHandler                0x0800024f   Thumb Code     0  startup_stm32f10x_md.o(.text)
    USB_LP_CAN1_RX0_IRQHandler               0x0800024f   Thumb Code     0  startup_stm32f10x_md.o(.text)
    WWDG_IRQHandler                          0x0800024f   Thumb Code     0  startup_stm32f10x_md.o(.text)
    __user_initial_stackheap                 0x08000251   Thumb Code     0  startup_stm32f10x_md.o(.text)
    vsprintf                                 0x08000275   Thumb Code    32  vsprintf.o(.text)
    __aeabi_memcpy4                          0x08000299   Thumb Code     0  rt_memcpy_w.o(.text)
    __aeabi_memcpy8                          0x08000299   Thumb Code     0  rt_memcpy_w.o(.text)
    __rt_memcpy_w                            0x08000299   Thumb Code   100  rt_memcpy_w.o(.text)
    _memcpy_lastbytes_aligned                0x080002e1   Thumb Code     0  rt_memcpy_w.o(.text)
    strcmp                                   0x080002fd   Thumb Code   128  strcmpv7m.o(.text)
    localtime                                0x0800037d   Thumb Code     6  localtime.o(.text)
    mktime                                   0x080003c7   Thumb Code   352  mktime.o(.text)
    __use_two_region_memory                  0x08000531   Thumb Code     2  heapauxi.o(.text)
    __rt_heap_escrow$2region                 0x08000533   Thumb Code     2  heapauxi.o(.text)
    __rt_heap_expand$2region                 0x08000535   Thumb Code     2  heapauxi.o(.text)
    _printf_pre_padding                      0x08000537   Thumb Code    44  _printf_pad.o(.text)
    _printf_post_padding                     0x08000563   Thumb Code    34  _printf_pad.o(.text)
    _printf_truncate_signed                  0x08000585   Thumb Code    18  _printf_truncate.o(.text)
    _printf_truncate_unsigned                0x08000597   Thumb Code    18  _printf_truncate.o(.text)
    _printf_str                              0x080005a9   Thumb Code    82  _printf_str.o(.text)
    _printf_int_dec                          0x080005fd   Thumb Code   104  _printf_dec.o(.text)
    _printf_charcount                        0x08000675   Thumb Code    40  _printf_charcount.o(.text)
    _printf_char_common                      0x080006a7   Thumb Code    32  _printf_char_common.o(.text)
    _sputc                                   0x080006cd   Thumb Code    10  _sputc.o(.text)
    _printf_wctomb                           0x080006d9   Thumb Code   182  _printf_wctomb.o(.text)
    _printf_longlong_dec                     0x08000795   Thumb Code   108  _printf_longlong_dec.o(.text)
    _printf_longlong_oct                     0x08000811   Thumb Code    68  _printf_oct_int_ll.o(.text)
    _printf_int_oct                          0x08000855   Thumb Code    24  _printf_oct_int_ll.o(.text)
    _printf_ll_oct                           0x0800086d   Thumb Code    12  _printf_oct_int_ll.o(.text)
    _printf_longlong_hex                     0x08000881   Thumb Code    86  _printf_hex_int_ll_ptr.o(.text)
    _printf_int_hex                          0x080008d7   Thumb Code    28  _printf_hex_int_ll_ptr.o(.text)
    _printf_ll_hex                           0x080008f3   Thumb Code    12  _printf_hex_int_ll_ptr.o(.text)
    _printf_hex_ptr                          0x080008ff   Thumb Code    18  _printf_hex_int_ll_ptr.o(.text)
    __printf                                 0x08000915   Thumb Code   388  __printf_flags_ss_wp.o(.text)
    _localtime_r                             0x08000a9d   Thumb Code   178  localtime_internal.o(.text)
    _n$localtime_r                           0x08000a9d   Thumb Code     0  localtime_internal.o(.text)
    _ll_udiv10                               0x08000b55   Thumb Code   138  lludiv10.o(.text)
    _printf_int_common                       0x08000bdf   Thumb Code   178  _printf_intcommon.o(.text)
    __lib_sel_fp_printf                      0x08000c91   Thumb Code     2  _printf_fp_dec.o(.text)
    _printf_fp_dec_real                      0x08000e3f   Thumb Code   620  _printf_fp_dec.o(.text)
    _printf_fp_hex_real                      0x080010ad   Thumb Code   754  _printf_fp_hex.o(.text)
    _printf_cs_common                        0x080013a9   Thumb Code    20  _printf_char.o(.text)
    _printf_char                             0x080013bd   Thumb Code    16  _printf_char.o(.text)
    _printf_string                           0x080013cd   Thumb Code     8  _printf_char.o(.text)
    _printf_lcs_common                       0x080013d5   Thumb Code    20  _printf_wchar.o(.text)
    _printf_wchar                            0x080013e9   Thumb Code    16  _printf_wchar.o(.text)
    _printf_wstring                          0x080013f9   Thumb Code     8  _printf_wchar.o(.text)
    _wcrtomb                                 0x08001401   Thumb Code    64  _wcrtomb.o(.text)
    __aeabi_memclr4                          0x08001441   Thumb Code     0  rt_memclr_w.o(.text)
    __aeabi_memclr8                          0x08001441   Thumb Code     0  rt_memclr_w.o(.text)
    __rt_memclr_w                            0x08001441   Thumb Code    78  rt_memclr_w.o(.text)
    _memset_w                                0x08001445   Thumb Code     0  rt_memclr_w.o(.text)
    __user_libspace                          0x08001491   Thumb Code     8  libspace.o(.text)
    __user_perproc_libspace                  0x08001491   Thumb Code     0  libspace.o(.text)
    __user_perthread_libspace                0x08001491   Thumb Code     0  libspace.o(.text)
    __user_setup_stackheap                   0x08001499   Thumb Code    74  sys_stackheap_outer.o(.text)
    __rt_ctype_table                         0x080014e5   Thumb Code    16  rt_ctype_table.o(.text)
    __rt_locale                              0x080014f5   Thumb Code     8  rt_locale_intlibspace.o(.text)
    _printf_fp_infnan                        0x080014fd   Thumb Code   112  _printf_fp_infnan.o(.text)
    _btod_etento                             0x0800157d   Thumb Code   216  bigflt0.o(.text)
    exit                                     0x08001659   Thumb Code    12  exit.o(.text)
    _sys_exit                                0x08001665   Thumb Code     8  sys_exit.o(.text)
    __I$use$semihosting                      0x08001671   Thumb Code     0  use_no_semi.o(.text)
    __use_no_semihosting_swi                 0x08001671   Thumb Code     2  use_no_semi.o(.text)
    __semihosting_library_function           0x08001673   Thumb Code     0  indicate_semi.o(.text)
    _btod_d2e                                0x08001673   Thumb Code    62  btod.o(CL$$btod_d2e)
    _d2e_denorm_low                          0x080016b1   Thumb Code    70  btod.o(CL$$btod_d2e_denorm_low)
    _d2e_norm_op1                            0x080016f7   Thumb Code    96  btod.o(CL$$btod_d2e_norm_op1)
    __btod_div_common                        0x08001757   Thumb Code   696  btod.o(CL$$btod_div_common)
    _e2e                                     0x08001a8f   Thumb Code   198  btod.o(CL$$btod_e2e)
    _btod_ediv                               0x08001b55   Thumb Code    40  btod.o(CL$$btod_ediv)
    _btod_emul                               0x08001b7d   Thumb Code    40  btod.o(CL$$btod_emul)
    __btod_mult_common                       0x08001ba5   Thumb Code   580  btod.o(CL$$btod_mult_common)
    BKP_ReadBackupRegister                   0x08001de9   Thumb Code    24  stm32f10x_bkp.o(i.BKP_ReadBackupRegister)
    BKP_WriteBackupRegister                  0x08001e05   Thumb Code    22  stm32f10x_bkp.o(i.BKP_WriteBackupRegister)
    BusFault_Handler                         0x08001e21   Thumb Code     4  stm32f10x_it.o(i.BusFault_Handler)
    Change_RTC_Time                          0x08001e25   Thumb Code    50  settime.o(i.Change_RTC_Time)
    DebugMon_Handler                         0x08001e5d   Thumb Code     2  stm32f10x_it.o(i.DebugMon_Handler)
    Delay_ms                                 0x08001e5f   Thumb Code    24  delay.o(i.Delay_ms)
    Delay_us                                 0x08001e77   Thumb Code    46  delay.o(i.Delay_us)
    First_Page_Clock                         0x08001ea5   Thumb Code   160  menu.o(i.First_Page_Clock)
    GPIO_Init                                0x08001f4d   Thumb Code   278  stm32f10x_gpio.o(i.GPIO_Init)
    GPIO_ReadInputDataBit                    0x08002063   Thumb Code    18  stm32f10x_gpio.o(i.GPIO_ReadInputDataBit)
    GPIO_ResetBits                           0x08002075   Thumb Code     4  stm32f10x_gpio.o(i.GPIO_ResetBits)
    GPIO_SetBits                             0x08002079   Thumb Code     4  stm32f10x_gpio.o(i.GPIO_SetBits)
    GPIO_WriteBit                            0x0800207d   Thumb Code    10  stm32f10x_gpio.o(i.GPIO_WriteBit)
    HardFault_Handler                        0x08002087   Thumb Code     4  stm32f10x_it.o(i.HardFault_Handler)
    Key_GetNum                               0x0800208d   Thumb Code    24  key.o(i.Key_GetNum)
    Key_GetState                             0x080020a9   Thumb Code    48  key.o(i.Key_GetState)
    Key_Init                                 0x080020e1   Thumb Code    60  key.o(i.Key_Init)
    Key_Tick                                 0x08002125   Thumb Code    62  key.o(i.Key_Tick)
    LED                                      0x08002175   Thumb Code   202  menu.o(i.LED)
    LED_Init                                 0x08002249   Thumb Code    48  led.o(i.LED_Init)
    LED_OFF                                  0x0800227d   Thumb Code    14  led.o(i.LED_OFF)
    LED_ON                                   0x08002291   Thumb Code    14  led.o(i.LED_ON)
    MPU6050                                  0x080022a5   Thumb Code    62  menu.o(i.MPU6050)
    MPU6050_Calculation                      0x080022e9   Thumb Code   402  menu.o(i.MPU6050_Calculation)
    MPU6050_GetData                          0x080024c5   Thumb Code   172  mpu6050.o(i.MPU6050_GetData)
    MPU6050_Init                             0x08002571   Thumb Code    56  mpu6050.o(i.MPU6050_Init)
    MPU6050_ReadReg                          0x080025a9   Thumb Code    62  mpu6050.o(i.MPU6050_ReadReg)
    MPU6050_WriteReg                         0x080025e7   Thumb Code    46  mpu6050.o(i.MPU6050_WriteReg)
    MemManage_Handler                        0x08002615   Thumb Code     4  stm32f10x_it.o(i.MemManage_Handler)
    Menu                                     0x08002619   Thumb Code   280  menu.o(i.Menu)
    MenuToFunction                           0x0800273d   Thumb Code   132  menu.o(i.MenuToFunction)
    Menu_Animation                           0x080027cd   Thumb Code   304  menu.o(i.Menu_Animation)
    MyI2C_Init                               0x08002919   Thumb Code    50  myi2c.o(i.MyI2C_Init)
    MyI2C_R_SDA                              0x08002951   Thumb Code    24  myi2c.o(i.MyI2C_R_SDA)
    MyI2C_ReceiveAck                         0x0800296d   Thumb Code    30  myi2c.o(i.MyI2C_ReceiveAck)
    MyI2C_ReceiveByte                        0x0800298b   Thumb Code    50  myi2c.o(i.MyI2C_ReceiveByte)
    MyI2C_SendAck                            0x080029bd   Thumb Code    24  myi2c.o(i.MyI2C_SendAck)
    MyI2C_SendByte                           0x080029d5   Thumb Code    50  myi2c.o(i.MyI2C_SendByte)
    MyI2C_Start                              0x08002a07   Thumb Code    28  myi2c.o(i.MyI2C_Start)
    MyI2C_Stop                               0x08002a23   Thumb Code    22  myi2c.o(i.MyI2C_Stop)
    MyI2C_W_SCL                              0x08002a39   Thumb Code    24  myi2c.o(i.MyI2C_W_SCL)
    MyI2C_W_SDA                              0x08002a55   Thumb Code    24  myi2c.o(i.MyI2C_W_SDA)
    MyRTC_Init                               0x08002a71   Thumb Code   114  myrtc.o(i.MyRTC_Init)
    MyRTC_ReadTime                           0x08002ae5   Thumb Code    80  myrtc.o(i.MyRTC_ReadTime)
    MyRTC_SetTime                            0x08002b39   Thumb Code    82  myrtc.o(i.MyRTC_SetTime)
    NMI_Handler                              0x08002b91   Thumb Code     2  stm32f10x_it.o(i.NMI_Handler)
    NVIC_Init                                0x08002b95   Thumb Code   100  misc.o(i.NVIC_Init)
    NVIC_PriorityGroupConfig                 0x08002c05   Thumb Code    10  misc.o(i.NVIC_PriorityGroupConfig)
    OLED_Clear                               0x08002c19   Thumb Code    36  oled.o(i.OLED_Clear)
    OLED_ClearArea                           0x08002c41   Thumb Code   140  oled.o(i.OLED_ClearArea)
    OLED_GPIO_Init                           0x08002cd1   Thumb Code    92  oled.o(i.OLED_GPIO_Init)
    OLED_I2C_SendByte                        0x08002d31   Thumb Code    62  oled.o(i.OLED_I2C_SendByte)
    OLED_I2C_Start                           0x08002d6f   Thumb Code    28  oled.o(i.OLED_I2C_Start)
    OLED_I2C_Stop                            0x08002d8b   Thumb Code    22  oled.o(i.OLED_I2C_Stop)
    OLED_Init                                0x08002da1   Thumb Code   154  oled.o(i.OLED_Init)
    OLED_Printf                              0x08002e3b   Thumb Code    50  oled.o(i.OLED_Printf)
    OLED_ReverseArea                         0x08002e6d   Thumb Code   140  oled.o(i.OLED_ReverseArea)
    OLED_SetCursor                           0x08002efd   Thumb Code    38  oled.o(i.OLED_SetCursor)
    OLED_ShowChar                            0x08002f25   Thumb Code   108  oled.o(i.OLED_ShowChar)
    OLED_ShowImage                           0x08002f9d   Thumb Code   248  oled.o(i.OLED_ShowImage)
    OLED_ShowString                          0x08003099   Thumb Code   262  oled.o(i.OLED_ShowString)
    OLED_Update                              0x080031a9   Thumb Code    36  oled.o(i.OLED_Update)
    OLED_W_SCL                               0x080031d1   Thumb Code    18  oled.o(i.OLED_W_SCL)
    OLED_W_SDA                               0x080031e9   Thumb Code    18  oled.o(i.OLED_W_SDA)
    OLED_WriteCommand                        0x08003201   Thumb Code    32  oled.o(i.OLED_WriteCommand)
    OLED_WriteData                           0x08003221   Thumb Code    46  oled.o(i.OLED_WriteData)
    PWR_BackupAccessCmd                      0x08003251   Thumb Code     6  stm32f10x_pwr.o(i.PWR_BackupAccessCmd)
    PendSV_Handler                           0x0800325d   Thumb Code     2  stm32f10x_it.o(i.PendSV_Handler)
    Peripheral_Init                          0x0800325f   Thumb Code    20  menu.o(i.Peripheral_Init)
    RCC_APB1PeriphClockCmd                   0x08003275   Thumb Code    26  stm32f10x_rcc.o(i.RCC_APB1PeriphClockCmd)
    RCC_APB2PeriphClockCmd                   0x08003295   Thumb Code    26  stm32f10x_rcc.o(i.RCC_APB2PeriphClockCmd)
    RCC_GetFlagStatus                        0x080032b5   Thumb Code    56  stm32f10x_rcc.o(i.RCC_GetFlagStatus)
    RCC_LSEConfig                            0x080032f1   Thumb Code    46  stm32f10x_rcc.o(i.RCC_LSEConfig)
    RCC_RTCCLKCmd                            0x08003325   Thumb Code     6  stm32f10x_rcc.o(i.RCC_RTCCLKCmd)
    RCC_RTCCLKConfig                         0x08003331   Thumb Code    12  stm32f10x_rcc.o(i.RCC_RTCCLKConfig)
    RTC_EnterConfigMode                      0x08003341   Thumb Code    14  stm32f10x_rtc.o(i.RTC_EnterConfigMode)
    RTC_ExitConfigMode                       0x08003355   Thumb Code    16  stm32f10x_rtc.o(i.RTC_ExitConfigMode)
    RTC_GetCounter                           0x08003369   Thumb Code    16  stm32f10x_rtc.o(i.RTC_GetCounter)
    RTC_SetCounter                           0x0800337d   Thumb Code    24  stm32f10x_rtc.o(i.RTC_SetCounter)
    RTC_SetPrescaler                         0x08003399   Thumb Code    26  stm32f10x_rtc.o(i.RTC_SetPrescaler)
    RTC_WaitForLastTask                      0x080033b9   Thumb Code    16  stm32f10x_rtc.o(i.RTC_WaitForLastTask)
    RTC_WaitForSynchro                       0x080033cd   Thumb Code    30  stm32f10x_rtc.o(i.RTC_WaitForSynchro)
    SVC_Handler                              0x080033f1   Thumb Code     2  stm32f10x_it.o(i.SVC_Handler)
    SetDay                                   0x080033f5   Thumb Code   120  settime.o(i.SetDay)
    SetHour                                  0x08003475   Thumb Code   122  settime.o(i.SetHour)
    SetMin                                   0x080034f9   Thumb Code   122  settime.o(i.SetMin)
    SetMonth                                 0x0800357d   Thumb Code   122  settime.o(i.SetMonth)
    SetSec                                   0x08003601   Thumb Code   122  settime.o(i.SetSec)
    SetTime                                  0x0800376d   Thumb Code   354  settime.o(i.SetTime)
    SetYear                                  0x080038d9   Thumb Code    82  settime.o(i.SetYear)
    Set_Selection                            0x08003931   Thumb Code    26  menu.o(i.Set_Selection)
    SettingPage                              0x08003955   Thumb Code   176  menu.o(i.SettingPage)
    Show_Clock_UI                            0x08003a0d   Thumb Code   104  menu.o(i.Show_Clock_UI)
    Show_LED_UI                              0x08003aa5   Thumb Code    44  menu.o(i.Show_LED_UI)
    Show_MPU6050_UI                          0x08003add   Thumb Code    92  menu.o(i.Show_MPU6050_UI)
    Show_SetTime_FirstUI                     0x08003b6d   Thumb Code    80  settime.o(i.Show_SetTime_FirstUI)
    Show_SetTime_SecondUI                    0x08003bdd   Thumb Code    64  settime.o(i.Show_SetTime_SecondUI)
    Show_SettingPage_UI                      0x08003c39   Thumb Code    32  menu.o(i.Show_SettingPage_UI)
    Show_StopWatch_UI                        0x08003c6d   Thumb Code    86  menu.o(i.Show_StopWatch_UI)
    StopWatch                                0x08003cfd   Thumb Code   250  menu.o(i.StopWatch)
    StopWatch_Tick                           0x08003e11   Thumb Code   100  menu.o(i.StopWatch_Tick)
    SysTick_Handler                          0x08003e89   Thumb Code     2  stm32f10x_it.o(i.SysTick_Handler)
    SystemInit                               0x08003e8d   Thumb Code    78  system_stm32f10x.o(i.SystemInit)
    TIM2_IRQHandler                          0x08003eed   Thumb Code    32  main.o(i.TIM2_IRQHandler)
    TIM_ClearFlag                            0x08003f0d   Thumb Code     6  stm32f10x_tim.o(i.TIM_ClearFlag)
    TIM_ClearITPendingBit                    0x08003f13   Thumb Code     6  stm32f10x_tim.o(i.TIM_ClearITPendingBit)
    TIM_Cmd                                  0x08003f19   Thumb Code    24  stm32f10x_tim.o(i.TIM_Cmd)
    TIM_GetITStatus                          0x08003f31   Thumb Code    34  stm32f10x_tim.o(i.TIM_GetITStatus)
    TIM_ITConfig                             0x08003f53   Thumb Code    18  stm32f10x_tim.o(i.TIM_ITConfig)
    TIM_InternalClockConfig                  0x08003f65   Thumb Code    12  stm32f10x_tim.o(i.TIM_InternalClockConfig)
    TIM_TimeBaseInit                         0x08003f71   Thumb Code   122  stm32f10x_tim.o(i.TIM_TimeBaseInit)
    Timer_Init                               0x08004015   Thumb Code   124  timer.o(i.Timer_Init)
    UsageFault_Handler                       0x08004091   Thumb Code     4  stm32f10x_it.o(i.UsageFault_Handler)
    __ARM_fpclassify                         0x08004095   Thumb Code    40  fpclassify.o(i.__ARM_fpclassify)
    __kernel_poly                            0x080040bd   Thumb Code   170  poly.o(i.__kernel_poly)
    __mathlib_dbl_infnan                     0x08004167   Thumb Code     6  dunder.o(i.__mathlib_dbl_infnan)
    __mathlib_dbl_infnan2                    0x0800416d   Thumb Code     4  dunder.o(i.__mathlib_dbl_infnan2)
    __mathlib_dbl_underflow                  0x08004171   Thumb Code    10  dunder.o(i.__mathlib_dbl_underflow)
    _is_digit                                0x08004181   Thumb Code    14  __printf_wp.o(i._is_digit)
    atan                                     0x08004191   Thumb Code   474  atan.o(i.atan)
    atan2                                    0x080043b1   Thumb Code   346  atan2.o(i.atan2)
    main                                     0x08004531   Thumb Code    44  main.o(i.main)
    _get_lc_numeric                          0x0800455d   Thumb Code    44  lc_numeric_c.o(locale$$code)
    _get_lc_ctype                            0x08004589   Thumb Code    44  lc_ctype_c.o(locale$$code)
    __aeabi_d2f                              0x080045b5   Thumb Code     0  d2f.o(x$fpl$d2f)
    _d2f                                     0x080045b5   Thumb Code    98  d2f.o(x$fpl$d2f)
    __aeabi_dadd                             0x08004619   Thumb Code     0  daddsub_clz.o(x$fpl$dadd)
    _dadd                                    0x08004619   Thumb Code   332  daddsub_clz.o(x$fpl$dadd)
    __fpl_dcheck_NaN1                        0x08004769   Thumb Code    10  dcheck1.o(x$fpl$dcheck1)
    __aeabi_ddiv                             0x08004779   Thumb Code     0  ddiv.o(x$fpl$ddiv)
    _ddiv                                    0x08004779   Thumb Code   552  ddiv.o(x$fpl$ddiv)
    __aeabi_i2d                              0x08004a29   Thumb Code     0  dflt_clz.o(x$fpl$dflt)
    _dflt                                    0x08004a29   Thumb Code    46  dflt_clz.o(x$fpl$dflt)
    __aeabi_dmul                             0x08004a59   Thumb Code     0  dmul.o(x$fpl$dmul)
    _dmul                                    0x08004a59   Thumb Code   332  dmul.o(x$fpl$dmul)
    __fpl_dnaninf                            0x08004bad   Thumb Code   156  dnaninf.o(x$fpl$dnaninf)
    __fpl_dretinf                            0x08004c49   Thumb Code    12  dretinf.o(x$fpl$dretinf)
    __aeabi_drsub                            0x08004c55   Thumb Code     0  daddsub_clz.o(x$fpl$drsb)
    _drsb                                    0x08004c55   Thumb Code    22  daddsub_clz.o(x$fpl$drsb)
    __aeabi_dsub                             0x08004c6d   Thumb Code     0  daddsub_clz.o(x$fpl$dsub)
    _dsub                                    0x08004c6d   Thumb Code   464  daddsub_clz.o(x$fpl$dsub)
    __aeabi_f2d                              0x08004e41   Thumb Code     0  f2d.o(x$fpl$f2d)
    _f2d                                     0x08004e41   Thumb Code    86  f2d.o(x$fpl$f2d)
    __aeabi_fadd                             0x08004e99   Thumb Code     0  faddsub_clz.o(x$fpl$fadd)
    _fadd                                    0x08004e99   Thumb Code   196  faddsub_clz.o(x$fpl$fadd)
    __aeabi_i2f                              0x08004f5d   Thumb Code     0  fflt_clz.o(x$fpl$fflt)
    _fflt                                    0x08004f5d   Thumb Code    48  fflt_clz.o(x$fpl$fflt)
    __aeabi_fmul                             0x08004f8d   Thumb Code     0  fmul.o(x$fpl$fmul)
    _fmul                                    0x08004f8d   Thumb Code   258  fmul.o(x$fpl$fmul)
    __fpl_fnaninf                            0x0800508f   Thumb Code   140  fnaninf.o(x$fpl$fnaninf)
    __fpl_fretinf                            0x0800511b   Thumb Code    10  fretinf.o(x$fpl$fretinf)
    __aeabi_fsub                             0x08005125   Thumb Code     0  faddsub_clz.o(x$fpl$fsub)
    _fsub                                    0x08005125   Thumb Code   234  faddsub_clz.o(x$fpl$fsub)
    _printf_fp_dec                           0x0800520f   Thumb Code     4  printf1.o(x$fpl$printf1)
    _printf_fp_hex                           0x08005213   Thumb Code     4  printf2.o(x$fpl$printf2)
    __fpl_return_NaN                         0x08005217   Thumb Code   100  retnan.o(x$fpl$retnan)
    __ARM_scalbn                             0x0800527b   Thumb Code    92  scalbn.o(x$fpl$scalbn)
    __fpl_cmpreturn                          0x080052d7   Thumb Code    48  trapv.o(x$fpl$trapveneer)
    OLED_F8x16                               0x08005306   Data        1520  oled_data.o(.constdata)
    __I$use$fp                               0x08005306   Number         0  usenofp.o(x$fpl$usenofp)
    OLED_F6x8                                0x080058f6   Data         570  oled_data.o(.constdata)
    OLED_F12x24                              0x08005b30   Data        3420  oled_data.o(.constdata)
    OLED_CF16x16                             0x0800688c   Data         910  oled_data.o(.constdata)
    Diode                                    0x08006c1a   Data          32  oled_data.o(.constdata)
    Return                                   0x08006c3a   Data          32  oled_data.o(.constdata)
    Menu_Graph                               0x08006c5a   Data        1024  oled_data.o(.constdata)
    Frame                                    0x0800705a   Data         264  oled_data.o(.constdata)
    _monlen                                  0x080071a5   Data          12  _monlen.o(.constdata)
    __mathlib_zero                           0x08007250   Data           8  qnan.o(.constdata)
    Region$$Table$$Base                      0x08007314   Number         0  anon$$obj.o(Region$$Table)
    Region$$Table$$Limit                     0x08007334   Number         0  anon$$obj.o(Region$$Table)
    __ctype                                  0x0800735d   Data           0  lc_ctype_c.o(locale$$data)
    MyRTC_Time                               0x20000000   Data          12  myrtc.o(.data)
    KeyNum                                   0x20000010   Data           1  menu.o(.data)
    clkflag                                  0x20000014   Data           4  menu.o(.data)
    setflag                                  0x20000018   Data           4  menu.o(.data)
    pre_selection                            0x2000001c   Data           1  menu.o(.data)
    target_selection                         0x2000001d   Data           1  menu.o(.data)
    x_pre                                    0x2000001e   Data           1  menu.o(.data)
    Speed                                    0x2000001f   Data           1  menu.o(.data)
    move_flag                                0x20000020   Data           1  menu.o(.data)
    menu_flag                                0x20000021   Data           1  menu.o(.data)
    hour                                     0x20000022   Data           1  menu.o(.data)
    min                                      0x20000023   Data           1  menu.o(.data)
    sec                                      0x20000024   Data           1  menu.o(.data)
    start_timing_flag                        0x20000025   Data           1  menu.o(.data)
    stopwatch_flag                           0x20000026   Data           1  menu.o(.data)
    led_flag                                 0x20000027   Data           1  menu.o(.data)
    ax                                       0x20000028   Data           2  menu.o(.data)
    ay                                       0x2000002a   Data           2  menu.o(.data)
    az                                       0x2000002c   Data           2  menu.o(.data)
    gx                                       0x2000002e   Data           2  menu.o(.data)
    gy                                       0x20000030   Data           2  menu.o(.data)
    gz                                       0x20000032   Data           2  menu.o(.data)
    roll_g                                   0x20000034   Data           4  menu.o(.data)
    pitch_g                                  0x20000038   Data           4  menu.o(.data)
    yaw_g                                    0x2000003c   Data           4  menu.o(.data)
    roll_a                                   0x20000040   Data           4  menu.o(.data)
    pitch_a                                  0x20000044   Data           4  menu.o(.data)
    Roll                                     0x20000048   Data           4  menu.o(.data)
    Pitch                                    0x2000004c   Data           4  menu.o(.data)
    Yaw                                      0x20000050   Data           4  menu.o(.data)
    a                                        0x20000054   Data           4  menu.o(.data)
    Delta_t                                  0x20000058   Data           4  menu.o(.data)
    pi                                       0x20000060   Data           8  menu.o(.data)
    Key_Num                                  0x2000006a   Data           1  key.o(.data)
    set_time_flag                            0x20000070   Data           4  settime.o(.data)
    OLED_DisplayBuf                          0x20000074   Data        1024  oled.o(.bss)
    __libspace_start                         0x200004a0   Data          96  libspace.o(.bss)
    __temporary_stack_top$libspace           0x20000500   Data           0  libspace.o(.bss)



==============================================================================

Memory Map of the image

  Image Entry point : 0x080000ed

  Load Region LR_IROM1 (Base: 0x08000000, Size: 0x000074d4, Max: 0x00010000, ABSOLUTE)

    Execution Region ER_IROM1 (Base: 0x08000000, Size: 0x00007460, Max: 0x00010000, ABSOLUTE)

    Base Addr    Size         Type   Attr      Idx    E Section Name        Object

    0x08000000   0x000000ec   Data   RO            3    RESET               startup_stm32f10x_md.o
    0x080000ec   0x00000008   Code   RO         4000  * !!!main             c_w.l(__main.o)
    0x080000f4   0x00000034   Code   RO         4439    !!!scatter          c_w.l(__scatter.o)
    0x08000128   0x0000001a   Code   RO         4441    !!handler_copy      c_w.l(__scatter_copy.o)
    0x08000142   0x00000002   PAD
    0x08000144   0x0000001c   Code   RO         4443    !!handler_zi        c_w.l(__scatter_zi.o)
    0x08000160   0x00000000   Code   RO         4146    .ARM.Collect$$_printf_percent$$00000000  c_w.l(_printf_percent.o)
    0x08000160   0x00000006   Code   RO         4135    .ARM.Collect$$_printf_percent$$00000001  c_w.l(_printf_n.o)
    0x08000166   0x00000006   Code   RO         4137    .ARM.Collect$$_printf_percent$$00000002  c_w.l(_printf_p.o)
    0x0800016c   0x00000006   Code   RO         4142    .ARM.Collect$$_printf_percent$$00000003  c_w.l(_printf_f.o)
    0x08000172   0x00000006   Code   RO         4143    .ARM.Collect$$_printf_percent$$00000004  c_w.l(_printf_e.o)
    0x08000178   0x00000006   Code   RO         4144    .ARM.Collect$$_printf_percent$$00000005  c_w.l(_printf_g.o)
    0x0800017e   0x00000006   Code   RO         4145    .ARM.Collect$$_printf_percent$$00000006  c_w.l(_printf_a.o)
    0x08000184   0x0000000a   Code   RO         4150    .ARM.Collect$$_printf_percent$$00000007  c_w.l(_printf_ll.o)
    0x0800018e   0x00000006   Code   RO         4139    .ARM.Collect$$_printf_percent$$00000008  c_w.l(_printf_i.o)
    0x08000194   0x00000006   Code   RO         4140    .ARM.Collect$$_printf_percent$$00000009  c_w.l(_printf_d.o)
    0x0800019a   0x00000006   Code   RO         4141    .ARM.Collect$$_printf_percent$$0000000A  c_w.l(_printf_u.o)
    0x080001a0   0x00000006   Code   RO         4138    .ARM.Collect$$_printf_percent$$0000000B  c_w.l(_printf_o.o)
    0x080001a6   0x00000006   Code   RO         4136    .ARM.Collect$$_printf_percent$$0000000C  c_w.l(_printf_x.o)
    0x080001ac   0x00000006   Code   RO         4147    .ARM.Collect$$_printf_percent$$0000000D  c_w.l(_printf_lli.o)
    0x080001b2   0x00000006   Code   RO         4148    .ARM.Collect$$_printf_percent$$0000000E  c_w.l(_printf_lld.o)
    0x080001b8   0x00000006   Code   RO         4149    .ARM.Collect$$_printf_percent$$0000000F  c_w.l(_printf_llu.o)
    0x080001be   0x00000006   Code   RO         4154    .ARM.Collect$$_printf_percent$$00000010  c_w.l(_printf_llo.o)
    0x080001c4   0x00000006   Code   RO         4155    .ARM.Collect$$_printf_percent$$00000011  c_w.l(_printf_llx.o)
    0x080001ca   0x0000000a   Code   RO         4151    .ARM.Collect$$_printf_percent$$00000012  c_w.l(_printf_l.o)
    0x080001d4   0x00000006   Code   RO         4133    .ARM.Collect$$_printf_percent$$00000013  c_w.l(_printf_c.o)
    0x080001da   0x00000006   Code   RO         4134    .ARM.Collect$$_printf_percent$$00000014  c_w.l(_printf_s.o)
    0x080001e0   0x00000006   Code   RO         4152    .ARM.Collect$$_printf_percent$$00000015  c_w.l(_printf_lc.o)
    0x080001e6   0x00000006   Code   RO         4153    .ARM.Collect$$_printf_percent$$00000016  c_w.l(_printf_ls.o)
    0x080001ec   0x00000004   Code   RO         4242    .ARM.Collect$$_printf_percent$$00000017  c_w.l(_printf_percent_end.o)
    0x080001f0   0x00000002   Code   RO         4302    .ARM.Collect$$libinit$$00000000  c_w.l(libinit.o)
    0x080001f2   0x00000000   Code   RO         4313    .ARM.Collect$$libinit$$00000002  c_w.l(libinit2.o)
    0x080001f2   0x00000000   Code   RO         4315    .ARM.Collect$$libinit$$00000004  c_w.l(libinit2.o)
    0x080001f2   0x00000000   Code   RO         4318    .ARM.Collect$$libinit$$0000000A  c_w.l(libinit2.o)
    0x080001f2   0x00000000   Code   RO         4320    .ARM.Collect$$libinit$$0000000C  c_w.l(libinit2.o)
    0x080001f2   0x00000000   Code   RO         4322    .ARM.Collect$$libinit$$0000000E  c_w.l(libinit2.o)
    0x080001f2   0x00000006   Code   RO         4323    .ARM.Collect$$libinit$$0000000F  c_w.l(libinit2.o)
    0x080001f8   0x00000000   Code   RO         4325    .ARM.Collect$$libinit$$00000011  c_w.l(libinit2.o)
    0x080001f8   0x0000000c   Code   RO         4326    .ARM.Collect$$libinit$$00000012  c_w.l(libinit2.o)
    0x08000204   0x00000000   Code   RO         4327    .ARM.Collect$$libinit$$00000013  c_w.l(libinit2.o)
    0x08000204   0x00000000   Code   RO         4329    .ARM.Collect$$libinit$$00000015  c_w.l(libinit2.o)
    0x08000204   0x0000000a   Code   RO         4330    .ARM.Collect$$libinit$$00000016  c_w.l(libinit2.o)
    0x0800020e   0x00000000   Code   RO         4331    .ARM.Collect$$libinit$$00000017  c_w.l(libinit2.o)
    0x0800020e   0x00000000   Code   RO         4333    .ARM.Collect$$libinit$$00000019  c_w.l(libinit2.o)
    0x0800020e   0x00000000   Code   RO         4335    .ARM.Collect$$libinit$$0000001B  c_w.l(libinit2.o)
    0x0800020e   0x00000000   Code   RO         4337    .ARM.Collect$$libinit$$0000001D  c_w.l(libinit2.o)
    0x0800020e   0x00000000   Code   RO         4339    .ARM.Collect$$libinit$$0000001F  c_w.l(libinit2.o)
    0x0800020e   0x00000000   Code   RO         4341    .ARM.Collect$$libinit$$00000021  c_w.l(libinit2.o)
    0x0800020e   0x00000000   Code   RO         4343    .ARM.Collect$$libinit$$00000023  c_w.l(libinit2.o)
    0x0800020e   0x00000000   Code   RO         4345    .ARM.Collect$$libinit$$00000025  c_w.l(libinit2.o)
    0x0800020e   0x00000000   Code   RO         4349    .ARM.Collect$$libinit$$0000002C  c_w.l(libinit2.o)
    0x0800020e   0x00000000   Code   RO         4351    .ARM.Collect$$libinit$$0000002E  c_w.l(libinit2.o)
    0x0800020e   0x00000000   Code   RO         4353    .ARM.Collect$$libinit$$00000030  c_w.l(libinit2.o)
    0x0800020e   0x00000000   Code   RO         4355    .ARM.Collect$$libinit$$00000032  c_w.l(libinit2.o)
    0x0800020e   0x00000002   Code   RO         4356    .ARM.Collect$$libinit$$00000033  c_w.l(libinit2.o)
    0x08000210   0x00000002   Code   RO         4380    .ARM.Collect$$libshutdown$$00000000  c_w.l(libshutdown.o)
    0x08000212   0x00000000   Code   RO         4394    .ARM.Collect$$libshutdown$$00000003  c_w.l(libshutdown2.o)
    0x08000212   0x00000000   Code   RO         4397    .ARM.Collect$$libshutdown$$00000006  c_w.l(libshutdown2.o)
    0x08000212   0x00000000   Code   RO         4400    .ARM.Collect$$libshutdown$$00000009  c_w.l(libshutdown2.o)
    0x08000212   0x00000000   Code   RO         4402    .ARM.Collect$$libshutdown$$0000000B  c_w.l(libshutdown2.o)
    0x08000212   0x00000000   Code   RO         4405    .ARM.Collect$$libshutdown$$0000000E  c_w.l(libshutdown2.o)
    0x08000212   0x00000002   Code   RO         4406    .ARM.Collect$$libshutdown$$0000000F  c_w.l(libshutdown2.o)
    0x08000214   0x00000000   Code   RO         4062    .ARM.Collect$$rtentry$$00000000  c_w.l(__rtentry.o)
    0x08000214   0x00000000   Code   RO         4208    .ARM.Collect$$rtentry$$00000002  c_w.l(__rtentry2.o)
    0x08000214   0x00000006   Code   RO         4220    .ARM.Collect$$rtentry$$00000004  c_w.l(__rtentry4.o)
    0x0800021a   0x00000000   Code   RO         4210    .ARM.Collect$$rtentry$$00000009  c_w.l(__rtentry2.o)
    0x0800021a   0x00000004   Code   RO         4211    .ARM.Collect$$rtentry$$0000000A  c_w.l(__rtentry2.o)
    0x0800021e   0x00000000   Code   RO         4213    .ARM.Collect$$rtentry$$0000000C  c_w.l(__rtentry2.o)
    0x0800021e   0x00000008   Code   RO         4214    .ARM.Collect$$rtentry$$0000000D  c_w.l(__rtentry2.o)
    0x08000226   0x00000002   Code   RO         4307    .ARM.Collect$$rtexit$$00000000  c_w.l(rtexit.o)
    0x08000228   0x00000000   Code   RO         4360    .ARM.Collect$$rtexit$$00000002  c_w.l(rtexit2.o)
    0x08000228   0x00000004   Code   RO         4361    .ARM.Collect$$rtexit$$00000003  c_w.l(rtexit2.o)
    0x0800022c   0x00000006   Code   RO         4362    .ARM.Collect$$rtexit$$00000004  c_w.l(rtexit2.o)
    0x08000232   0x00000002   PAD
    0x08000234   0x00000040   Code   RO            4    .text               startup_stm32f10x_md.o
    0x08000274   0x00000024   Code   RO         3987    .text               c_w.l(vsprintf.o)
    0x08000298   0x00000064   Code   RO         3989    .text               c_w.l(rt_memcpy_w.o)
    0x080002fc   0x00000080   Code   RO         3991    .text               c_w.l(strcmpv7m.o)
    0x0800037c   0x0000000c   Code   RO         3993    .text               c_w.l(localtime.o)
    0x08000388   0x000001a8   Code   RO         3996    .text               c_w.l(mktime.o)
    0x08000530   0x00000006   Code   RO         3998    .text               c_w.l(heapauxi.o)
    0x08000536   0x0000004e   Code   RO         4067    .text               c_w.l(_printf_pad.o)
    0x08000584   0x00000024   Code   RO         4069    .text               c_w.l(_printf_truncate.o)
    0x080005a8   0x00000052   Code   RO         4071    .text               c_w.l(_printf_str.o)
    0x080005fa   0x00000002   PAD
    0x080005fc   0x00000078   Code   RO         4073    .text               c_w.l(_printf_dec.o)
    0x08000674   0x00000028   Code   RO         4075    .text               c_w.l(_printf_charcount.o)
    0x0800069c   0x00000030   Code   RO         4077    .text               c_w.l(_printf_char_common.o)
    0x080006cc   0x0000000a   Code   RO         4079    .text               c_w.l(_sputc.o)
    0x080006d6   0x00000002   PAD
    0x080006d8   0x000000bc   Code   RO         4081    .text               c_w.l(_printf_wctomb.o)
    0x08000794   0x0000007c   Code   RO         4084    .text               c_w.l(_printf_longlong_dec.o)
    0x08000810   0x00000070   Code   RO         4090    .text               c_w.l(_printf_oct_int_ll.o)
    0x08000880   0x00000094   Code   RO         4110    .text               c_w.l(_printf_hex_int_ll_ptr.o)
    0x08000914   0x00000188   Code   RO         4130    .text               c_w.l(__printf_flags_ss_wp.o)
    0x08000a9c   0x000000b8   Code   RO         4157    .text               c_w.l(localtime_internal.o)
    0x08000b54   0x0000008a   Code   RO         4227    .text               c_w.l(lludiv10.o)
    0x08000bde   0x000000b2   Code   RO         4229    .text               c_w.l(_printf_intcommon.o)
    0x08000c90   0x0000041a   Code   RO         4231    .text               c_w.l(_printf_fp_dec.o)
    0x080010aa   0x00000002   PAD
    0x080010ac   0x000002fc   Code   RO         4233    .text               c_w.l(_printf_fp_hex.o)
    0x080013a8   0x0000002c   Code   RO         4238    .text               c_w.l(_printf_char.o)
    0x080013d4   0x0000002c   Code   RO         4240    .text               c_w.l(_printf_wchar.o)
    0x08001400   0x00000040   Code   RO         4243    .text               c_w.l(_wcrtomb.o)
    0x08001440   0x0000004e   Code   RO         4245    .text               c_w.l(rt_memclr_w.o)
    0x0800148e   0x00000002   PAD
    0x08001490   0x00000008   Code   RO         4253    .text               c_w.l(libspace.o)
    0x08001498   0x0000004a   Code   RO         4256    .text               c_w.l(sys_stackheap_outer.o)
    0x080014e2   0x00000002   PAD
    0x080014e4   0x00000010   Code   RO         4258    .text               c_w.l(rt_ctype_table.o)
    0x080014f4   0x00000008   Code   RO         4263    .text               c_w.l(rt_locale_intlibspace.o)
    0x080014fc   0x00000080   Code   RO         4265    .text               c_w.l(_printf_fp_infnan.o)
    0x0800157c   0x000000dc   Code   RO         4267    .text               c_w.l(bigflt0.o)
    0x08001658   0x0000000c   Code   RO         4295    .text               c_w.l(exit.o)
    0x08001664   0x0000000c   Code   RO         4372    .text               c_w.l(sys_exit.o)
    0x08001670   0x00000002   Code   RO         4383    .text               c_w.l(use_no_semi.o)
    0x08001672   0x00000000   Code   RO         4385    .text               c_w.l(indicate_semi.o)
    0x08001672   0x0000003e   Code   RO         4270    CL$$btod_d2e        c_w.l(btod.o)
    0x080016b0   0x00000046   Code   RO         4272    CL$$btod_d2e_denorm_low  c_w.l(btod.o)
    0x080016f6   0x00000060   Code   RO         4271    CL$$btod_d2e_norm_op1  c_w.l(btod.o)
    0x08001756   0x00000338   Code   RO         4280    CL$$btod_div_common  c_w.l(btod.o)
    0x08001a8e   0x000000c6   Code   RO         4277    CL$$btod_e2e        c_w.l(btod.o)
    0x08001b54   0x00000028   Code   RO         4274    CL$$btod_ediv       c_w.l(btod.o)
    0x08001b7c   0x00000028   Code   RO         4273    CL$$btod_emul       c_w.l(btod.o)
    0x08001ba4   0x00000244   Code   RO         4279    CL$$btod_mult_common  c_w.l(btod.o)
    0x08001de8   0x0000001c   Code   RO          431    i.BKP_ReadBackupRegister  stm32f10x_bkp.o
    0x08001e04   0x0000001c   Code   RO          435    i.BKP_WriteBackupRegister  stm32f10x_bkp.o
    0x08001e20   0x00000004   Code   RO         3922    i.BusFault_Handler  stm32f10x_it.o
    0x08001e24   0x00000038   Code   RO         3710    i.Change_RTC_Time   settime.o
    0x08001e5c   0x00000002   Code   RO         3923    i.DebugMon_Handler  stm32f10x_it.o
    0x08001e5e   0x00000018   Code   RO         3196    i.Delay_ms          delay.o
    0x08001e76   0x0000002e   Code   RO         3198    i.Delay_us          delay.o
    0x08001ea4   0x000000a8   Code   RO         3520    i.First_Page_Clock  menu.o
    0x08001f4c   0x00000116   Code   RO         1347    i.GPIO_Init         stm32f10x_gpio.o
    0x08002062   0x00000012   Code   RO         1351    i.GPIO_ReadInputDataBit  stm32f10x_gpio.o
    0x08002074   0x00000004   Code   RO         1354    i.GPIO_ResetBits    stm32f10x_gpio.o
    0x08002078   0x00000004   Code   RO         1355    i.GPIO_SetBits      stm32f10x_gpio.o
    0x0800207c   0x0000000a   Code   RO         1358    i.GPIO_WriteBit     stm32f10x_gpio.o
    0x08002086   0x00000004   Code   RO         3924    i.HardFault_Handler  stm32f10x_it.o
    0x0800208a   0x00000002   PAD
    0x0800208c   0x0000001c   Code   RO         3653    i.Key_GetNum        key.o
    0x080020a8   0x00000038   Code   RO         3654    i.Key_GetState      key.o
    0x080020e0   0x00000044   Code   RO         3655    i.Key_Init          key.o
    0x08002124   0x00000050   Code   RO         3656    i.Key_Tick          key.o
    0x08002174   0x000000d4   Code   RO         3521    i.LED               menu.o
    0x08002248   0x00000034   Code   RO         3686    i.LED_Init          led.o
    0x0800227c   0x00000014   Code   RO         3687    i.LED_OFF           led.o
    0x08002290   0x00000014   Code   RO         3688    i.LED_ON            led.o
    0x080022a4   0x00000044   Code   RO         3522    i.MPU6050           menu.o
    0x080022e8   0x000001dc   Code   RO         3523    i.MPU6050_Calculation  menu.o
    0x080024c4   0x000000ac   Code   RO         3780    i.MPU6050_GetData   mpu6050.o
    0x08002570   0x00000038   Code   RO         3782    i.MPU6050_Init      mpu6050.o
    0x080025a8   0x0000003e   Code   RO         3783    i.MPU6050_ReadReg   mpu6050.o
    0x080025e6   0x0000002e   Code   RO         3784    i.MPU6050_WriteReg  mpu6050.o
    0x08002614   0x00000004   Code   RO         3925    i.MemManage_Handler  stm32f10x_it.o
    0x08002618   0x00000124   Code   RO         3524    i.Menu              menu.o
    0x0800273c   0x00000090   Code   RO         3525    i.MenuToFunction    menu.o
    0x080027cc   0x0000014c   Code   RO         3526    i.Menu_Animation    menu.o
    0x08002918   0x00000038   Code   RO         3822    i.MyI2C_Init        myi2c.o
    0x08002950   0x0000001c   Code   RO         3823    i.MyI2C_R_SDA       myi2c.o
    0x0800296c   0x0000001e   Code   RO         3824    i.MyI2C_ReceiveAck  myi2c.o
    0x0800298a   0x00000032   Code   RO         3825    i.MyI2C_ReceiveByte  myi2c.o
    0x080029bc   0x00000018   Code   RO         3826    i.MyI2C_SendAck     myi2c.o
    0x080029d4   0x00000032   Code   RO         3827    i.MyI2C_SendByte    myi2c.o
    0x08002a06   0x0000001c   Code   RO         3828    i.MyI2C_Start       myi2c.o
    0x08002a22   0x00000016   Code   RO         3829    i.MyI2C_Stop        myi2c.o
    0x08002a38   0x0000001c   Code   RO         3830    i.MyI2C_W_SCL       myi2c.o
    0x08002a54   0x0000001c   Code   RO         3831    i.MyI2C_W_SDA       myi2c.o
    0x08002a70   0x00000072   Code   RO         3220    i.MyRTC_Init        myrtc.o
    0x08002ae2   0x00000002   PAD
    0x08002ae4   0x00000054   Code   RO         3221    i.MyRTC_ReadTime    myrtc.o
    0x08002b38   0x00000058   Code   RO         3222    i.MyRTC_SetTime     myrtc.o
    0x08002b90   0x00000002   Code   RO         3926    i.NMI_Handler       stm32f10x_it.o
    0x08002b92   0x00000002   PAD
    0x08002b94   0x00000070   Code   RO          137    i.NVIC_Init         misc.o
    0x08002c04   0x00000014   Code   RO          138    i.NVIC_PriorityGroupConfig  misc.o
    0x08002c18   0x00000028   Code   RO         3262    i.OLED_Clear        oled.o
    0x08002c40   0x00000090   Code   RO         3263    i.OLED_ClearArea    oled.o
    0x08002cd0   0x00000060   Code   RO         3271    i.OLED_GPIO_Init    oled.o
    0x08002d30   0x0000003e   Code   RO         3273    i.OLED_I2C_SendByte  oled.o
    0x08002d6e   0x0000001c   Code   RO         3274    i.OLED_I2C_Start    oled.o
    0x08002d8a   0x00000016   Code   RO         3275    i.OLED_I2C_Stop     oled.o
    0x08002da0   0x0000009a   Code   RO         3276    i.OLED_Init         oled.o
    0x08002e3a   0x00000032   Code   RO         3279    i.OLED_Printf       oled.o
    0x08002e6c   0x00000090   Code   RO         3281    i.OLED_ReverseArea  oled.o
    0x08002efc   0x00000026   Code   RO         3282    i.OLED_SetCursor    oled.o
    0x08002f22   0x00000002   PAD
    0x08002f24   0x00000078   Code   RO         3284    i.OLED_ShowChar     oled.o
    0x08002f9c   0x000000fc   Code   RO         3287    i.OLED_ShowImage    oled.o
    0x08003098   0x00000110   Code   RO         3290    i.OLED_ShowString   oled.o
    0x080031a8   0x00000028   Code   RO         3291    i.OLED_Update       oled.o
    0x080031d0   0x00000018   Code   RO         3293    i.OLED_W_SCL        oled.o
    0x080031e8   0x00000018   Code   RO         3294    i.OLED_W_SDA        oled.o
    0x08003200   0x00000020   Code   RO         3295    i.OLED_WriteCommand  oled.o
    0x08003220   0x0000002e   Code   RO         3296    i.OLED_WriteData    oled.o
    0x0800324e   0x00000002   PAD
    0x08003250   0x0000000c   Code   RO         1710    i.PWR_BackupAccessCmd  stm32f10x_pwr.o
    0x0800325c   0x00000002   Code   RO         3927    i.PendSV_Handler    stm32f10x_it.o
    0x0800325e   0x00000014   Code   RO         3527    i.Peripheral_Init   menu.o
    0x08003272   0x00000002   PAD
    0x08003274   0x00000020   Code   RO         1775    i.RCC_APB1PeriphClockCmd  stm32f10x_rcc.o
    0x08003294   0x00000020   Code   RO         1777    i.RCC_APB2PeriphClockCmd  stm32f10x_rcc.o
    0x080032b4   0x0000003c   Code   RO         1786    i.RCC_GetFlagStatus  stm32f10x_rcc.o
    0x080032f0   0x00000034   Code   RO         1793    i.RCC_LSEConfig     stm32f10x_rcc.o
    0x08003324   0x0000000c   Code   RO         1800    i.RCC_RTCCLKCmd     stm32f10x_rcc.o
    0x08003330   0x00000010   Code   RO         1801    i.RCC_RTCCLKConfig  stm32f10x_rcc.o
    0x08003340   0x00000014   Code   RO         1978    i.RTC_EnterConfigMode  stm32f10x_rtc.o
    0x08003354   0x00000014   Code   RO         1979    i.RTC_ExitConfigMode  stm32f10x_rtc.o
    0x08003368   0x00000014   Code   RO         1980    i.RTC_GetCounter    stm32f10x_rtc.o
    0x0800337c   0x0000001c   Code   RO         1986    i.RTC_SetCounter    stm32f10x_rtc.o
    0x08003398   0x00000020   Code   RO         1987    i.RTC_SetPrescaler  stm32f10x_rtc.o
    0x080033b8   0x00000014   Code   RO         1988    i.RTC_WaitForLastTask  stm32f10x_rtc.o
    0x080033cc   0x00000024   Code   RO         1989    i.RTC_WaitForSynchro  stm32f10x_rtc.o
    0x080033f0   0x00000002   Code   RO         3928    i.SVC_Handler       stm32f10x_it.o
    0x080033f2   0x00000002   PAD
    0x080033f4   0x00000080   Code   RO         3711    i.SetDay            settime.o
    0x08003474   0x00000084   Code   RO         3712    i.SetHour           settime.o
    0x080034f8   0x00000084   Code   RO         3713    i.SetMin            settime.o
    0x0800357c   0x00000084   Code   RO         3714    i.SetMonth          settime.o
    0x08003600   0x00000084   Code   RO         3715    i.SetSec            settime.o
    0x08003684   0x00000008   Code   RO           24    i.SetSysClock       system_stm32f10x.o
    0x0800368c   0x000000e0   Code   RO           25    i.SetSysClockTo72   system_stm32f10x.o
    0x0800376c   0x0000016c   Code   RO         3716    i.SetTime           settime.o
    0x080038d8   0x00000058   Code   RO         3717    i.SetYear           settime.o
    0x08003930   0x00000024   Code   RO         3528    i.Set_Selection     menu.o
    0x08003954   0x000000b8   Code   RO         3529    i.SettingPage       menu.o
    0x08003a0c   0x00000098   Code   RO         3530    i.Show_Clock_UI     menu.o
    0x08003aa4   0x00000038   Code   RO         3531    i.Show_LED_UI       menu.o
    0x08003adc   0x00000090   Code   RO         3532    i.Show_MPU6050_UI   menu.o
    0x08003b6c   0x00000070   Code   RO         3718    i.Show_SetTime_FirstUI  settime.o
    0x08003bdc   0x0000005c   Code   RO         3719    i.Show_SetTime_SecondUI  settime.o
    0x08003c38   0x00000034   Code   RO         3533    i.Show_SettingPage_UI  menu.o
    0x08003c6c   0x00000090   Code   RO         3534    i.Show_StopWatch_UI  menu.o
    0x08003cfc   0x00000114   Code   RO         3535    i.StopWatch         menu.o
    0x08003e10   0x00000078   Code   RO         3536    i.StopWatch_Tick    menu.o
    0x08003e88   0x00000002   Code   RO         3929    i.SysTick_Handler   stm32f10x_it.o
    0x08003e8a   0x00000002   PAD
    0x08003e8c   0x00000060   Code   RO           27    i.SystemInit        system_stm32f10x.o
    0x08003eec   0x00000020   Code   RO         3888    i.TIM2_IRQHandler   main.o
    0x08003f0c   0x00000006   Code   RO         2415    i.TIM_ClearFlag     stm32f10x_tim.o
    0x08003f12   0x00000006   Code   RO         2416    i.TIM_ClearITPendingBit  stm32f10x_tim.o
    0x08003f18   0x00000018   Code   RO         2421    i.TIM_Cmd           stm32f10x_tim.o
    0x08003f30   0x00000022   Code   RO         2442    i.TIM_GetITStatus   stm32f10x_tim.o
    0x08003f52   0x00000012   Code   RO         2446    i.TIM_ITConfig      stm32f10x_tim.o
    0x08003f64   0x0000000c   Code   RO         2448    i.TIM_InternalClockConfig  stm32f10x_tim.o
    0x08003f70   0x000000a4   Code   RO         2492    i.TIM_TimeBaseInit  stm32f10x_tim.o
    0x08004014   0x0000007c   Code   RO         3250    i.Timer_Init        timer.o
    0x08004090   0x00000004   Code   RO         3930    i.UsageFault_Handler  stm32f10x_it.o
    0x08004094   0x00000028   Code   RO         4249    i.__ARM_fpclassify  m_ws.l(fpclassify.o)
    0x080040bc   0x000000aa   Code   RO         4251    i.__kernel_poly     m_ws.l(poly.o)
    0x08004166   0x00000006   Code   RO         4193    i.__mathlib_dbl_infnan  m_ws.l(dunder.o)
    0x0800416c   0x00000004   Code   RO         4194    i.__mathlib_dbl_infnan2  m_ws.l(dunder.o)
    0x08004170   0x00000010   Code   RO         4198    i.__mathlib_dbl_underflow  m_ws.l(dunder.o)
    0x08004180   0x0000000e   Code   RO         4123    i._is_digit         c_w.l(__printf_wp.o)
    0x0800418e   0x00000002   PAD
    0x08004190   0x00000220   Code   RO         4183    i.atan              m_ws.l(atan.o)
    0x080043b0   0x00000180   Code   RO         4053    i.atan2             m_ws.l(atan2.o)
    0x08004530   0x0000002c   Code   RO         3889    i.main              main.o
    0x0800455c   0x0000002c   Code   RO         4293    locale$$code        c_w.l(lc_numeric_c.o)
    0x08004588   0x0000002c   Code   RO         4310    locale$$code        c_w.l(lc_ctype_c.o)
    0x080045b4   0x00000062   Code   RO         4002    x$fpl$d2f           fz_ws.l(d2f.o)
    0x08004616   0x00000002   PAD
    0x08004618   0x00000150   Code   RO         4004    x$fpl$dadd          fz_ws.l(daddsub_clz.o)
    0x08004768   0x00000010   Code   RO         4303    x$fpl$dcheck1       fz_ws.l(dcheck1.o)
    0x08004778   0x000002b0   Code   RO         4011    x$fpl$ddiv          fz_ws.l(ddiv.o)
    0x08004a28   0x0000002e   Code   RO         4023    x$fpl$dflt          fz_ws.l(dflt_clz.o)
    0x08004a56   0x00000002   PAD
    0x08004a58   0x00000154   Code   RO         4030    x$fpl$dmul          fz_ws.l(dmul.o)
    0x08004bac   0x0000009c   Code   RO         4161    x$fpl$dnaninf       fz_ws.l(dnaninf.o)
    0x08004c48   0x0000000c   Code   RO         4163    x$fpl$dretinf       fz_ws.l(dretinf.o)
    0x08004c54   0x00000016   Code   RO         4005    x$fpl$drsb          fz_ws.l(daddsub_clz.o)
    0x08004c6a   0x00000002   PAD
    0x08004c6c   0x000001d4   Code   RO         4006    x$fpl$dsub          fz_ws.l(daddsub_clz.o)
    0x08004e40   0x00000056   Code   RO         4034    x$fpl$f2d           fz_ws.l(f2d.o)
    0x08004e96   0x00000002   PAD
    0x08004e98   0x000000c4   Code   RO         4036    x$fpl$fadd          fz_ws.l(faddsub_clz.o)
    0x08004f5c   0x00000030   Code   RO         4043    x$fpl$fflt          fz_ws.l(fflt_clz.o)
    0x08004f8c   0x00000102   Code   RO         4050    x$fpl$fmul          fz_ws.l(fmul.o)
    0x0800508e   0x0000008c   Code   RO         4169    x$fpl$fnaninf       fz_ws.l(fnaninf.o)
    0x0800511a   0x0000000a   Code   RO         4171    x$fpl$fretinf       fz_ws.l(fretinf.o)
    0x08005124   0x000000ea   Code   RO         4038    x$fpl$fsub          fz_ws.l(faddsub_clz.o)
    0x0800520e   0x00000004   Code   RO         4173    x$fpl$printf1       fz_ws.l(printf1.o)
    0x08005212   0x00000004   Code   RO         4175    x$fpl$printf2       fz_ws.l(printf2.o)
    0x08005216   0x00000064   Code   RO         4357    x$fpl$retnan        fz_ws.l(retnan.o)
    0x0800527a   0x0000005c   Code   RO         4247    x$fpl$scalbn        fz_ws.l(scalbn.o)
    0x080052d6   0x00000030   Code   RO         4370    x$fpl$trapveneer    fz_ws.l(trapv.o)
    0x08005306   0x00000000   Code   RO         4181    x$fpl$usenofp       fz_ws.l(usenofp.o)
    0x08005306   0x00001e5c   Data   RO         3508    .constdata          oled_data.o
    0x08007162   0x00000002   PAD
    0x08007164   0x00000008   Data   RO         4082    .constdata          c_w.l(_printf_wctomb.o)
    0x0800716c   0x00000028   Data   RO         4111    .constdata          c_w.l(_printf_hex_int_ll_ptr.o)
    0x08007194   0x00000011   Data   RO         4131    .constdata          c_w.l(__printf_flags_ss_wp.o)
    0x080071a5   0x0000000c   Data   RO         4156    .constdata          c_w.l(_monlen.o)
    0x080071b1   0x00000007   PAD
    0x080071b8   0x00000098   Data   RO         4184    .constdata          m_ws.l(atan.o)
    0x08007250   0x00000008   Data   RO         4206    .constdata          m_ws.l(qnan.o)
    0x08007258   0x00000026   Data   RO         4234    .constdata          c_w.l(_printf_fp_hex.o)
    0x0800727e   0x00000002   PAD
    0x08007280   0x00000094   Data   RO         4268    .constdata          c_w.l(bigflt0.o)
    0x08007314   0x00000020   Data   RO         4437    Region$$Table       anon$$obj.o
    0x08007334   0x0000001c   Data   RO         4292    locale$$data        c_w.l(lc_numeric_c.o)
    0x08007350   0x00000110   Data   RO         4309    locale$$data        c_w.l(lc_ctype_c.o)


    Execution Region RW_IRAM1 (Base: 0x20000000, Size: 0x00000b00, Max: 0x00005000, ABSOLUTE)

    Base Addr    Size         Type   Attr      Idx    E Section Name        Object

    0x20000000   0x0000000c   Data   RW         3223    .data               myrtc.o
    0x2000000c   0x00000004   PAD
    0x20000010   0x0000005a   Data   RW         3537    .data               menu.o
    0x2000006a   0x00000004   Data   RW         3657    .data               key.o
    0x2000006e   0x00000002   PAD
    0x20000070   0x00000004   Data   RW         3720    .data               settime.o
    0x20000074   0x00000400   Zero   RW         3298    .bss                oled.o
    0x20000474   0x0000002c   Zero   RW         3994    .bss                c_w.l(localtime.o)
    0x200004a0   0x00000060   Zero   RW         4254    .bss                c_w.l(libspace.o)
    0x20000500   0x00000200   Zero   RW            2    HEAP                startup_stm32f10x_md.o
    0x20000700   0x00000400   Zero   RW            1    STACK               startup_stm32f10x_md.o


==============================================================================

Image component sizes


      Code (inc. data)   RO Data    RW Data    ZI Data      Debug   Object Name

         0          0          0          0          0       4496   core_cm3.o
        70          0          0          0          0        902   delay.o
       232         38          0          4          0       2184   key.o
        92         16          0          0          0       1278   led.o
        76          0          0          0          0        925   main.o
      2876        404          0         90          0      10190   menu.o
       132         22          0          0          0     204723   misc.o
       336          0          0          0          0       2662   mpu6050.o
       344         18          0          0          0       4758   myi2c.o
       286         10          0         12          0       2979   myrtc.o
      1588         58          0          0       1024      11380   oled.o
         0          0       7772          0          0       1270   oled_data.o
      1368        138          0          4          0       5749   settime.o
        64         26        236          0       1536        812   startup_stm32f10x_md.o
         0          0          0          0          0       1652   stm32f10x_adc.o
        56         10          0          0          0       2055   stm32f10x_bkp.o
       314          0          0          0          0      12276   stm32f10x_gpio.o
        26          0          0          0          0       3694   stm32f10x_it.o
        12          6          0          0          0        470   stm32f10x_pwr.o
       204         32          0          0          0       3105   stm32f10x_rcc.o
       176         34          0          0          0       3219   stm32f10x_rtc.o
       264         42          0          0          0      24568   stm32f10x_tim.o
       328         28          0          0          0      30449   system_stm32f10x.o
       124          0          0          0          0        541   timer.o

    ----------------------------------------------------------------------
      8984        882       8042        116       2560     336337   Object Totals
         0          0         32          0          0          0   (incl. Generated)
        16          0          2          6          0          0   (incl. Padding)

    ----------------------------------------------------------------------

      Code (inc. data)   RO Data    RW Data    ZI Data      Debug   Library Member Name

         8          0          0          0          0         68   __main.o
       392          4         17          0          0         92   __printf_flags_ss_wp.o
        14          0          0          0          0         68   __printf_wp.o
         0          0          0          0          0          0   __rtentry.o
        12          0          0          0          0          0   __rtentry2.o
         6          0          0          0          0          0   __rtentry4.o
        52          8          0          0          0          0   __scatter.o
        26          0          0          0          0          0   __scatter_copy.o
        28          0          0          0          0          0   __scatter_zi.o
         0          0         12          0          0          0   _monlen.o
         6          0          0          0          0          0   _printf_a.o
         6          0          0          0          0          0   _printf_c.o
        44          0          0          0          0        108   _printf_char.o
        48          6          0          0          0         96   _printf_char_common.o
        40          0          0          0          0         68   _printf_charcount.o
         6          0          0          0          0          0   _printf_d.o
       120         16          0          0          0         92   _printf_dec.o
         6          0          0          0          0          0   _printf_e.o
         6          0          0          0          0          0   _printf_f.o
      1050          0          0          0          0        216   _printf_fp_dec.o
       764         10         38          0          0        100   _printf_fp_hex.o
       128         16          0          0          0         84   _printf_fp_infnan.o
         6          0          0          0          0          0   _printf_g.o
       148          4         40          0          0        160   _printf_hex_int_ll_ptr.o
         6          0          0          0          0          0   _printf_i.o
       178          0          0          0          0         88   _printf_intcommon.o
        10          0          0          0          0          0   _printf_l.o
         6          0          0          0          0          0   _printf_lc.o
        10          0          0          0          0          0   _printf_ll.o
         6          0          0          0          0          0   _printf_lld.o
         6          0          0          0          0          0   _printf_lli.o
         6          0          0          0          0          0   _printf_llo.o
         6          0          0          0          0          0   _printf_llu.o
         6          0          0          0          0          0   _printf_llx.o
       124         16          0          0          0         92   _printf_longlong_dec.o
         6          0          0          0          0          0   _printf_ls.o
         6          0          0          0          0          0   _printf_n.o
         6          0          0          0          0          0   _printf_o.o
       112          8          0          0          0        124   _printf_oct_int_ll.o
         6          0          0          0          0          0   _printf_p.o
        78          0          0          0          0        108   _printf_pad.o
         0          0          0          0          0          0   _printf_percent.o
         4          0          0          0          0          0   _printf_percent_end.o
         6          0          0          0          0          0   _printf_s.o
        82          0          0          0          0         80   _printf_str.o
        36          0          0          0          0         84   _printf_truncate.o
         6          0          0          0          0          0   _printf_u.o
        44          0          0          0          0        108   _printf_wchar.o
       188          6          8          0          0         92   _printf_wctomb.o
         6          0          0          0          0          0   _printf_x.o
        10          0          0          0          0         68   _sputc.o
        64          0          0          0          0         92   _wcrtomb.o
       220          4        148          0          0         96   bigflt0.o
      1910        128          0          0          0        672   btod.o
        12          0          0          0          0         72   exit.o
         6          0          0          0          0        152   heapauxi.o
         0          0          0          0          0          0   indicate_semi.o
        44         10        272          0          0         76   lc_ctype_c.o
        44         10         28          0          0         76   lc_numeric_c.o
         2          0          0          0          0          0   libinit.o
        30          0          0          0          0          0   libinit2.o
         2          0          0          0          0          0   libshutdown.o
         2          0          0          0          0          0   libshutdown2.o
         8          4          0          0         96         68   libspace.o
       138          0          0          0          0         80   lludiv10.o
        12          6          0          0         44         68   localtime.o
       184          6          0          0          0         80   localtime_internal.o
       424         10          0          0          0        124   mktime.o
        16          4          0          0          0         76   rt_ctype_table.o
         8          4          0          0          0         68   rt_locale_intlibspace.o
        78          0          0          0          0         80   rt_memclr_w.o
       100          0          0          0          0         80   rt_memcpy_w.o
         2          0          0          0          0          0   rtexit.o
        10          0          0          0          0          0   rtexit2.o
       128          0          0          0          0         68   strcmpv7m.o
        12          4          0          0          0         68   sys_exit.o
        74          0          0          0          0         80   sys_stackheap_outer.o
         2          0          0          0          0         68   use_no_semi.o
        36          4          0          0          0         76   vsprintf.o
        98          4          0          0          0         92   d2f.o
       826         16          0          0          0        348   daddsub_clz.o
        16          4          0          0          0         68   dcheck1.o
       688        140          0          0          0        208   ddiv.o
        46          0          0          0          0         68   dflt_clz.o
       340         12          0          0          0        104   dmul.o
       156          4          0          0          0         92   dnaninf.o
        12          0          0          0          0         68   dretinf.o
        86          4          0          0          0         84   f2d.o
       430          8          0          0          0        168   faddsub_clz.o
        48          0          0          0          0         68   fflt_clz.o
       258          4          0          0          0         84   fmul.o
       140          4          0          0          0         84   fnaninf.o
        10          0          0          0          0         68   fretinf.o
         4          0          0          0          0         68   printf1.o
         4          0          0          0          0         68   printf2.o
       100          0          0          0          0         68   retnan.o
        92          0          0          0          0         68   scalbn.o
        48          0          0          0          0         68   trapv.o
         0          0          0          0          0          0   usenofp.o
       544         70        152          0          0        124   atan.o
       384         38          0          0          0        144   atan2.o
        26          6          0          0          0        204   dunder.o
        40          0          0          0          0         68   fpclassify.o
       170          0          0          0          0         96   poly.o
         0          0          8          0          0          0   qnan.o

    ----------------------------------------------------------------------
     12034        602        732          0        140       6896   Library Totals
        24          0          9          0          0          0   (incl. Padding)

    ----------------------------------------------------------------------

      Code (inc. data)   RO Data    RW Data    ZI Data      Debug   Library Name

      7444        288        563          0        140       4316   c_w.l
      3402        200          0          0          0       1944   fz_ws.l
      1164        114        160          0          0        636   m_ws.l

    ----------------------------------------------------------------------
     12034        602        732          0        140       6896   Library Totals

    ----------------------------------------------------------------------

==============================================================================


      Code (inc. data)   RO Data    RW Data    ZI Data      Debug   

     21018       1484       8774        116       2700     333661   Grand Totals
     21018       1484       8774        116       2700     333661   ELF Image Totals
     21018       1484       8774        116          0          0   ROM Totals

==============================================================================

    Total RO  Size (Code + RO Data)                29792 (  29.09kB)
    Total RW  Size (RW Data + ZI Data)              2816 (   2.75kB)
    Total ROM Size (Code + RO Data + RW Data)      29908 (  29.21kB)

==============================================================================

